8 0.000000 5.120000
40 0.000011 11.851852
72 0.000067 11.125127
104 0.000133 16.902539
136 0.000312 16.140237
168 0.000499 19.015970
200 0.000720 22.237665
232 0.000956 26.131983
264 0.001292 28.489191
296 0.001805 28.736106
328 0.002452 28.779148
360 0.003241 28.792002
392 0.004198 28.694878
424 0.005326 28.623742
456 0.006616 28.662188
488 0.008099 28.697716
520 0.009856 28.532468
552 0.011843 28.404392
584 0.013968 28.518184
616 0.016554 28.240292
648 0.019245 28.276804
680 0.022887 27.476788
712 0.025588 28.211984
744 0.029308 28.103451
776 0.033281 28.081065
808 0.037659 28.015227
840 0.043558 27.214160
872 0.047728 27.784674
904 0.052864 27.949473
936 0.058640 27.967997
968 0.065035 27.893923
1000 0.071790 27.858994
1032 0.080385 27.346085
1064 0.086502 27.850226
1096 0.094437 27.881714
1128 0.102924 27.889630
1160 0.112489 27.752050
1192 0.121744 27.823578
1224 0.132799 27.617208
1256 0.143728 27.571376
1288 0.154756 27.613977
1320 0.166760 1.828786
1352 0.178805 3.622303
1384 0.192310 5.236409
1416 0.206041 6.713958
1448 0.221068 8.038661
1480 0.235644 9.287794
1512 0.251460 10.412536
1544 0.267672 11.456664
1576 0.284049 12.441136
1608 0.303527 13.246044
1640 0.322225 0.719850
1672 0.341749 2.219463
1704 0.361493 3.611655
1736 0.381055 4.916928
1768 0.403475 6.104410
1800 0.427558 7.189821
1832 0.448361 8.268494
1864 0.473766 0.143571
1896 0.498271 1.498463
1928 0.522362 2.773095
1960 0.548982 3.960367
1992 0.575869 5.077308
