8 0.000001 2.048000
40 0.000051 2.514735
72 0.000333 2.241057
104 0.000933 2.411801
136 0.002463 2.042181
168 0.004474 2.119781
200 0.007664 2.087628
232 0.012116 2.061337
264 0.018319 2.008804
296 0.027322 1.898394
328 0.038762 1.820753
360 0.053173 1.754866
392 0.070969 1.697543
424 0.096919 1.572965
456 0.117237 1.617552
488 0.145014 1.602801
520 0.178996 1.571072
552 0.217313 1.547966
584 0.262141 1.519612
616 0.309530 1.510322
648 0.360969 1.507596
680 0.420031 1.497184
712 0.486340 1.484329
744 0.559695 1.471627
776 0.638810 1.462997
808 0.724123 1.456973
840 0.818264 1.448687
872 0.920144 1.441198
904 1.030356 1.433996
936 1.149156 1.427179
968 1.275910 1.421791
1000 1.415936 1.412494
1032 1.560586 1.408579
1064 1.711597 1.407516
1096 1.885624 1.396389
1128 2.063536 1.391058
1160 2.249227 1.387940
1192 2.442229 1.386987
1224 2.650251 1.383844
1256 2.883806 1.374146
1288 3.197077 1.336671
1320 3.402354 0.089635
1352 3.820596 0.169525
1384 4.193082 0.240161
1416 4.394571 0.314786
1448 4.775341 0.372138
1480 5.180885 0.422441
1512 5.651010 0.463339
1544 6.193997 0.495097
1576 6.652126 0.531243
1608 6.488353 0.619653
1640 7.041870 0.032939
1672 7.773587 0.097574
1704 7.810364 0.167161
1736 8.704703 0.215242
1768 8.975220 0.274420
1800 9.734081 0.315804
