8 0.000000 5.120000
40 0.000008 16.000000
72 0.000049 15.172683
104 0.000166 13.552578
136 0.000332 15.162483
168 0.000549 17.264271
200 0.000979 16.334865
232 0.001378 18.122296
264 0.002003 18.373103
296 0.002841 18.255903
328 0.003866 18.255330
360 0.005145 18.136443
392 0.006668 18.067544
424 0.008458 18.025214
456 0.010524 18.018854
488 0.012918 17.993307
520 0.015656 17.962531
552 0.018761 17.930643
584 0.022281 17.878454
616 0.026205 17.839990
648 0.030540 17.819226
680 0.035426 17.751432
712 0.040544 17.805277
744 0.046261 17.804664
776 0.052570 17.777597
808 0.059353 17.775513
840 0.066675 17.778978
872 0.074740 17.742924
904 0.083242 17.749665
936 0.092404 17.748786
968 0.102226 17.745729
1000 0.112796 17.731109
1032 0.124467 17.661039
1064 0.136473 17.652513
1096 0.149130 17.656152
1128 0.162437 17.671402
1160 0.177372 17.600243
1192 0.192404 17.605313
1224 0.208423 17.596585
1256 0.228225 17.363437
1288 0.244812 17.456013
1320 0.261690 1.165382
1352 0.281647 2.299636
1384 0.303697 3.315851
1416 0.329784 4.194726
1448 0.348857 5.094026
1480 0.372798 5.870784
1512 0.419831 6.236631
1544 0.421490 7.275675
1576 0.471449 7.495814
1608 0.534295 7.524925
1640 0.522298 0.444101
1672 0.547330 1.385816
1704 0.602332 2.167558
1736 0.608874 3.077185
1768 0.737802 3.338266
1800 1.674233 1.836104
1832 1.723333 2.151221
1864 0.774428 0.087832
1896 1.777512 0.420048
1928 1.787711 0.810287
1960 2.101276 1.034690
1992 2.408762 1.213846
