8 0.000000 2.560000
40 0.000025 5.099602
72 0.000135 5.517339
104 0.000407 5.528946
136 0.000803 6.269049
168 0.001185 8.004105
200 0.001738 9.204395
232 0.002715 9.198989
264 0.004032 9.127536
296 0.005663 9.159222
328 0.007713 9.149675
360 0.010187 9.160000
392 0.013180 9.140768
424 0.016698 9.130057
456 0.020748 9.140176
488 0.025405 9.148893
520 0.030766 9.140539
552 0.036673 9.172726
584 0.043632 9.129866
616 0.050941 9.177083
648 0.059200 9.192555
680 0.068826 9.136986
712 0.079082 9.128328
744 0.090923 9.058851
776 0.102646 9.104875
808 0.115167 9.160847
840 0.128972 9.191183
872 0.144590 9.171517
904 0.160823 9.187284
936 0.178515 9.187167
968 0.197607 9.180225
1000 0.218215 9.165260
1032 0.239770 9.167992
1064 0.262848 9.165371
1096 0.287146 9.169776
1128 0.313241 9.163871
1160 0.339863 9.185448
1192 0.368390 9.194973
1224 0.399389 9.182859
1256 0.432653 9.159224
1288 0.466020 9.170078
1320 0.501493 0.608121
1352 0.538377 1.203032
1384 0.577109 1.744931
1416 0.617587 2.239929
1448 0.660967 2.688617
1480 0.705513 3.102162
1512 0.754087 3.472188
1544 0.802882 3.819526
1576 0.855466 4.130961
1608 0.907366 4.430989
1640 0.973600 0.238243
1672 1.028147 0.737734
1704 1.100012 1.186886
1736 1.151363 1.627304
1768 1.206986 2.040603
1800 1.300450 2.363847
1832 1.387668 2.671582
1864 1.473424 0.046164
1896 1.549502 0.481858
1928 1.634776 0.886091
1960 1.687487 1.288407
1992 1.728719 1.691348
