8 0.000000e+00 0.025103
40 0.000000e+00 2.928503
72 0.000000e+00 9.876463
104 0.000000e+00 16.799462
136 0.000000e+00 21.572608
168 0.000000e+00 26.100727
200 0.000000e+00 28.543819
232 0.000000e+00 30.200235
264 0.000000e+00 29.929435
296 0.000000e+00 31.835105
328 0.000000e+00 32.298587
360 0.000000e+00 32.785150
392 0.000000e+00 33.006562
424 0.000000e+00 33.256689
456 0.000000e+00 33.167929
488 0.000000e+00 32.751406
520 0.000000e+00 31.097358
552 0.000000e+00 34.718488
584 0.000000e+00 36.513941
616 0.000000e+00 34.863557
648 0.000000e+00 33.573668
680 0.000000e+00 37.273654
712 0.000000e+00 32.670109
744 0.000000e+00 32.463674
776 0.000000e+00 32.882656
808 0.000000e+00 37.878441
840 0.000000e+00 36.970781
872 0.000000e+00 37.801769
904 0.000000e+00 37.761441
936 0.000000e+00 37.037264
968 0.000000e+00 38.301056
1000 0.000000e+00 37.699276
1032 0.000000e+00 33.452751
1064 0.000000e+00 33.051045
1096 0.000000e+00 33.388513
1128 0.000000e+00 34.120099
1160 0.000000e+00 34.107896
1192 0.000000e+00 34.578497
1224 0.000000e+00 34.397436
1256 0.000000e+00 35.106188
1288 0.000000e+00 34.812944
1320 0.000000e+00 35.339699
1352 0.000000e+00 35.208121
1384 0.000000e+00 35.563744
1416 0.000000e+00 35.633426
1448 0.000000e+00 35.483362
1480 0.000000e+00 35.162682
1512 0.000000e+00 34.184225
1544 0.000000e+00 34.627045
1576 0.000000e+00 34.615429
1608 0.000000e+00 34.465535
1640 0.000000e+00 35.056617
1672 0.000000e+00 35.062102
1704 0.000000e+00 34.172240
1736 0.000000e+00 35.183185
1768 0.000000e+00 34.776382
1800 0.000000e+00 34.844139
1832 0.000000e+00 35.087123
1864 0.000000e+00 35.330573
1896 0.000000e+00 35.224336
1928 0.000000e+00 35.179434
1960 0.000000e+00 35.222851
1992 0.000000e+00 35.686741
