8 0.000000 2.560000
40 0.000025 5.099602
72 0.000133 5.591730
104 0.000406 5.537111
136 0.000791 6.360192
168 0.001168 8.119233
200 0.001742 9.186955
232 0.002738 9.122712
264 0.004024 9.145457
296 0.005665 9.155342
328 0.007710 9.153473
360 0.010196 9.151824
392 0.013178 9.141808
424 0.016719 9.118480
456 0.020755 9.136829
488 0.025398 9.151379
520 0.030784 9.135194
552 0.036736 9.157095
584 0.043650 9.126080
616 0.050916 9.181661
648 0.059185 9.194885
680 0.068660 9.159103
712 0.078758 9.165939
744 0.089977 9.154155
776 0.101989 9.163491
808 0.115190 9.159026
840 0.129034 9.186816
872 0.144663 9.166896
904 0.161386 9.155245
936 0.178619 9.181854
968 0.197241 9.197255
1000 0.217868 9.179879
1032 0.239755 9.168551
1064 0.263004 9.159924
1096 0.287726 9.151301
1128 0.313589 9.153702
1160 0.340353 9.172210
1192 0.368582 9.190193
1224 0.401830 9.127088
1256 0.433705 9.137014
1288 0.464982 9.190557
1320 0.500383 0.609470
1352 0.537522 1.204946
1384 0.578033 1.742140
1416 0.618871 2.235282
1448 0.661078 2.688165
1480 0.706632 3.097249
1512 0.755157 3.467267
1544 0.801820 3.824585
1576 0.854810 4.134129
1608 0.904355 4.445742
1640 0.965271 0.240299
1672 1.019894 0.743703
1704 1.076164 1.213187
1736 1.143906 1.637913
1768 1.205514 2.043095
1800 1.274419 2.412130
1832 1.339332 2.767999
1864 1.410508 0.048223
1896 1.483659 0.503242
1928 1.565375 0.925375
1960 1.638068 1.327277
1992 1.720584 1.699345
