# Poisson parallel performance sweep
# method Nx Ny P n n/P error total fst transpose comm divide GFLOPS
dealer 32 32 1 961 9.610000e+02 2.734954833e-03 3.110000000e-05 2.825000000e-05 2.250000000e-06 6.500000000e-07 4.000000000e-07 6.180064
dealer 32 32 2 961 4.805000e+02 2.734954833e-03 1.880000000e-05 1.540000000e-05 3.750000000e-06 3.050000000e-06 5.000000000e-07 10.223404
dealer 32 32 4 961 2.402500e+02 2.734954833e-03 1.450000000e-05 8.050000000e-06 6.600000000e-06 6.300000000e-06 1.500000000e-07 13.255172
dealer 32 32 8 961 1.201250e+02 2.734954833e-03 1.370000000e-04 5.600000000e-06 1.325500000e-04 1.321500000e-04 2.500000000e-07 1.402920
dealer 128 128 1 16129 1.612900e+04 1.706940014e-04 6.688500000e-04 6.299500000e-04 3.445000000e-05 6.750000000e-06 4.200000000e-06 6.752067
dealer 128 128 2 16129 8.064500e+03 1.706940014e-04 3.410000000e-04 3.145000000e-04 2.725000000e-05 1.455000000e-05 2.200000000e-06 13.243754
dealer 128 128 4 16129 4.032250e+03 1.706940014e-04 1.781500000e-04 1.528000000e-04 2.695000000e-05 2.050000000e-05 1.500000000e-06 25.350098
dealer 128 128 8 16129 2.016125e+03 1.706940014e-04 2.008000000e-04 8.675000000e-05 1.238500000e-04 1.204500000e-04 1.000000000e-06 22.490637
dealer 512 512 1 261121 2.611210e+05 1.066743593e-05 1.248265000e-02 1.180465000e-02 6.047000000e-04 1.045500000e-04 7.265000000e-05 7.530737
dealer 512 512 2 261121 1.305605e+05 1.066743593e-05 7.282150000e-03 5.959400000e-03 1.287200000e-03 8.476000000e-04 3.535000000e-05 12.908765
dealer 512 512 4 261121 6.528025e+04 1.066743593e-05 3.442150000e-03 3.061850000e-03 3.791500000e-04 2.395500000e-04 2.005000000e-05 27.309548
dealer 512 512 8 261121 3.264012e+04 1.066743593e-05 1.908650000e-03 1.739750000e-03 3.246000000e-04 2.636000000e-04 1.185000000e-05 49.251335
dealer 2048 2048 1 4190209 4.190209e+06 6.667110777e-07 2.567690500e-01 2.374948000e-01 1.795500000e-02 2.247650000e-03 1.317500000e-03 7.180351
dealer 2048 2048 2 4190209 2.095104e+06 6.667110777e-07 1.988660500e-01 1.602545500e-01 4.482460000e-02 2.382330000e-02 8.169000000e-04 9.271024
dealer 2048 2048 4 4190209 1.047552e+06 6.667110777e-07 1.950024500e-01 1.702576500e-01 3.192780000e-02 2.029880000e-02 1.057050000e-03 9.454712
dealer 2048 2048 8 4190209 5.237761e+05 6.667110777e-07 2.121231000e-01 1.524216000e-01 7.973285000e-02 7.156390000e-02 1.750600000e-03 8.691613
crystal 32 32 1 961 9.610000e+02 2.734954833e-03 3.105000000e-05 2.830000000e-05 2.250000000e-06 0.000000000e+00 2.000000000e-07 6.190016
crystal 32 32 2 961 4.805000e+02 2.734954833e-03 1.940000000e-05 1.505000000e-05 4.550000000e-06 2.650000000e-06 2.500000000e-07 9.907216
crystal 32 32 4 961 2.402500e+02 2.734954833e-03 1.325000000e-05 7.950000000e-06 5.500000000e-06 4.100000000e-06 3.000000000e-07 14.505660
crystal 32 32 8 961 1.201250e+02 2.734954833e-03 1.680000000e-05 8.150000000e-06 1.220000000e-05 1.080000000e-05 4.000000000e-07 11.440476
crystal 128 128 1 16129 1.612900e+04 1.706940014e-04 6.692500000e-04 6.323000000e-04 3.240000000e-05 0.000000000e+00 4.100000000e-06 6.748031
crystal 128 128 2 16129 8.064500e+03 1.706940014e-04 3.569500000e-04 3.139000000e-04 4.335000000e-05 1.240000000e-05 2.100000000e-06 12.651968
crystal 128 128 4 16129 4.032250e+03 1.706940014e-04 2.007500000e-04 1.644000000e-04 4.580000000e-05 2.490000000e-05 1.650000000e-06 22.496239
crystal 128 128 8 16129 2.016125e+03 1.706940014e-04 1.176500000e-04 8.725000000e-05 3.905000000e-05 2.870000000e-05 1.000000000e-06 38.386060
crystal 512 512 1 261121 2.611210e+05 1.066743593e-05 1.239380000e-02 1.180760000e-02 5.131000000e-04 0.000000000e+00 7.245000000e-05 7.584725
crystal 512 512 2 261121 1.305605e+05 1.066743593e-05 7.445650000e-03 5.945100000e-03 1.464700000e-03 5.947000000e-04 3.595000000e-05 12.625299
crystal 512 512 4 261121 6.528025e+04 1.066743593e-05 3.734200000e-03 3.069850000e-03 6.602000000e-04 2.709000000e-04 1.695000000e-05 25.173681
crystal 512 512 8 261121 3.264012e+04 1.066743593e-05 2.180550000e-03 1.738750000e-03 5.981000000e-04 4.325500000e-04 1.230000000e-05 43.110023
crystal 2048 2048 1 4190209 4.190209e+06 6.667110777e-07 2.590382500e-01 2.400046000e-01 1.770790000e-02 0.000000000e+00 1.324200000e-03 7.117451
crystal 2048 2048 2 4190209 2.095104e+06 6.667110777e-07 2.086416500e-01 1.638257500e-01 5.118530000e-02 1.739310000e-02 8.666000000e-04 8.836644
crystal 2048 2048 4 4190209 1.047552e+06 6.667110777e-07 2.210583500e-01 1.832554000e-01 4.097950000e-02 1.711885000e-02 1.090550000e-03 8.340295
crystal 2048 2048 8 4190209 5.237761e+05 6.667110777e-07 2.529499500e-01 1.931034500e-01 8.148985000e-02 6.224045000e-02 5.749000000e-03 7.288762
