8 0.000000e+00 0.020531
40 0.000000e+00 2.818349
72 0.000000e+00 10.048179
104 0.000000e+00 17.778555
136 0.000000e+00 17.357948
168 0.000000e+00 25.567101
200 0.000000e+00 28.274796
232 0.000000e+00 29.054002
264 0.000000e+00 30.195484
296 0.000000e+00 31.863626
328 0.000000e+00 31.842583
360 0.000000e+00 32.482711
392 0.000000e+00 31.236137
424 0.000000e+00 31.742241
456 0.000000e+00 30.965670
488 0.000000e+00 31.225357
520 0.000000e+00 29.018015
552 0.000000e+00 31.754681
584 0.000000e+00 31.914336
616 0.000000e+00 32.036946
648 0.000000e+00 33.616443
680 0.000000e+00 33.618679
712 0.000000e+00 35.130590
744 0.000000e+00 35.887113
776 0.000000e+00 36.143893
808 0.000000e+00 36.250594
840 0.000000e+00 36.513602
872 0.000000e+00 36.263096
904 0.000000e+00 36.530920
936 0.000000e+00 36.853542
968 0.000000e+00 36.872794
1000 0.000000e+00 37.722860
1032 0.000000e+00 32.820038
1064 0.000000e+00 32.948228
1096 0.000000e+00 33.223264
1128 0.000000e+00 33.838910
1160 0.000000e+00 32.712814
1192 0.000000e+00 27.360992
1224 0.000000e+00 34.457344
1256 0.000000e+00 34.754336
1288 0.000000e+00 33.956546
1320 0.000000e+00 34.813055
1352 0.000000e+00 34.649658
1384 0.000000e+00 35.234180
1416 0.000000e+00 35.343433
1448 0.000000e+00 35.389300
1480 0.000000e+00 34.826842
1512 0.000000e+00 34.255875
1544 0.000000e+00 34.481545
1576 0.000000e+00 34.689800
1608 0.000000e+00 34.638751
1640 0.000000e+00 35.004650
1672 0.000000e+00 34.864314
1704 0.000000e+00 34.990763
1736 0.000000e+00 34.962817
1768 0.000000e+00 35.312903
1800 0.000000e+00 35.465626
1832 0.000000e+00 35.476590
1864 0.000000e+00 35.664671
1896 0.000000e+00 35.659193
1928 0.000000e+00 35.394180
1960 0.000000e+00 35.700839
1992 0.000000e+00 35.654352
