8 0.000000 5.120000
40 0.000009 14.712644
72 0.000052 14.438994
104 0.000135 16.726602
136 0.000288 17.450267
168 0.000494 19.212447
200 0.000771 20.749579
232 0.000954 26.184039
264 0.001286 28.611015
296 0.001798 28.851191
328 0.002452 28.780321
360 0.003224 28.943826
392 0.004166 28.918045
424 0.005285 28.847982
456 0.006569 28.868569
488 0.008023 28.968473
520 0.009805 28.681755
552 0.011742 28.649447
584 0.013908 28.641416
616 0.016501 28.330826
648 0.019120 28.462261
680 0.022839 27.534776
712 0.025452 28.363066
744 0.029195 28.212129
776 0.033245 28.111557
808 0.037545 28.099991
840 0.043163 27.463586
872 0.047773 27.758793
904 0.053273 27.734789
936 0.058893 27.848132
968 0.065069 27.879133
1000 0.071851 27.835227
1032 0.080453 27.322835
1064 0.086602 27.817971
1096 0.094650 27.818911
1128 0.102864 27.905654
1160 0.112861 27.660503
1192 0.122065 27.750318
1224 0.132469 27.685986
1256 0.143220 27.669191
1288 0.154753 27.614531
1320 0.166336 1.833444
1352 0.178903 3.620304
1384 0.191451 5.259901
1416 0.205342 6.736829
1448 0.220315 8.066121
1480 0.235589 9.289974
1512 0.250160 10.466617
1544 0.267206 11.476640
1576 0.284277 12.431166
1608 0.300927 13.360477
1640 0.321421 0.721650
1672 0.339493 2.234208
1704 0.359807 3.628583
1736 0.379696 4.934518
1768 0.401488 6.134627
1800 0.423625 7.256579
1832 0.447692 8.280844
1864 0.472115 0.144073
1896 0.497409 1.501060
1928 0.520745 2.781704
1960 0.548396 3.964595
1992 0.575659 5.079164
