Running Poisson sweep with P=2
Running method=dealer Nx=32 Ny=32 P=2
[ccc0398.campuscluster.illinois.edu:1530600] mca: base: component_find: searching NULL for ras components
[ccc0398.campuscluster.illinois.edu:1530600] mca: base: find_dyn_components: checking NULL for ras components
[ccc0398.campuscluster.illinois.edu:1530600] pmix:mca: base: components_register: registering framework ras components
[ccc0398.campuscluster.illinois.edu:1530600] pmix:mca: base: components_register: found loaded component simulator
[ccc0398.campuscluster.illinois.edu:1530600] pmix:mca: base: components_register: component simulator register function successful
[ccc0398.campuscluster.illinois.edu:1530600] pmix:mca: base: components_register: found loaded component testrm
[ccc0398.campuscluster.illinois.edu:1530600] pmix:mca: base: components_register: component testrm register function successful
[ccc0398.campuscluster.illinois.edu:1530600] pmix:mca: base: components_register: found loaded component pbs
[ccc0398.campuscluster.illinois.edu:1530600] pmix:mca: base: components_register: component pbs register function successful
[ccc0398.campuscluster.illinois.edu:1530600] pmix:mca: base: components_register: found loaded component slurm
[ccc0398.campuscluster.illinois.edu:1530600] pmix:mca: base: components_register: component slurm register function successful
[ccc0398.campuscluster.illinois.edu:1530600] mca: base: components_open: opening ras components
[ccc0398.campuscluster.illinois.edu:1530600] mca: base: components_open: found loaded component simulator
[ccc0398.campuscluster.illinois.edu:1530600] mca: base: components_open: found loaded component testrm
[ccc0398.campuscluster.illinois.edu:1530600] mca: base: components_open: found loaded component pbs
[ccc0398.campuscluster.illinois.edu:1530600] mca: base: components_open: component pbs open function successful
[ccc0398.campuscluster.illinois.edu:1530600] mca: base: components_open: found loaded component slurm
[ccc0398.campuscluster.illinois.edu:1530600] mca: base: components_open: component slurm open function successful
[ccc0398.campuscluster.illinois.edu:1530600] mca:base:select: Auto-selecting ras components
[ccc0398.campuscluster.illinois.edu:1530600] mca:base:select:(  ras) Querying component [simulator]
[ccc0398.campuscluster.illinois.edu:1530600] mca:base:select:(  ras) Querying component [testrm]
[ccc0398.campuscluster.illinois.edu:1530600] mca:base:select:(  ras) Querying component [pbs]
[ccc0398.campuscluster.illinois.edu:1530600] mca:base:select:(  ras) Querying component [slurm]
[ccc0398.campuscluster.illinois.edu:1530600] [prterun-ccc0398-1530600@0,0] ras:slurm: available for selection
[ccc0398.campuscluster.illinois.edu:1530600] mca:base:select:(  ras) Query of component [slurm] set priority to 50
[ccc0398.campuscluster.illinois.edu:1530600] mca:base:select:(  ras) Selected component [slurm]
[ccc0398.campuscluster.illinois.edu:1530600] mca: base: close: unloading component simulator
[ccc0398.campuscluster.illinois.edu:1530600] mca: base: close: unloading component testrm
[ccc0398.campuscluster.illinois.edu:1530600] mca: base: close: unloading component pbs
[ccc0398.campuscluster.illinois.edu:1530600] [prterun-ccc0398-1530600@0,0] ras:base:allocate
[ccc0398.campuscluster.illinois.edu:1530600] [prterun-ccc0398-1530600@0,0] ras:slurm:allocate:discover: checking nodelist: ccc0398
[ccc0398.campuscluster.illinois.edu:1530600] [prterun-ccc0398-1530600@0,0] ras:slurm:allocate:discover: found node ccc0398
[ccc0398.campuscluster.illinois.edu:1530600] [prterun-ccc0398-1530600@0,0] ras:slurm:allocate:discover: adding node ccc0398 (2 slots)
[ccc0398.campuscluster.illinois.edu:1530600] [prterun-ccc0398-1530600@0,0] ras:slurm:allocate: success
[ccc0398.campuscluster.illinois.edu:1530600] [prterun-ccc0398-1530600@0,0] ras:base:node_insert inserting 1 nodes
[ccc0398.campuscluster.illinois.edu:1530600] [prterun-ccc0398-1530600@0,0] ras:base:node_insert updating HNP [ccc0398] info to 2 slots
[ccc0398.campuscluster.illinois.edu:1530600] [prterun-ccc0398-1530600@0,0] ras:base:allocate
[ccc0398.campuscluster.illinois.edu:1530600] [prterun-ccc0398-1530600@0,0] ras:base:allocate allocation already read
Completed method=dealer Nx=32 Ny=32 P=2
Running method=dealer Nx=128 Ny=128 P=2
[ccc0398.campuscluster.illinois.edu:1530824] mca: base: component_find: searching NULL for ras components
[ccc0398.campuscluster.illinois.edu:1530824] mca: base: find_dyn_components: checking NULL for ras components
[ccc0398.campuscluster.illinois.edu:1530824] pmix:mca: base: components_register: registering framework ras components
[ccc0398.campuscluster.illinois.edu:1530824] pmix:mca: base: components_register: found loaded component simulator
[ccc0398.campuscluster.illinois.edu:1530824] pmix:mca: base: components_register: component simulator register function successful
[ccc0398.campuscluster.illinois.edu:1530824] pmix:mca: base: components_register: found loaded component testrm
[ccc0398.campuscluster.illinois.edu:1530824] pmix:mca: base: components_register: component testrm register function successful
[ccc0398.campuscluster.illinois.edu:1530824] pmix:mca: base: components_register: found loaded component pbs
[ccc0398.campuscluster.illinois.edu:1530824] pmix:mca: base: components_register: component pbs register function successful
[ccc0398.campuscluster.illinois.edu:1530824] pmix:mca: base: components_register: found loaded component slurm
[ccc0398.campuscluster.illinois.edu:1530824] pmix:mca: base: components_register: component slurm register function successful
[ccc0398.campuscluster.illinois.edu:1530824] mca: base: components_open: opening ras components
[ccc0398.campuscluster.illinois.edu:1530824] mca: base: components_open: found loaded component simulator
[ccc0398.campuscluster.illinois.edu:1530824] mca: base: components_open: found loaded component testrm
[ccc0398.campuscluster.illinois.edu:1530824] mca: base: components_open: found loaded component pbs
[ccc0398.campuscluster.illinois.edu:1530824] mca: base: components_open: component pbs open function successful
[ccc0398.campuscluster.illinois.edu:1530824] mca: base: components_open: found loaded component slurm
[ccc0398.campuscluster.illinois.edu:1530824] mca: base: components_open: component slurm open function successful
[ccc0398.campuscluster.illinois.edu:1530824] mca:base:select: Auto-selecting ras components
[ccc0398.campuscluster.illinois.edu:1530824] mca:base:select:(  ras) Querying component [simulator]
[ccc0398.campuscluster.illinois.edu:1530824] mca:base:select:(  ras) Querying component [testrm]
[ccc0398.campuscluster.illinois.edu:1530824] mca:base:select:(  ras) Querying component [pbs]
[ccc0398.campuscluster.illinois.edu:1530824] mca:base:select:(  ras) Querying component [slurm]
[ccc0398.campuscluster.illinois.edu:1530824] [prterun-ccc0398-1530824@0,0] ras:slurm: available for selection
[ccc0398.campuscluster.illinois.edu:1530824] mca:base:select:(  ras) Query of component [slurm] set priority to 50
[ccc0398.campuscluster.illinois.edu:1530824] mca:base:select:(  ras) Selected component [slurm]
[ccc0398.campuscluster.illinois.edu:1530824] mca: base: close: unloading component simulator
[ccc0398.campuscluster.illinois.edu:1530824] mca: base: close: unloading component testrm
[ccc0398.campuscluster.illinois.edu:1530824] mca: base: close: unloading component pbs
[ccc0398.campuscluster.illinois.edu:1530824] [prterun-ccc0398-1530824@0,0] ras:base:allocate
[ccc0398.campuscluster.illinois.edu:1530824] [prterun-ccc0398-1530824@0,0] ras:slurm:allocate:discover: checking nodelist: ccc0398
[ccc0398.campuscluster.illinois.edu:1530824] [prterun-ccc0398-1530824@0,0] ras:slurm:allocate:discover: found node ccc0398
[ccc0398.campuscluster.illinois.edu:1530824] [prterun-ccc0398-1530824@0,0] ras:slurm:allocate:discover: adding node ccc0398 (2 slots)
[ccc0398.campuscluster.illinois.edu:1530824] [prterun-ccc0398-1530824@0,0] ras:slurm:allocate: success
[ccc0398.campuscluster.illinois.edu:1530824] [prterun-ccc0398-1530824@0,0] ras:base:node_insert inserting 1 nodes
[ccc0398.campuscluster.illinois.edu:1530824] [prterun-ccc0398-1530824@0,0] ras:base:node_insert updating HNP [ccc0398] info to 2 slots
[ccc0398.campuscluster.illinois.edu:1530824] [prterun-ccc0398-1530824@0,0] ras:base:allocate
[ccc0398.campuscluster.illinois.edu:1530824] [prterun-ccc0398-1530824@0,0] ras:base:allocate allocation already read
Completed method=dealer Nx=128 Ny=128 P=2
Running method=dealer Nx=512 Ny=512 P=2
[ccc0398.campuscluster.illinois.edu:1530905] mca: base: component_find: searching NULL for ras components
[ccc0398.campuscluster.illinois.edu:1530905] mca: base: find_dyn_components: checking NULL for ras components
[ccc0398.campuscluster.illinois.edu:1530905] pmix:mca: base: components_register: registering framework ras components
[ccc0398.campuscluster.illinois.edu:1530905] pmix:mca: base: components_register: found loaded component simulator
[ccc0398.campuscluster.illinois.edu:1530905] pmix:mca: base: components_register: component simulator register function successful
[ccc0398.campuscluster.illinois.edu:1530905] pmix:mca: base: components_register: found loaded component testrm
[ccc0398.campuscluster.illinois.edu:1530905] pmix:mca: base: components_register: component testrm register function successful
[ccc0398.campuscluster.illinois.edu:1530905] pmix:mca: base: components_register: found loaded component pbs
[ccc0398.campuscluster.illinois.edu:1530905] pmix:mca: base: components_register: component pbs register function successful
[ccc0398.campuscluster.illinois.edu:1530905] pmix:mca: base: components_register: found loaded component slurm
[ccc0398.campuscluster.illinois.edu:1530905] pmix:mca: base: components_register: component slurm register function successful
[ccc0398.campuscluster.illinois.edu:1530905] mca: base: components_open: opening ras components
[ccc0398.campuscluster.illinois.edu:1530905] mca: base: components_open: found loaded component simulator
[ccc0398.campuscluster.illinois.edu:1530905] mca: base: components_open: found loaded component testrm
[ccc0398.campuscluster.illinois.edu:1530905] mca: base: components_open: found loaded component pbs
[ccc0398.campuscluster.illinois.edu:1530905] mca: base: components_open: component pbs open function successful
[ccc0398.campuscluster.illinois.edu:1530905] mca: base: components_open: found loaded component slurm
[ccc0398.campuscluster.illinois.edu:1530905] mca: base: components_open: component slurm open function successful
[ccc0398.campuscluster.illinois.edu:1530905] mca:base:select: Auto-selecting ras components
[ccc0398.campuscluster.illinois.edu:1530905] mca:base:select:(  ras) Querying component [simulator]
[ccc0398.campuscluster.illinois.edu:1530905] mca:base:select:(  ras) Querying component [testrm]
[ccc0398.campuscluster.illinois.edu:1530905] mca:base:select:(  ras) Querying component [pbs]
[ccc0398.campuscluster.illinois.edu:1530905] mca:base:select:(  ras) Querying component [slurm]
[ccc0398.campuscluster.illinois.edu:1530905] [prterun-ccc0398-1530905@0,0] ras:slurm: available for selection
[ccc0398.campuscluster.illinois.edu:1530905] mca:base:select:(  ras) Query of component [slurm] set priority to 50
[ccc0398.campuscluster.illinois.edu:1530905] mca:base:select:(  ras) Selected component [slurm]
[ccc0398.campuscluster.illinois.edu:1530905] mca: base: close: unloading component simulator
[ccc0398.campuscluster.illinois.edu:1530905] mca: base: close: unloading component testrm
[ccc0398.campuscluster.illinois.edu:1530905] mca: base: close: unloading component pbs
[ccc0398.campuscluster.illinois.edu:1530905] [prterun-ccc0398-1530905@0,0] ras:base:allocate
[ccc0398.campuscluster.illinois.edu:1530905] [prterun-ccc0398-1530905@0,0] ras:slurm:allocate:discover: checking nodelist: ccc0398
[ccc0398.campuscluster.illinois.edu:1530905] [prterun-ccc0398-1530905@0,0] ras:slurm:allocate:discover: found node ccc0398
[ccc0398.campuscluster.illinois.edu:1530905] [prterun-ccc0398-1530905@0,0] ras:slurm:allocate:discover: adding node ccc0398 (2 slots)
[ccc0398.campuscluster.illinois.edu:1530905] [prterun-ccc0398-1530905@0,0] ras:slurm:allocate: success
[ccc0398.campuscluster.illinois.edu:1530905] [prterun-ccc0398-1530905@0,0] ras:base:node_insert inserting 1 nodes
[ccc0398.campuscluster.illinois.edu:1530905] [prterun-ccc0398-1530905@0,0] ras:base:node_insert updating HNP [ccc0398] info to 2 slots
[ccc0398.campuscluster.illinois.edu:1530905] [prterun-ccc0398-1530905@0,0] ras:base:allocate
[ccc0398.campuscluster.illinois.edu:1530905] [prterun-ccc0398-1530905@0,0] ras:base:allocate allocation already read
Completed method=dealer Nx=512 Ny=512 P=2
Running method=dealer Nx=2048 Ny=2048 P=2
[ccc0398.campuscluster.illinois.edu:1531068] mca: base: component_find: searching NULL for ras components
[ccc0398.campuscluster.illinois.edu:1531068] mca: base: find_dyn_components: checking NULL for ras components
[ccc0398.campuscluster.illinois.edu:1531068] pmix:mca: base: components_register: registering framework ras components
[ccc0398.campuscluster.illinois.edu:1531068] pmix:mca: base: components_register: found loaded component simulator
[ccc0398.campuscluster.illinois.edu:1531068] pmix:mca: base: components_register: component simulator register function successful
[ccc0398.campuscluster.illinois.edu:1531068] pmix:mca: base: components_register: found loaded component testrm
[ccc0398.campuscluster.illinois.edu:1531068] pmix:mca: base: components_register: component testrm register function successful
[ccc0398.campuscluster.illinois.edu:1531068] pmix:mca: base: components_register: found loaded component pbs
[ccc0398.campuscluster.illinois.edu:1531068] pmix:mca: base: components_register: component pbs register function successful
[ccc0398.campuscluster.illinois.edu:1531068] pmix:mca: base: components_register: found loaded component slurm
[ccc0398.campuscluster.illinois.edu:1531068] pmix:mca: base: components_register: component slurm register function successful
[ccc0398.campuscluster.illinois.edu:1531068] mca: base: components_open: opening ras components
[ccc0398.campuscluster.illinois.edu:1531068] mca: base: components_open: found loaded component simulator
[ccc0398.campuscluster.illinois.edu:1531068] mca: base: components_open: found loaded component testrm
[ccc0398.campuscluster.illinois.edu:1531068] mca: base: components_open: found loaded component pbs
[ccc0398.campuscluster.illinois.edu:1531068] mca: base: components_open: component pbs open function successful
[ccc0398.campuscluster.illinois.edu:1531068] mca: base: components_open: found loaded component slurm
[ccc0398.campuscluster.illinois.edu:1531068] mca: base: components_open: component slurm open function successful
[ccc0398.campuscluster.illinois.edu:1531068] mca:base:select: Auto-selecting ras components
[ccc0398.campuscluster.illinois.edu:1531068] mca:base:select:(  ras) Querying component [simulator]
[ccc0398.campuscluster.illinois.edu:1531068] mca:base:select:(  ras) Querying component [testrm]
[ccc0398.campuscluster.illinois.edu:1531068] mca:base:select:(  ras) Querying component [pbs]
[ccc0398.campuscluster.illinois.edu:1531068] mca:base:select:(  ras) Querying component [slurm]
[ccc0398.campuscluster.illinois.edu:1531068] [prterun-ccc0398-1531068@0,0] ras:slurm: available for selection
[ccc0398.campuscluster.illinois.edu:1531068] mca:base:select:(  ras) Query of component [slurm] set priority to 50
[ccc0398.campuscluster.illinois.edu:1531068] mca:base:select:(  ras) Selected component [slurm]
[ccc0398.campuscluster.illinois.edu:1531068] mca: base: close: unloading component simulator
[ccc0398.campuscluster.illinois.edu:1531068] mca: base: close: unloading component testrm
[ccc0398.campuscluster.illinois.edu:1531068] mca: base: close: unloading component pbs
[ccc0398.campuscluster.illinois.edu:1531068] [prterun-ccc0398-1531068@0,0] ras:base:allocate
[ccc0398.campuscluster.illinois.edu:1531068] [prterun-ccc0398-1531068@0,0] ras:slurm:allocate:discover: checking nodelist: ccc0398
[ccc0398.campuscluster.illinois.edu:1531068] [prterun-ccc0398-1531068@0,0] ras:slurm:allocate:discover: found node ccc0398
[ccc0398.campuscluster.illinois.edu:1531068] [prterun-ccc0398-1531068@0,0] ras:slurm:allocate:discover: adding node ccc0398 (2 slots)
[ccc0398.campuscluster.illinois.edu:1531068] [prterun-ccc0398-1531068@0,0] ras:slurm:allocate: success
[ccc0398.campuscluster.illinois.edu:1531068] [prterun-ccc0398-1531068@0,0] ras:base:node_insert inserting 1 nodes
[ccc0398.campuscluster.illinois.edu:1531068] [prterun-ccc0398-1531068@0,0] ras:base:node_insert updating HNP [ccc0398] info to 2 slots
[ccc0398.campuscluster.illinois.edu:1531068] [prterun-ccc0398-1531068@0,0] ras:base:allocate
[ccc0398.campuscluster.illinois.edu:1531068] [prterun-ccc0398-1531068@0,0] ras:base:allocate allocation already read
Completed method=dealer Nx=2048 Ny=2048 P=2
Running method=dealer Nx=8192 Ny=8192 P=2
[ccc0398.campuscluster.illinois.edu:1531489] mca: base: component_find: searching NULL for ras components
[ccc0398.campuscluster.illinois.edu:1531489] mca: base: find_dyn_components: checking NULL for ras components
[ccc0398.campuscluster.illinois.edu:1531489] pmix:mca: base: components_register: registering framework ras components
[ccc0398.campuscluster.illinois.edu:1531489] pmix:mca: base: components_register: found loaded component simulator
[ccc0398.campuscluster.illinois.edu:1531489] pmix:mca: base: components_register: component simulator register function successful
[ccc0398.campuscluster.illinois.edu:1531489] pmix:mca: base: components_register: found loaded component testrm
[ccc0398.campuscluster.illinois.edu:1531489] pmix:mca: base: components_register: component testrm register function successful
[ccc0398.campuscluster.illinois.edu:1531489] pmix:mca: base: components_register: found loaded component pbs
[ccc0398.campuscluster.illinois.edu:1531489] pmix:mca: base: components_register: component pbs register function successful
[ccc0398.campuscluster.illinois.edu:1531489] pmix:mca: base: components_register: found loaded component slurm
[ccc0398.campuscluster.illinois.edu:1531489] pmix:mca: base: components_register: component slurm register function successful
[ccc0398.campuscluster.illinois.edu:1531489] mca: base: components_open: opening ras components
[ccc0398.campuscluster.illinois.edu:1531489] mca: base: components_open: found loaded component simulator
[ccc0398.campuscluster.illinois.edu:1531489] mca: base: components_open: found loaded component testrm
[ccc0398.campuscluster.illinois.edu:1531489] mca: base: components_open: found loaded component pbs
[ccc0398.campuscluster.illinois.edu:1531489] mca: base: components_open: component pbs open function successful
[ccc0398.campuscluster.illinois.edu:1531489] mca: base: components_open: found loaded component slurm
[ccc0398.campuscluster.illinois.edu:1531489] mca: base: components_open: component slurm open function successful
[ccc0398.campuscluster.illinois.edu:1531489] mca:base:select: Auto-selecting ras components
[ccc0398.campuscluster.illinois.edu:1531489] mca:base:select:(  ras) Querying component [simulator]
[ccc0398.campuscluster.illinois.edu:1531489] mca:base:select:(  ras) Querying component [testrm]
[ccc0398.campuscluster.illinois.edu:1531489] mca:base:select:(  ras) Querying component [pbs]
[ccc0398.campuscluster.illinois.edu:1531489] mca:base:select:(  ras) Querying component [slurm]
[ccc0398.campuscluster.illinois.edu:1531489] [prterun-ccc0398-1531489@0,0] ras:slurm: available for selection
[ccc0398.campuscluster.illinois.edu:1531489] mca:base:select:(  ras) Query of component [slurm] set priority to 50
[ccc0398.campuscluster.illinois.edu:1531489] mca:base:select:(  ras) Selected component [slurm]
[ccc0398.campuscluster.illinois.edu:1531489] mca: base: close: unloading component simulator
[ccc0398.campuscluster.illinois.edu:1531489] mca: base: close: unloading component testrm
[ccc0398.campuscluster.illinois.edu:1531489] mca: base: close: unloading component pbs
[ccc0398.campuscluster.illinois.edu:1531489] [prterun-ccc0398-1531489@0,0] ras:base:allocate
[ccc0398.campuscluster.illinois.edu:1531489] [prterun-ccc0398-1531489@0,0] ras:slurm:allocate:discover: checking nodelist: ccc0398
[ccc0398.campuscluster.illinois.edu:1531489] [prterun-ccc0398-1531489@0,0] ras:slurm:allocate:discover: found node ccc0398
[ccc0398.campuscluster.illinois.edu:1531489] [prterun-ccc0398-1531489@0,0] ras:slurm:allocate:discover: adding node ccc0398 (2 slots)
[ccc0398.campuscluster.illinois.edu:1531489] [prterun-ccc0398-1531489@0,0] ras:slurm:allocate: success
[ccc0398.campuscluster.illinois.edu:1531489] [prterun-ccc0398-1531489@0,0] ras:base:node_insert inserting 1 nodes
[ccc0398.campuscluster.illinois.edu:1531489] [prterun-ccc0398-1531489@0,0] ras:base:node_insert updating HNP [ccc0398] info to 2 slots
[ccc0398.campuscluster.illinois.edu:1531489] [prterun-ccc0398-1531489@0,0] ras:base:allocate
[ccc0398.campuscluster.illinois.edu:1531489] [prterun-ccc0398-1531489@0,0] ras:base:allocate allocation already read
--------------------------------------------------------------------------
prterun noticed that process rank 0 with PID 1531493 on node ccc0398 exited on
signal 9 (Killed).
--------------------------------------------------------------------------
 Completed method=dealer Nx=8192 Ny=8192 P=2
Running method=crystal Nx=32 Ny=32 P=2
[ccc0398.campuscluster.illinois.edu:1531503] mca: base: component_find: searching NULL for ras components
[ccc0398.campuscluster.illinois.edu:1531503] mca: base: find_dyn_components: checking NULL for ras components
[ccc0398.campuscluster.illinois.edu:1531503] pmix:mca: base: components_register: registering framework ras components
[ccc0398.campuscluster.illinois.edu:1531503] pmix:mca: base: components_register: found loaded component simulator
[ccc0398.campuscluster.illinois.edu:1531503] pmix:mca: base: components_register: component simulator register function successful
[ccc0398.campuscluster.illinois.edu:1531503] pmix:mca: base: components_register: found loaded component testrm
[ccc0398.campuscluster.illinois.edu:1531503] pmix:mca: base: components_register: component testrm register function successful
[ccc0398.campuscluster.illinois.edu:1531503] pmix:mca: base: components_register: found loaded component pbs
[ccc0398.campuscluster.illinois.edu:1531503] pmix:mca: base: components_register: component pbs register function successful
[ccc0398.campuscluster.illinois.edu:1531503] pmix:mca: base: components_register: found loaded component slurm
[ccc0398.campuscluster.illinois.edu:1531503] pmix:mca: base: components_register: component slurm register function successful
[ccc0398.campuscluster.illinois.edu:1531503] mca: base: components_open: opening ras components
[ccc0398.campuscluster.illinois.edu:1531503] mca: base: components_open: found loaded component simulator
[ccc0398.campuscluster.illinois.edu:1531503] mca: base: components_open: found loaded component testrm
[ccc0398.campuscluster.illinois.edu:1531503] mca: base: components_open: found loaded component pbs
[ccc0398.campuscluster.illinois.edu:1531503] mca: base: components_open: component pbs open function successful
[ccc0398.campuscluster.illinois.edu:1531503] mca: base: components_open: found loaded component slurm
[ccc0398.campuscluster.illinois.edu:1531503] mca: base: components_open: component slurm open function successful
[ccc0398.campuscluster.illinois.edu:1531503] mca:base:select: Auto-selecting ras components
[ccc0398.campuscluster.illinois.edu:1531503] mca:base:select:(  ras) Querying component [simulator]
[ccc0398.campuscluster.illinois.edu:1531503] mca:base:select:(  ras) Querying component [testrm]
[ccc0398.campuscluster.illinois.edu:1531503] mca:base:select:(  ras) Querying component [pbs]
[ccc0398.campuscluster.illinois.edu:1531503] mca:base:select:(  ras) Querying component [slurm]
[ccc0398.campuscluster.illinois.edu:1531503] [prterun-ccc0398-1531503@0,0] ras:slurm: available for selection
[ccc0398.campuscluster.illinois.edu:1531503] mca:base:select:(  ras) Query of component [slurm] set priority to 50
[ccc0398.campuscluster.illinois.edu:1531503] mca:base:select:(  ras) Selected component [slurm]
[ccc0398.campuscluster.illinois.edu:1531503] mca: base: close: unloading component simulator
[ccc0398.campuscluster.illinois.edu:1531503] mca: base: close: unloading component testrm
[ccc0398.campuscluster.illinois.edu:1531503] mca: base: close: unloading component pbs
[ccc0398.campuscluster.illinois.edu:1531503] [prterun-ccc0398-1531503@0,0] ras:base:allocate
[ccc0398.campuscluster.illinois.edu:1531503] [prterun-ccc0398-1531503@0,0] ras:slurm:allocate:discover: checking nodelist: ccc0398
[ccc0398.campuscluster.illinois.edu:1531503] [prterun-ccc0398-1531503@0,0] ras:slurm:allocate:discover: found node ccc0398
[ccc0398.campuscluster.illinois.edu:1531503] [prterun-ccc0398-1531503@0,0] ras:slurm:allocate:discover: adding node ccc0398 (2 slots)
[ccc0398.campuscluster.illinois.edu:1531503] [prterun-ccc0398-1531503@0,0] ras:slurm:allocate: success
[ccc0398.campuscluster.illinois.edu:1531503] [prterun-ccc0398-1531503@0,0] ras:base:node_insert inserting 1 nodes
[ccc0398.campuscluster.illinois.edu:1531503] [prterun-ccc0398-1531503@0,0] ras:base:node_insert updating HNP [ccc0398] info to 2 slots
[ccc0398.campuscluster.illinois.edu:1531503] [prterun-ccc0398-1531503@0,0] ras:base:allocate
[ccc0398.campuscluster.illinois.edu:1531503] [prterun-ccc0398-1531503@0,0] ras:base:allocate allocation already read
Completed method=crystal Nx=32 Ny=32 P=2
Running method=crystal Nx=128 Ny=128 P=2
[ccc0398.campuscluster.illinois.edu:1531513] mca: base: component_find: searching NULL for ras components
[ccc0398.campuscluster.illinois.edu:1531513] mca: base: find_dyn_components: checking NULL for ras components
[ccc0398.campuscluster.illinois.edu:1531513] pmix:mca: base: components_register: registering framework ras components
[ccc0398.campuscluster.illinois.edu:1531513] pmix:mca: base: components_register: found loaded component simulator
[ccc0398.campuscluster.illinois.edu:1531513] pmix:mca: base: components_register: component simulator register function successful
[ccc0398.campuscluster.illinois.edu:1531513] pmix:mca: base: components_register: found loaded component testrm
[ccc0398.campuscluster.illinois.edu:1531513] pmix:mca: base: components_register: component testrm register function successful
[ccc0398.campuscluster.illinois.edu:1531513] pmix:mca: base: components_register: found loaded component pbs
[ccc0398.campuscluster.illinois.edu:1531513] pmix:mca: base: components_register: component pbs register function successful
[ccc0398.campuscluster.illinois.edu:1531513] pmix:mca: base: components_register: found loaded component slurm
[ccc0398.campuscluster.illinois.edu:1531513] pmix:mca: base: components_register: component slurm register function successful
[ccc0398.campuscluster.illinois.edu:1531513] mca: base: components_open: opening ras components
[ccc0398.campuscluster.illinois.edu:1531513] mca: base: components_open: found loaded component simulator
[ccc0398.campuscluster.illinois.edu:1531513] mca: base: components_open: found loaded component testrm
[ccc0398.campuscluster.illinois.edu:1531513] mca: base: components_open: found loaded component pbs
[ccc0398.campuscluster.illinois.edu:1531513] mca: base: components_open: component pbs open function successful
[ccc0398.campuscluster.illinois.edu:1531513] mca: base: components_open: found loaded component slurm
[ccc0398.campuscluster.illinois.edu:1531513] mca: base: components_open: component slurm open function successful
[ccc0398.campuscluster.illinois.edu:1531513] mca:base:select: Auto-selecting ras components
[ccc0398.campuscluster.illinois.edu:1531513] mca:base:select:(  ras) Querying component [simulator]
[ccc0398.campuscluster.illinois.edu:1531513] mca:base:select:(  ras) Querying component [testrm]
[ccc0398.campuscluster.illinois.edu:1531513] mca:base:select:(  ras) Querying component [pbs]
[ccc0398.campuscluster.illinois.edu:1531513] mca:base:select:(  ras) Querying component [slurm]
[ccc0398.campuscluster.illinois.edu:1531513] [prterun-ccc0398-1531513@0,0] ras:slurm: available for selection
[ccc0398.campuscluster.illinois.edu:1531513] mca:base:select:(  ras) Query of component [slurm] set priority to 50
[ccc0398.campuscluster.illinois.edu:1531513] mca:base:select:(  ras) Selected component [slurm]
[ccc0398.campuscluster.illinois.edu:1531513] mca: base: close: unloading component simulator
[ccc0398.campuscluster.illinois.edu:1531513] mca: base: close: unloading component testrm
[ccc0398.campuscluster.illinois.edu:1531513] mca: base: close: unloading component pbs
[ccc0398.campuscluster.illinois.edu:1531513] [prterun-ccc0398-1531513@0,0] ras:base:allocate
[ccc0398.campuscluster.illinois.edu:1531513] [prterun-ccc0398-1531513@0,0] ras:slurm:allocate:discover: checking nodelist: ccc0398
[ccc0398.campuscluster.illinois.edu:1531513] [prterun-ccc0398-1531513@0,0] ras:slurm:allocate:discover: found node ccc0398
[ccc0398.campuscluster.illinois.edu:1531513] [prterun-ccc0398-1531513@0,0] ras:slurm:allocate:discover: adding node ccc0398 (2 slots)
[ccc0398.campuscluster.illinois.edu:1531513] [prterun-ccc0398-1531513@0,0] ras:slurm:allocate: success
[ccc0398.campuscluster.illinois.edu:1531513] [prterun-ccc0398-1531513@0,0] ras:base:node_insert inserting 1 nodes
[ccc0398.campuscluster.illinois.edu:1531513] [prterun-ccc0398-1531513@0,0] ras:base:node_insert updating HNP [ccc0398] info to 2 slots
[ccc0398.campuscluster.illinois.edu:1531513] [prterun-ccc0398-1531513@0,0] ras:base:allocate
[ccc0398.campuscluster.illinois.edu:1531513] [prterun-ccc0398-1531513@0,0] ras:base:allocate allocation already read
Completed method=crystal Nx=128 Ny=128 P=2
Running method=crystal Nx=512 Ny=512 P=2
[ccc0398.campuscluster.illinois.edu:1531523] mca: base: component_find: searching NULL for ras components
[ccc0398.campuscluster.illinois.edu:1531523] mca: base: find_dyn_components: checking NULL for ras components
[ccc0398.campuscluster.illinois.edu:1531523] pmix:mca: base: components_register: registering framework ras components
[ccc0398.campuscluster.illinois.edu:1531523] pmix:mca: base: components_register: found loaded component simulator
[ccc0398.campuscluster.illinois.edu:1531523] pmix:mca: base: components_register: component simulator register function successful
[ccc0398.campuscluster.illinois.edu:1531523] pmix:mca: base: components_register: found loaded component testrm
[ccc0398.campuscluster.illinois.edu:1531523] pmix:mca: base: components_register: component testrm register function successful
[ccc0398.campuscluster.illinois.edu:1531523] pmix:mca: base: components_register: found loaded component pbs
[ccc0398.campuscluster.illinois.edu:1531523] pmix:mca: base: components_register: component pbs register function successful
[ccc0398.campuscluster.illinois.edu:1531523] pmix:mca: base: components_register: found loaded component slurm
[ccc0398.campuscluster.illinois.edu:1531523] pmix:mca: base: components_register: component slurm register function successful
[ccc0398.campuscluster.illinois.edu:1531523] mca: base: components_open: opening ras components
[ccc0398.campuscluster.illinois.edu:1531523] mca: base: components_open: found loaded component simulator
[ccc0398.campuscluster.illinois.edu:1531523] mca: base: components_open: found loaded component testrm
[ccc0398.campuscluster.illinois.edu:1531523] mca: base: components_open: found loaded component pbs
[ccc0398.campuscluster.illinois.edu:1531523] mca: base: components_open: component pbs open function successful
[ccc0398.campuscluster.illinois.edu:1531523] mca: base: components_open: found loaded component slurm
[ccc0398.campuscluster.illinois.edu:1531523] mca: base: components_open: component slurm open function successful
[ccc0398.campuscluster.illinois.edu:1531523] mca:base:select: Auto-selecting ras components
[ccc0398.campuscluster.illinois.edu:1531523] mca:base:select:(  ras) Querying component [simulator]
[ccc0398.campuscluster.illinois.edu:1531523] mca:base:select:(  ras) Querying component [testrm]
[ccc0398.campuscluster.illinois.edu:1531523] mca:base:select:(  ras) Querying component [pbs]
[ccc0398.campuscluster.illinois.edu:1531523] mca:base:select:(  ras) Querying component [slurm]
[ccc0398.campuscluster.illinois.edu:1531523] [prterun-ccc0398-1531523@0,0] ras:slurm: available for selection
[ccc0398.campuscluster.illinois.edu:1531523] mca:base:select:(  ras) Query of component [slurm] set priority to 50
[ccc0398.campuscluster.illinois.edu:1531523] mca:base:select:(  ras) Selected component [slurm]
[ccc0398.campuscluster.illinois.edu:1531523] mca: base: close: unloading component simulator
[ccc0398.campuscluster.illinois.edu:1531523] mca: base: close: unloading component testrm
[ccc0398.campuscluster.illinois.edu:1531523] mca: base: close: unloading component pbs
[ccc0398.campuscluster.illinois.edu:1531523] [prterun-ccc0398-1531523@0,0] ras:base:allocate
[ccc0398.campuscluster.illinois.edu:1531523] [prterun-ccc0398-1531523@0,0] ras:slurm:allocate:discover: checking nodelist: ccc0398
[ccc0398.campuscluster.illinois.edu:1531523] [prterun-ccc0398-1531523@0,0] ras:slurm:allocate:discover: found node ccc0398
[ccc0398.campuscluster.illinois.edu:1531523] [prterun-ccc0398-1531523@0,0] ras:slurm:allocate:discover: adding node ccc0398 (2 slots)
[ccc0398.campuscluster.illinois.edu:1531523] [prterun-ccc0398-1531523@0,0] ras:slurm:allocate: success
[ccc0398.campuscluster.illinois.edu:1531523] [prterun-ccc0398-1531523@0,0] ras:base:node_insert inserting 1 nodes
[ccc0398.campuscluster.illinois.edu:1531523] [prterun-ccc0398-1531523@0,0] ras:base:node_insert updating HNP [ccc0398] info to 2 slots
[ccc0398.campuscluster.illinois.edu:1531523] [prterun-ccc0398-1531523@0,0] ras:base:allocate
[ccc0398.campuscluster.illinois.edu:1531523] [prterun-ccc0398-1531523@0,0] ras:base:allocate allocation already read
Completed method=crystal Nx=512 Ny=512 P=2
Running method=crystal Nx=2048 Ny=2048 P=2
[ccc0398.campuscluster.illinois.edu:1531533] mca: base: component_find: searching NULL for ras components
[ccc0398.campuscluster.illinois.edu:1531533] mca: base: find_dyn_components: checking NULL for ras components
[ccc0398.campuscluster.illinois.edu:1531533] pmix:mca: base: components_register: registering framework ras components
[ccc0398.campuscluster.illinois.edu:1531533] pmix:mca: base: components_register: found loaded component simulator
[ccc0398.campuscluster.illinois.edu:1531533] pmix:mca: base: components_register: component simulator register function successful
[ccc0398.campuscluster.illinois.edu:1531533] pmix:mca: base: components_register: found loaded component testrm
[ccc0398.campuscluster.illinois.edu:1531533] pmix:mca: base: components_register: component testrm register function successful
[ccc0398.campuscluster.illinois.edu:1531533] pmix:mca: base: components_register: found loaded component pbs
[ccc0398.campuscluster.illinois.edu:1531533] pmix:mca: base: components_register: component pbs register function successful
[ccc0398.campuscluster.illinois.edu:1531533] pmix:mca: base: components_register: found loaded component slurm
[ccc0398.campuscluster.illinois.edu:1531533] pmix:mca: base: components_register: component slurm register function successful
[ccc0398.campuscluster.illinois.edu:1531533] mca: base: components_open: opening ras components
[ccc0398.campuscluster.illinois.edu:1531533] mca: base: components_open: found loaded component simulator
[ccc0398.campuscluster.illinois.edu:1531533] mca: base: components_open: found loaded component testrm
[ccc0398.campuscluster.illinois.edu:1531533] mca: base: components_open: found loaded component pbs
[ccc0398.campuscluster.illinois.edu:1531533] mca: base: components_open: component pbs open function successful
[ccc0398.campuscluster.illinois.edu:1531533] mca: base: components_open: found loaded component slurm
[ccc0398.campuscluster.illinois.edu:1531533] mca: base: components_open: component slurm open function successful
[ccc0398.campuscluster.illinois.edu:1531533] mca:base:select: Auto-selecting ras components
[ccc0398.campuscluster.illinois.edu:1531533] mca:base:select:(  ras) Querying component [simulator]
[ccc0398.campuscluster.illinois.edu:1531533] mca:base:select:(  ras) Querying component [testrm]
[ccc0398.campuscluster.illinois.edu:1531533] mca:base:select:(  ras) Querying component [pbs]
[ccc0398.campuscluster.illinois.edu:1531533] mca:base:select:(  ras) Querying component [slurm]
[ccc0398.campuscluster.illinois.edu:1531533] [prterun-ccc0398-1531533@0,0] ras:slurm: available for selection
[ccc0398.campuscluster.illinois.edu:1531533] mca:base:select:(  ras) Query of component [slurm] set priority to 50
[ccc0398.campuscluster.illinois.edu:1531533] mca:base:select:(  ras) Selected component [slurm]
[ccc0398.campuscluster.illinois.edu:1531533] mca: base: close: unloading component simulator
[ccc0398.campuscluster.illinois.edu:1531533] mca: base: close: unloading component testrm
[ccc0398.campuscluster.illinois.edu:1531533] mca: base: close: unloading component pbs
[ccc0398.campuscluster.illinois.edu:1531533] [prterun-ccc0398-1531533@0,0] ras:base:allocate
[ccc0398.campuscluster.illinois.edu:1531533] [prterun-ccc0398-1531533@0,0] ras:slurm:allocate:discover: checking nodelist: ccc0398
[ccc0398.campuscluster.illinois.edu:1531533] [prterun-ccc0398-1531533@0,0] ras:slurm:allocate:discover: found node ccc0398
[ccc0398.campuscluster.illinois.edu:1531533] [prterun-ccc0398-1531533@0,0] ras:slurm:allocate:discover: adding node ccc0398 (2 slots)
[ccc0398.campuscluster.illinois.edu:1531533] [prterun-ccc0398-1531533@0,0] ras:slurm:allocate: success
[ccc0398.campuscluster.illinois.edu:1531533] [prterun-ccc0398-1531533@0,0] ras:base:node_insert inserting 1 nodes
[ccc0398.campuscluster.illinois.edu:1531533] [prterun-ccc0398-1531533@0,0] ras:base:node_insert updating HNP [ccc0398] info to 2 slots
[ccc0398.campuscluster.illinois.edu:1531533] [prterun-ccc0398-1531533@0,0] ras:base:allocate
[ccc0398.campuscluster.illinois.edu:1531533] [prterun-ccc0398-1531533@0,0] ras:base:allocate allocation already read
Completed method=crystal Nx=2048 Ny=2048 P=2
Running method=crystal Nx=8192 Ny=8192 P=2
[ccc0398.campuscluster.illinois.edu:1531579] mca: base: component_find: searching NULL for ras components
[ccc0398.campuscluster.illinois.edu:1531579] mca: base: find_dyn_components: checking NULL for ras components
[ccc0398.campuscluster.illinois.edu:1531579] pmix:mca: base: components_register: registering framework ras components
[ccc0398.campuscluster.illinois.edu:1531579] pmix:mca: base: components_register: found loaded component simulator
[ccc0398.campuscluster.illinois.edu:1531579] pmix:mca: base: components_register: component simulator register function successful
[ccc0398.campuscluster.illinois.edu:1531579] pmix:mca: base: components_register: found loaded component testrm
[ccc0398.campuscluster.illinois.edu:1531579] pmix:mca: base: components_register: component testrm register function successful
[ccc0398.campuscluster.illinois.edu:1531579] pmix:mca: base: components_register: found loaded component pbs
[ccc0398.campuscluster.illinois.edu:1531579] pmix:mca: base: components_register: component pbs register function successful
[ccc0398.campuscluster.illinois.edu:1531579] pmix:mca: base: components_register: found loaded component slurm
[ccc0398.campuscluster.illinois.edu:1531579] pmix:mca: base: components_register: component slurm register function successful
[ccc0398.campuscluster.illinois.edu:1531579] mca: base: components_open: opening ras components
[ccc0398.campuscluster.illinois.edu:1531579] mca: base: components_open: found loaded component simulator
[ccc0398.campuscluster.illinois.edu:1531579] mca: base: components_open: found loaded component testrm
[ccc0398.campuscluster.illinois.edu:1531579] mca: base: components_open: found loaded component pbs
[ccc0398.campuscluster.illinois.edu:1531579] mca: base: components_open: component pbs open function successful
[ccc0398.campuscluster.illinois.edu:1531579] mca: base: components_open: found loaded component slurm
[ccc0398.campuscluster.illinois.edu:1531579] mca: base: components_open: component slurm open function successful
[ccc0398.campuscluster.illinois.edu:1531579] mca:base:select: Auto-selecting ras components
[ccc0398.campuscluster.illinois.edu:1531579] mca:base:select:(  ras) Querying component [simulator]
[ccc0398.campuscluster.illinois.edu:1531579] mca:base:select:(  ras) Querying component [testrm]
[ccc0398.campuscluster.illinois.edu:1531579] mca:base:select:(  ras) Querying component [pbs]
[ccc0398.campuscluster.illinois.edu:1531579] mca:base:select:(  ras) Querying component [slurm]
[ccc0398.campuscluster.illinois.edu:1531579] [prterun-ccc0398-1531579@0,0] ras:slurm: available for selection
[ccc0398.campuscluster.illinois.edu:1531579] mca:base:select:(  ras) Query of component [slurm] set priority to 50
[ccc0398.campuscluster.illinois.edu:1531579] mca:base:select:(  ras) Selected component [slurm]
[ccc0398.campuscluster.illinois.edu:1531579] mca: base: close: unloading component simulator
[ccc0398.campuscluster.illinois.edu:1531579] mca: base: close: unloading component testrm
[ccc0398.campuscluster.illinois.edu:1531579] mca: base: close: unloading component pbs
[ccc0398.campuscluster.illinois.edu:1531579] [prterun-ccc0398-1531579@0,0] ras:base:allocate
[ccc0398.campuscluster.illinois.edu:1531579] [prterun-ccc0398-1531579@0,0] ras:slurm:allocate:discover: checking nodelist: ccc0398
[ccc0398.campuscluster.illinois.edu:1531579] [prterun-ccc0398-1531579@0,0] ras:slurm:allocate:discover: found node ccc0398
[ccc0398.campuscluster.illinois.edu:1531579] [prterun-ccc0398-1531579@0,0] ras:slurm:allocate:discover: adding node ccc0398 (2 slots)
[ccc0398.campuscluster.illinois.edu:1531579] [prterun-ccc0398-1531579@0,0] ras:slurm:allocate: success
[ccc0398.campuscluster.illinois.edu:1531579] [prterun-ccc0398-1531579@0,0] ras:base:node_insert inserting 1 nodes
[ccc0398.campuscluster.illinois.edu:1531579] [prterun-ccc0398-1531579@0,0] ras:base:node_insert updating HNP [ccc0398] info to 2 slots
[ccc0398.campuscluster.illinois.edu:1531579] [prterun-ccc0398-1531579@0,0] ras:base:allocate
[ccc0398.campuscluster.illinois.edu:1531579] [prterun-ccc0398-1531579@0,0] ras:base:allocate allocation already read
--------------------------------------------------------------------------
prterun noticed that process rank 1 with PID 1531584 on node ccc0398 exited on
signal 9 (Killed).
--------------------------------------------------------------------------
 Completed method=crystal Nx=8192 Ny=8192 P=2
[2026-09-22T22:43:47.013] error: Detected 2 oom_kill events in StepId=10715807.batch. Some of the step tasks have been OOM Killed.
