Running Poisson sweep with P=1
Running method=dealer Nx=32 Ny=32 P=1
[ccc0398.campuscluster.illinois.edu:1530609] mca: base: component_find: searching NULL for ras components
[ccc0398.campuscluster.illinois.edu:1530609] mca: base: find_dyn_components: checking NULL for ras components
[ccc0398.campuscluster.illinois.edu:1530609] pmix:mca: base: components_register: registering framework ras components
[ccc0398.campuscluster.illinois.edu:1530609] pmix:mca: base: components_register: found loaded component simulator
[ccc0398.campuscluster.illinois.edu:1530609] pmix:mca: base: components_register: component simulator register function successful
[ccc0398.campuscluster.illinois.edu:1530609] pmix:mca: base: components_register: found loaded component testrm
[ccc0398.campuscluster.illinois.edu:1530609] pmix:mca: base: components_register: component testrm register function successful
[ccc0398.campuscluster.illinois.edu:1530609] pmix:mca: base: components_register: found loaded component pbs
[ccc0398.campuscluster.illinois.edu:1530609] pmix:mca: base: components_register: component pbs register function successful
[ccc0398.campuscluster.illinois.edu:1530609] pmix:mca: base: components_register: found loaded component slurm
[ccc0398.campuscluster.illinois.edu:1530609] pmix:mca: base: components_register: component slurm register function successful
[ccc0398.campuscluster.illinois.edu:1530609] mca: base: components_open: opening ras components
[ccc0398.campuscluster.illinois.edu:1530609] mca: base: components_open: found loaded component simulator
[ccc0398.campuscluster.illinois.edu:1530609] mca: base: components_open: found loaded component testrm
[ccc0398.campuscluster.illinois.edu:1530609] mca: base: components_open: found loaded component pbs
[ccc0398.campuscluster.illinois.edu:1530609] mca: base: components_open: component pbs open function successful
[ccc0398.campuscluster.illinois.edu:1530609] mca: base: components_open: found loaded component slurm
[ccc0398.campuscluster.illinois.edu:1530609] mca: base: components_open: component slurm open function successful
[ccc0398.campuscluster.illinois.edu:1530609] mca:base:select: Auto-selecting ras components
[ccc0398.campuscluster.illinois.edu:1530609] mca:base:select:(  ras) Querying component [simulator]
[ccc0398.campuscluster.illinois.edu:1530609] mca:base:select:(  ras) Querying component [testrm]
[ccc0398.campuscluster.illinois.edu:1530609] mca:base:select:(  ras) Querying component [pbs]
[ccc0398.campuscluster.illinois.edu:1530609] mca:base:select:(  ras) Querying component [slurm]
[ccc0398.campuscluster.illinois.edu:1530609] [prterun-ccc0398-1530609@0,0] ras:slurm: available for selection
[ccc0398.campuscluster.illinois.edu:1530609] mca:base:select:(  ras) Query of component [slurm] set priority to 50
[ccc0398.campuscluster.illinois.edu:1530609] mca:base:select:(  ras) Selected component [slurm]
[ccc0398.campuscluster.illinois.edu:1530609] mca: base: close: unloading component simulator
[ccc0398.campuscluster.illinois.edu:1530609] mca: base: close: unloading component testrm
[ccc0398.campuscluster.illinois.edu:1530609] mca: base: close: unloading component pbs
[ccc0398.campuscluster.illinois.edu:1530609] [prterun-ccc0398-1530609@0,0] ras:base:allocate
[ccc0398.campuscluster.illinois.edu:1530609] [prterun-ccc0398-1530609@0,0] ras:slurm:allocate:discover: checking nodelist: ccc0398
[ccc0398.campuscluster.illinois.edu:1530609] [prterun-ccc0398-1530609@0,0] ras:slurm:allocate:discover: found node ccc0398
[ccc0398.campuscluster.illinois.edu:1530609] [prterun-ccc0398-1530609@0,0] ras:slurm:allocate:discover: adding node ccc0398 (1 slot)
[ccc0398.campuscluster.illinois.edu:1530609] [prterun-ccc0398-1530609@0,0] ras:slurm:allocate: success
[ccc0398.campuscluster.illinois.edu:1530609] [prterun-ccc0398-1530609@0,0] ras:base:node_insert inserting 1 nodes
[ccc0398.campuscluster.illinois.edu:1530609] [prterun-ccc0398-1530609@0,0] ras:base:node_insert updating HNP [ccc0398] info to 1 slots
[ccc0398.campuscluster.illinois.edu:1530609] [prterun-ccc0398-1530609@0,0] ras:base:allocate
[ccc0398.campuscluster.illinois.edu:1530609] [prterun-ccc0398-1530609@0,0] ras:base:allocate allocation already read
Completed method=dealer Nx=32 Ny=32 P=1
Running method=dealer Nx=128 Ny=128 P=1
[ccc0398.campuscluster.illinois.edu:1530821] mca: base: component_find: searching NULL for ras components
[ccc0398.campuscluster.illinois.edu:1530821] mca: base: find_dyn_components: checking NULL for ras components
[ccc0398.campuscluster.illinois.edu:1530821] pmix:mca: base: components_register: registering framework ras components
[ccc0398.campuscluster.illinois.edu:1530821] pmix:mca: base: components_register: found loaded component simulator
[ccc0398.campuscluster.illinois.edu:1530821] pmix:mca: base: components_register: component simulator register function successful
[ccc0398.campuscluster.illinois.edu:1530821] pmix:mca: base: components_register: found loaded component testrm
[ccc0398.campuscluster.illinois.edu:1530821] pmix:mca: base: components_register: component testrm register function successful
[ccc0398.campuscluster.illinois.edu:1530821] pmix:mca: base: components_register: found loaded component pbs
[ccc0398.campuscluster.illinois.edu:1530821] pmix:mca: base: components_register: component pbs register function successful
[ccc0398.campuscluster.illinois.edu:1530821] pmix:mca: base: components_register: found loaded component slurm
[ccc0398.campuscluster.illinois.edu:1530821] pmix:mca: base: components_register: component slurm register function successful
[ccc0398.campuscluster.illinois.edu:1530821] mca: base: components_open: opening ras components
[ccc0398.campuscluster.illinois.edu:1530821] mca: base: components_open: found loaded component simulator
[ccc0398.campuscluster.illinois.edu:1530821] mca: base: components_open: found loaded component testrm
[ccc0398.campuscluster.illinois.edu:1530821] mca: base: components_open: found loaded component pbs
[ccc0398.campuscluster.illinois.edu:1530821] mca: base: components_open: component pbs open function successful
[ccc0398.campuscluster.illinois.edu:1530821] mca: base: components_open: found loaded component slurm
[ccc0398.campuscluster.illinois.edu:1530821] mca: base: components_open: component slurm open function successful
[ccc0398.campuscluster.illinois.edu:1530821] mca:base:select: Auto-selecting ras components
[ccc0398.campuscluster.illinois.edu:1530821] mca:base:select:(  ras) Querying component [simulator]
[ccc0398.campuscluster.illinois.edu:1530821] mca:base:select:(  ras) Querying component [testrm]
[ccc0398.campuscluster.illinois.edu:1530821] mca:base:select:(  ras) Querying component [pbs]
[ccc0398.campuscluster.illinois.edu:1530821] mca:base:select:(  ras) Querying component [slurm]
[ccc0398.campuscluster.illinois.edu:1530821] [prterun-ccc0398-1530821@0,0] ras:slurm: available for selection
[ccc0398.campuscluster.illinois.edu:1530821] mca:base:select:(  ras) Query of component [slurm] set priority to 50
[ccc0398.campuscluster.illinois.edu:1530821] mca:base:select:(  ras) Selected component [slurm]
[ccc0398.campuscluster.illinois.edu:1530821] mca: base: close: unloading component simulator
[ccc0398.campuscluster.illinois.edu:1530821] mca: base: close: unloading component testrm
[ccc0398.campuscluster.illinois.edu:1530821] mca: base: close: unloading component pbs
[ccc0398.campuscluster.illinois.edu:1530821] [prterun-ccc0398-1530821@0,0] ras:base:allocate
[ccc0398.campuscluster.illinois.edu:1530821] [prterun-ccc0398-1530821@0,0] ras:slurm:allocate:discover: checking nodelist: ccc0398
[ccc0398.campuscluster.illinois.edu:1530821] [prterun-ccc0398-1530821@0,0] ras:slurm:allocate:discover: found node ccc0398
[ccc0398.campuscluster.illinois.edu:1530821] [prterun-ccc0398-1530821@0,0] ras:slurm:allocate:discover: adding node ccc0398 (1 slot)
[ccc0398.campuscluster.illinois.edu:1530821] [prterun-ccc0398-1530821@0,0] ras:slurm:allocate: success
[ccc0398.campuscluster.illinois.edu:1530821] [prterun-ccc0398-1530821@0,0] ras:base:node_insert inserting 1 nodes
[ccc0398.campuscluster.illinois.edu:1530821] [prterun-ccc0398-1530821@0,0] ras:base:node_insert updating HNP [ccc0398] info to 1 slots
[ccc0398.campuscluster.illinois.edu:1530821] [prterun-ccc0398-1530821@0,0] ras:base:allocate
[ccc0398.campuscluster.illinois.edu:1530821] [prterun-ccc0398-1530821@0,0] ras:base:allocate allocation already read
Completed method=dealer Nx=128 Ny=128 P=1
Running method=dealer Nx=512 Ny=512 P=1
[ccc0398.campuscluster.illinois.edu:1530903] mca: base: component_find: searching NULL for ras components
[ccc0398.campuscluster.illinois.edu:1530903] mca: base: find_dyn_components: checking NULL for ras components
[ccc0398.campuscluster.illinois.edu:1530903] pmix:mca: base: components_register: registering framework ras components
[ccc0398.campuscluster.illinois.edu:1530903] pmix:mca: base: components_register: found loaded component simulator
[ccc0398.campuscluster.illinois.edu:1530903] pmix:mca: base: components_register: component simulator register function successful
[ccc0398.campuscluster.illinois.edu:1530903] pmix:mca: base: components_register: found loaded component testrm
[ccc0398.campuscluster.illinois.edu:1530903] pmix:mca: base: components_register: component testrm register function successful
[ccc0398.campuscluster.illinois.edu:1530903] pmix:mca: base: components_register: found loaded component pbs
[ccc0398.campuscluster.illinois.edu:1530903] pmix:mca: base: components_register: component pbs register function successful
[ccc0398.campuscluster.illinois.edu:1530903] pmix:mca: base: components_register: found loaded component slurm
[ccc0398.campuscluster.illinois.edu:1530903] pmix:mca: base: components_register: component slurm register function successful
[ccc0398.campuscluster.illinois.edu:1530903] mca: base: components_open: opening ras components
[ccc0398.campuscluster.illinois.edu:1530903] mca: base: components_open: found loaded component simulator
[ccc0398.campuscluster.illinois.edu:1530903] mca: base: components_open: found loaded component testrm
[ccc0398.campuscluster.illinois.edu:1530903] mca: base: components_open: found loaded component pbs
[ccc0398.campuscluster.illinois.edu:1530903] mca: base: components_open: component pbs open function successful
[ccc0398.campuscluster.illinois.edu:1530903] mca: base: components_open: found loaded component slurm
[ccc0398.campuscluster.illinois.edu:1530903] mca: base: components_open: component slurm open function successful
[ccc0398.campuscluster.illinois.edu:1530903] mca:base:select: Auto-selecting ras components
[ccc0398.campuscluster.illinois.edu:1530903] mca:base:select:(  ras) Querying component [simulator]
[ccc0398.campuscluster.illinois.edu:1530903] mca:base:select:(  ras) Querying component [testrm]
[ccc0398.campuscluster.illinois.edu:1530903] mca:base:select:(  ras) Querying component [pbs]
[ccc0398.campuscluster.illinois.edu:1530903] mca:base:select:(  ras) Querying component [slurm]
[ccc0398.campuscluster.illinois.edu:1530903] [prterun-ccc0398-1530903@0,0] ras:slurm: available for selection
[ccc0398.campuscluster.illinois.edu:1530903] mca:base:select:(  ras) Query of component [slurm] set priority to 50
[ccc0398.campuscluster.illinois.edu:1530903] mca:base:select:(  ras) Selected component [slurm]
[ccc0398.campuscluster.illinois.edu:1530903] mca: base: close: unloading component simulator
[ccc0398.campuscluster.illinois.edu:1530903] mca: base: close: unloading component testrm
[ccc0398.campuscluster.illinois.edu:1530903] mca: base: close: unloading component pbs
[ccc0398.campuscluster.illinois.edu:1530903] [prterun-ccc0398-1530903@0,0] ras:base:allocate
[ccc0398.campuscluster.illinois.edu:1530903] [prterun-ccc0398-1530903@0,0] ras:slurm:allocate:discover: checking nodelist: ccc0398
[ccc0398.campuscluster.illinois.edu:1530903] [prterun-ccc0398-1530903@0,0] ras:slurm:allocate:discover: found node ccc0398
[ccc0398.campuscluster.illinois.edu:1530903] [prterun-ccc0398-1530903@0,0] ras:slurm:allocate:discover: adding node ccc0398 (1 slot)
[ccc0398.campuscluster.illinois.edu:1530903] [prterun-ccc0398-1530903@0,0] ras:slurm:allocate: success
[ccc0398.campuscluster.illinois.edu:1530903] [prterun-ccc0398-1530903@0,0] ras:base:node_insert inserting 1 nodes
[ccc0398.campuscluster.illinois.edu:1530903] [prterun-ccc0398-1530903@0,0] ras:base:node_insert updating HNP [ccc0398] info to 1 slots
[ccc0398.campuscluster.illinois.edu:1530903] [prterun-ccc0398-1530903@0,0] ras:base:allocate
[ccc0398.campuscluster.illinois.edu:1530903] [prterun-ccc0398-1530903@0,0] ras:base:allocate allocation already read
Completed method=dealer Nx=512 Ny=512 P=1
Running method=dealer Nx=2048 Ny=2048 P=1
[ccc0398.campuscluster.illinois.edu:1531154] mca: base: component_find: searching NULL for ras components
[ccc0398.campuscluster.illinois.edu:1531154] mca: base: find_dyn_components: checking NULL for ras components
[ccc0398.campuscluster.illinois.edu:1531154] pmix:mca: base: components_register: registering framework ras components
[ccc0398.campuscluster.illinois.edu:1531154] pmix:mca: base: components_register: found loaded component simulator
[ccc0398.campuscluster.illinois.edu:1531154] pmix:mca: base: components_register: component simulator register function successful
[ccc0398.campuscluster.illinois.edu:1531154] pmix:mca: base: components_register: found loaded component testrm
[ccc0398.campuscluster.illinois.edu:1531154] pmix:mca: base: components_register: component testrm register function successful
[ccc0398.campuscluster.illinois.edu:1531154] pmix:mca: base: components_register: found loaded component pbs
[ccc0398.campuscluster.illinois.edu:1531154] pmix:mca: base: components_register: component pbs register function successful
[ccc0398.campuscluster.illinois.edu:1531154] pmix:mca: base: components_register: found loaded component slurm
[ccc0398.campuscluster.illinois.edu:1531154] pmix:mca: base: components_register: component slurm register function successful
[ccc0398.campuscluster.illinois.edu:1531154] mca: base: components_open: opening ras components
[ccc0398.campuscluster.illinois.edu:1531154] mca: base: components_open: found loaded component simulator
[ccc0398.campuscluster.illinois.edu:1531154] mca: base: components_open: found loaded component testrm
[ccc0398.campuscluster.illinois.edu:1531154] mca: base: components_open: found loaded component pbs
[ccc0398.campuscluster.illinois.edu:1531154] mca: base: components_open: component pbs open function successful
[ccc0398.campuscluster.illinois.edu:1531154] mca: base: components_open: found loaded component slurm
[ccc0398.campuscluster.illinois.edu:1531154] mca: base: components_open: component slurm open function successful
[ccc0398.campuscluster.illinois.edu:1531154] mca:base:select: Auto-selecting ras components
[ccc0398.campuscluster.illinois.edu:1531154] mca:base:select:(  ras) Querying component [simulator]
[ccc0398.campuscluster.illinois.edu:1531154] mca:base:select:(  ras) Querying component [testrm]
[ccc0398.campuscluster.illinois.edu:1531154] mca:base:select:(  ras) Querying component [pbs]
[ccc0398.campuscluster.illinois.edu:1531154] mca:base:select:(  ras) Querying component [slurm]
[ccc0398.campuscluster.illinois.edu:1531154] [prterun-ccc0398-1531154@0,0] ras:slurm: available for selection
[ccc0398.campuscluster.illinois.edu:1531154] mca:base:select:(  ras) Query of component [slurm] set priority to 50
[ccc0398.campuscluster.illinois.edu:1531154] mca:base:select:(  ras) Selected component [slurm]
[ccc0398.campuscluster.illinois.edu:1531154] mca: base: close: unloading component simulator
[ccc0398.campuscluster.illinois.edu:1531154] mca: base: close: unloading component testrm
[ccc0398.campuscluster.illinois.edu:1531154] mca: base: close: unloading component pbs
[ccc0398.campuscluster.illinois.edu:1531154] [prterun-ccc0398-1531154@0,0] ras:base:allocate
[ccc0398.campuscluster.illinois.edu:1531154] [prterun-ccc0398-1531154@0,0] ras:slurm:allocate:discover: checking nodelist: ccc0398
[ccc0398.campuscluster.illinois.edu:1531154] [prterun-ccc0398-1531154@0,0] ras:slurm:allocate:discover: found node ccc0398
[ccc0398.campuscluster.illinois.edu:1531154] [prterun-ccc0398-1531154@0,0] ras:slurm:allocate:discover: adding node ccc0398 (1 slot)
[ccc0398.campuscluster.illinois.edu:1531154] [prterun-ccc0398-1531154@0,0] ras:slurm:allocate: success
[ccc0398.campuscluster.illinois.edu:1531154] [prterun-ccc0398-1531154@0,0] ras:base:node_insert inserting 1 nodes
[ccc0398.campuscluster.illinois.edu:1531154] [prterun-ccc0398-1531154@0,0] ras:base:node_insert updating HNP [ccc0398] info to 1 slots
[ccc0398.campuscluster.illinois.edu:1531154] [prterun-ccc0398-1531154@0,0] ras:base:allocate
[ccc0398.campuscluster.illinois.edu:1531154] [prterun-ccc0398-1531154@0,0] ras:base:allocate allocation already read
Completed method=dealer Nx=2048 Ny=2048 P=1
Running method=dealer Nx=8192 Ny=8192 P=1
[ccc0398.campuscluster.illinois.edu:1531543] mca: base: component_find: searching NULL for ras components
[ccc0398.campuscluster.illinois.edu:1531543] mca: base: find_dyn_components: checking NULL for ras components
[ccc0398.campuscluster.illinois.edu:1531543] pmix:mca: base: components_register: registering framework ras components
[ccc0398.campuscluster.illinois.edu:1531543] pmix:mca: base: components_register: found loaded component simulator
[ccc0398.campuscluster.illinois.edu:1531543] pmix:mca: base: components_register: component simulator register function successful
[ccc0398.campuscluster.illinois.edu:1531543] pmix:mca: base: components_register: found loaded component testrm
[ccc0398.campuscluster.illinois.edu:1531543] pmix:mca: base: components_register: component testrm register function successful
[ccc0398.campuscluster.illinois.edu:1531543] pmix:mca: base: components_register: found loaded component pbs
[ccc0398.campuscluster.illinois.edu:1531543] pmix:mca: base: components_register: component pbs register function successful
[ccc0398.campuscluster.illinois.edu:1531543] pmix:mca: base: components_register: found loaded component slurm
[ccc0398.campuscluster.illinois.edu:1531543] pmix:mca: base: components_register: component slurm register function successful
[ccc0398.campuscluster.illinois.edu:1531543] mca: base: components_open: opening ras components
[ccc0398.campuscluster.illinois.edu:1531543] mca: base: components_open: found loaded component simulator
[ccc0398.campuscluster.illinois.edu:1531543] mca: base: components_open: found loaded component testrm
[ccc0398.campuscluster.illinois.edu:1531543] mca: base: components_open: found loaded component pbs
[ccc0398.campuscluster.illinois.edu:1531543] mca: base: components_open: component pbs open function successful
[ccc0398.campuscluster.illinois.edu:1531543] mca: base: components_open: found loaded component slurm
[ccc0398.campuscluster.illinois.edu:1531543] mca: base: components_open: component slurm open function successful
[ccc0398.campuscluster.illinois.edu:1531543] mca:base:select: Auto-selecting ras components
[ccc0398.campuscluster.illinois.edu:1531543] mca:base:select:(  ras) Querying component [simulator]
[ccc0398.campuscluster.illinois.edu:1531543] mca:base:select:(  ras) Querying component [testrm]
[ccc0398.campuscluster.illinois.edu:1531543] mca:base:select:(  ras) Querying component [pbs]
[ccc0398.campuscluster.illinois.edu:1531543] mca:base:select:(  ras) Querying component [slurm]
[ccc0398.campuscluster.illinois.edu:1531543] [prterun-ccc0398-1531543@0,0] ras:slurm: available for selection
[ccc0398.campuscluster.illinois.edu:1531543] mca:base:select:(  ras) Query of component [slurm] set priority to 50
[ccc0398.campuscluster.illinois.edu:1531543] mca:base:select:(  ras) Selected component [slurm]
[ccc0398.campuscluster.illinois.edu:1531543] mca: base: close: unloading component simulator
[ccc0398.campuscluster.illinois.edu:1531543] mca: base: close: unloading component testrm
[ccc0398.campuscluster.illinois.edu:1531543] mca: base: close: unloading component pbs
[ccc0398.campuscluster.illinois.edu:1531543] [prterun-ccc0398-1531543@0,0] ras:base:allocate
[ccc0398.campuscluster.illinois.edu:1531543] [prterun-ccc0398-1531543@0,0] ras:slurm:allocate:discover: checking nodelist: ccc0398
[ccc0398.campuscluster.illinois.edu:1531543] [prterun-ccc0398-1531543@0,0] ras:slurm:allocate:discover: found node ccc0398
[ccc0398.campuscluster.illinois.edu:1531543] [prterun-ccc0398-1531543@0,0] ras:slurm:allocate:discover: adding node ccc0398 (1 slot)
[ccc0398.campuscluster.illinois.edu:1531543] [prterun-ccc0398-1531543@0,0] ras:slurm:allocate: success
[ccc0398.campuscluster.illinois.edu:1531543] [prterun-ccc0398-1531543@0,0] ras:base:node_insert inserting 1 nodes
[ccc0398.campuscluster.illinois.edu:1531543] [prterun-ccc0398-1531543@0,0] ras:base:node_insert updating HNP [ccc0398] info to 1 slots
[ccc0398.campuscluster.illinois.edu:1531543] [prterun-ccc0398-1531543@0,0] ras:base:allocate
[ccc0398.campuscluster.illinois.edu:1531543] [prterun-ccc0398-1531543@0,0] ras:base:allocate allocation already read
--------------------------------------------------------------------------
prterun noticed that process rank 0 with PID 1531547 on node ccc0398 exited on
signal 9 (Killed).
--------------------------------------------------------------------------
 Completed method=dealer Nx=8192 Ny=8192 P=1
Running method=crystal Nx=32 Ny=32 P=1
[ccc0398.campuscluster.illinois.edu:1531550] mca: base: component_find: searching NULL for ras components
[ccc0398.campuscluster.illinois.edu:1531550] mca: base: find_dyn_components: checking NULL for ras components
[ccc0398.campuscluster.illinois.edu:1531550] pmix:mca: base: components_register: registering framework ras components
[ccc0398.campuscluster.illinois.edu:1531550] pmix:mca: base: components_register: found loaded component simulator
[ccc0398.campuscluster.illinois.edu:1531550] pmix:mca: base: components_register: component simulator register function successful
[ccc0398.campuscluster.illinois.edu:1531550] pmix:mca: base: components_register: found loaded component testrm
[ccc0398.campuscluster.illinois.edu:1531550] pmix:mca: base: components_register: component testrm register function successful
[ccc0398.campuscluster.illinois.edu:1531550] pmix:mca: base: components_register: found loaded component pbs
[ccc0398.campuscluster.illinois.edu:1531550] pmix:mca: base: components_register: component pbs register function successful
[ccc0398.campuscluster.illinois.edu:1531550] pmix:mca: base: components_register: found loaded component slurm
[ccc0398.campuscluster.illinois.edu:1531550] pmix:mca: base: components_register: component slurm register function successful
[ccc0398.campuscluster.illinois.edu:1531550] mca: base: components_open: opening ras components
[ccc0398.campuscluster.illinois.edu:1531550] mca: base: components_open: found loaded component simulator
[ccc0398.campuscluster.illinois.edu:1531550] mca: base: components_open: found loaded component testrm
[ccc0398.campuscluster.illinois.edu:1531550] mca: base: components_open: found loaded component pbs
[ccc0398.campuscluster.illinois.edu:1531550] mca: base: components_open: component pbs open function successful
[ccc0398.campuscluster.illinois.edu:1531550] mca: base: components_open: found loaded component slurm
[ccc0398.campuscluster.illinois.edu:1531550] mca: base: components_open: component slurm open function successful
[ccc0398.campuscluster.illinois.edu:1531550] mca:base:select: Auto-selecting ras components
[ccc0398.campuscluster.illinois.edu:1531550] mca:base:select:(  ras) Querying component [simulator]
[ccc0398.campuscluster.illinois.edu:1531550] mca:base:select:(  ras) Querying component [testrm]
[ccc0398.campuscluster.illinois.edu:1531550] mca:base:select:(  ras) Querying component [pbs]
[ccc0398.campuscluster.illinois.edu:1531550] mca:base:select:(  ras) Querying component [slurm]
[ccc0398.campuscluster.illinois.edu:1531550] [prterun-ccc0398-1531550@0,0] ras:slurm: available for selection
[ccc0398.campuscluster.illinois.edu:1531550] mca:base:select:(  ras) Query of component [slurm] set priority to 50
[ccc0398.campuscluster.illinois.edu:1531550] mca:base:select:(  ras) Selected component [slurm]
[ccc0398.campuscluster.illinois.edu:1531550] mca: base: close: unloading component simulator
[ccc0398.campuscluster.illinois.edu:1531550] mca: base: close: unloading component testrm
[ccc0398.campuscluster.illinois.edu:1531550] mca: base: close: unloading component pbs
[ccc0398.campuscluster.illinois.edu:1531550] [prterun-ccc0398-1531550@0,0] ras:base:allocate
[ccc0398.campuscluster.illinois.edu:1531550] [prterun-ccc0398-1531550@0,0] ras:slurm:allocate:discover: checking nodelist: ccc0398
[ccc0398.campuscluster.illinois.edu:1531550] [prterun-ccc0398-1531550@0,0] ras:slurm:allocate:discover: found node ccc0398
[ccc0398.campuscluster.illinois.edu:1531550] [prterun-ccc0398-1531550@0,0] ras:slurm:allocate:discover: adding node ccc0398 (1 slot)
[ccc0398.campuscluster.illinois.edu:1531550] [prterun-ccc0398-1531550@0,0] ras:slurm:allocate: success
[ccc0398.campuscluster.illinois.edu:1531550] [prterun-ccc0398-1531550@0,0] ras:base:node_insert inserting 1 nodes
[ccc0398.campuscluster.illinois.edu:1531550] [prterun-ccc0398-1531550@0,0] ras:base:node_insert updating HNP [ccc0398] info to 1 slots
[ccc0398.campuscluster.illinois.edu:1531550] [prterun-ccc0398-1531550@0,0] ras:base:allocate
[ccc0398.campuscluster.illinois.edu:1531550] [prterun-ccc0398-1531550@0,0] ras:base:allocate allocation already read
Completed method=crystal Nx=32 Ny=32 P=1
Running method=crystal Nx=128 Ny=128 P=1
[ccc0398.campuscluster.illinois.edu:1531557] mca: base: component_find: searching NULL for ras components
[ccc0398.campuscluster.illinois.edu:1531557] mca: base: find_dyn_components: checking NULL for ras components
[ccc0398.campuscluster.illinois.edu:1531557] pmix:mca: base: components_register: registering framework ras components
[ccc0398.campuscluster.illinois.edu:1531557] pmix:mca: base: components_register: found loaded component simulator
[ccc0398.campuscluster.illinois.edu:1531557] pmix:mca: base: components_register: component simulator register function successful
[ccc0398.campuscluster.illinois.edu:1531557] pmix:mca: base: components_register: found loaded component testrm
[ccc0398.campuscluster.illinois.edu:1531557] pmix:mca: base: components_register: component testrm register function successful
[ccc0398.campuscluster.illinois.edu:1531557] pmix:mca: base: components_register: found loaded component pbs
[ccc0398.campuscluster.illinois.edu:1531557] pmix:mca: base: components_register: component pbs register function successful
[ccc0398.campuscluster.illinois.edu:1531557] pmix:mca: base: components_register: found loaded component slurm
[ccc0398.campuscluster.illinois.edu:1531557] pmix:mca: base: components_register: component slurm register function successful
[ccc0398.campuscluster.illinois.edu:1531557] mca: base: components_open: opening ras components
[ccc0398.campuscluster.illinois.edu:1531557] mca: base: components_open: found loaded component simulator
[ccc0398.campuscluster.illinois.edu:1531557] mca: base: components_open: found loaded component testrm
[ccc0398.campuscluster.illinois.edu:1531557] mca: base: components_open: found loaded component pbs
[ccc0398.campuscluster.illinois.edu:1531557] mca: base: components_open: component pbs open function successful
[ccc0398.campuscluster.illinois.edu:1531557] mca: base: components_open: found loaded component slurm
[ccc0398.campuscluster.illinois.edu:1531557] mca: base: components_open: component slurm open function successful
[ccc0398.campuscluster.illinois.edu:1531557] mca:base:select: Auto-selecting ras components
[ccc0398.campuscluster.illinois.edu:1531557] mca:base:select:(  ras) Querying component [simulator]
[ccc0398.campuscluster.illinois.edu:1531557] mca:base:select:(  ras) Querying component [testrm]
[ccc0398.campuscluster.illinois.edu:1531557] mca:base:select:(  ras) Querying component [pbs]
[ccc0398.campuscluster.illinois.edu:1531557] mca:base:select:(  ras) Querying component [slurm]
[ccc0398.campuscluster.illinois.edu:1531557] [prterun-ccc0398-1531557@0,0] ras:slurm: available for selection
[ccc0398.campuscluster.illinois.edu:1531557] mca:base:select:(  ras) Query of component [slurm] set priority to 50
[ccc0398.campuscluster.illinois.edu:1531557] mca:base:select:(  ras) Selected component [slurm]
[ccc0398.campuscluster.illinois.edu:1531557] mca: base: close: unloading component simulator
[ccc0398.campuscluster.illinois.edu:1531557] mca: base: close: unloading component testrm
[ccc0398.campuscluster.illinois.edu:1531557] mca: base: close: unloading component pbs
[ccc0398.campuscluster.illinois.edu:1531557] [prterun-ccc0398-1531557@0,0] ras:base:allocate
[ccc0398.campuscluster.illinois.edu:1531557] [prterun-ccc0398-1531557@0,0] ras:slurm:allocate:discover: checking nodelist: ccc0398
[ccc0398.campuscluster.illinois.edu:1531557] [prterun-ccc0398-1531557@0,0] ras:slurm:allocate:discover: found node ccc0398
[ccc0398.campuscluster.illinois.edu:1531557] [prterun-ccc0398-1531557@0,0] ras:slurm:allocate:discover: adding node ccc0398 (1 slot)
[ccc0398.campuscluster.illinois.edu:1531557] [prterun-ccc0398-1531557@0,0] ras:slurm:allocate: success
[ccc0398.campuscluster.illinois.edu:1531557] [prterun-ccc0398-1531557@0,0] ras:base:node_insert inserting 1 nodes
[ccc0398.campuscluster.illinois.edu:1531557] [prterun-ccc0398-1531557@0,0] ras:base:node_insert updating HNP [ccc0398] info to 1 slots
[ccc0398.campuscluster.illinois.edu:1531557] [prterun-ccc0398-1531557@0,0] ras:base:allocate
[ccc0398.campuscluster.illinois.edu:1531557] [prterun-ccc0398-1531557@0,0] ras:base:allocate allocation already read
Completed method=crystal Nx=128 Ny=128 P=1
Running method=crystal Nx=512 Ny=512 P=1
[ccc0398.campuscluster.illinois.edu:1531564] mca: base: component_find: searching NULL for ras components
[ccc0398.campuscluster.illinois.edu:1531564] mca: base: find_dyn_components: checking NULL for ras components
[ccc0398.campuscluster.illinois.edu:1531564] pmix:mca: base: components_register: registering framework ras components
[ccc0398.campuscluster.illinois.edu:1531564] pmix:mca: base: components_register: found loaded component simulator
[ccc0398.campuscluster.illinois.edu:1531564] pmix:mca: base: components_register: component simulator register function successful
[ccc0398.campuscluster.illinois.edu:1531564] pmix:mca: base: components_register: found loaded component testrm
[ccc0398.campuscluster.illinois.edu:1531564] pmix:mca: base: components_register: component testrm register function successful
[ccc0398.campuscluster.illinois.edu:1531564] pmix:mca: base: components_register: found loaded component pbs
[ccc0398.campuscluster.illinois.edu:1531564] pmix:mca: base: components_register: component pbs register function successful
[ccc0398.campuscluster.illinois.edu:1531564] pmix:mca: base: components_register: found loaded component slurm
[ccc0398.campuscluster.illinois.edu:1531564] pmix:mca: base: components_register: component slurm register function successful
[ccc0398.campuscluster.illinois.edu:1531564] mca: base: components_open: opening ras components
[ccc0398.campuscluster.illinois.edu:1531564] mca: base: components_open: found loaded component simulator
[ccc0398.campuscluster.illinois.edu:1531564] mca: base: components_open: found loaded component testrm
[ccc0398.campuscluster.illinois.edu:1531564] mca: base: components_open: found loaded component pbs
[ccc0398.campuscluster.illinois.edu:1531564] mca: base: components_open: component pbs open function successful
[ccc0398.campuscluster.illinois.edu:1531564] mca: base: components_open: found loaded component slurm
[ccc0398.campuscluster.illinois.edu:1531564] mca: base: components_open: component slurm open function successful
[ccc0398.campuscluster.illinois.edu:1531564] mca:base:select: Auto-selecting ras components
[ccc0398.campuscluster.illinois.edu:1531564] mca:base:select:(  ras) Querying component [simulator]
[ccc0398.campuscluster.illinois.edu:1531564] mca:base:select:(  ras) Querying component [testrm]
[ccc0398.campuscluster.illinois.edu:1531564] mca:base:select:(  ras) Querying component [pbs]
[ccc0398.campuscluster.illinois.edu:1531564] mca:base:select:(  ras) Querying component [slurm]
[ccc0398.campuscluster.illinois.edu:1531564] [prterun-ccc0398-1531564@0,0] ras:slurm: available for selection
[ccc0398.campuscluster.illinois.edu:1531564] mca:base:select:(  ras) Query of component [slurm] set priority to 50
[ccc0398.campuscluster.illinois.edu:1531564] mca:base:select:(  ras) Selected component [slurm]
[ccc0398.campuscluster.illinois.edu:1531564] mca: base: close: unloading component simulator
[ccc0398.campuscluster.illinois.edu:1531564] mca: base: close: unloading component testrm
[ccc0398.campuscluster.illinois.edu:1531564] mca: base: close: unloading component pbs
[ccc0398.campuscluster.illinois.edu:1531564] [prterun-ccc0398-1531564@0,0] ras:base:allocate
[ccc0398.campuscluster.illinois.edu:1531564] [prterun-ccc0398-1531564@0,0] ras:slurm:allocate:discover: checking nodelist: ccc0398
[ccc0398.campuscluster.illinois.edu:1531564] [prterun-ccc0398-1531564@0,0] ras:slurm:allocate:discover: found node ccc0398
[ccc0398.campuscluster.illinois.edu:1531564] [prterun-ccc0398-1531564@0,0] ras:slurm:allocate:discover: adding node ccc0398 (1 slot)
[ccc0398.campuscluster.illinois.edu:1531564] [prterun-ccc0398-1531564@0,0] ras:slurm:allocate: success
[ccc0398.campuscluster.illinois.edu:1531564] [prterun-ccc0398-1531564@0,0] ras:base:node_insert inserting 1 nodes
[ccc0398.campuscluster.illinois.edu:1531564] [prterun-ccc0398-1531564@0,0] ras:base:node_insert updating HNP [ccc0398] info to 1 slots
[ccc0398.campuscluster.illinois.edu:1531564] [prterun-ccc0398-1531564@0,0] ras:base:allocate
[ccc0398.campuscluster.illinois.edu:1531564] [prterun-ccc0398-1531564@0,0] ras:base:allocate allocation already read
Completed method=crystal Nx=512 Ny=512 P=1
Running method=crystal Nx=2048 Ny=2048 P=1
[ccc0398.campuscluster.illinois.edu:1531571] mca: base: component_find: searching NULL for ras components
[ccc0398.campuscluster.illinois.edu:1531571] mca: base: find_dyn_components: checking NULL for ras components
[ccc0398.campuscluster.illinois.edu:1531571] pmix:mca: base: components_register: registering framework ras components
[ccc0398.campuscluster.illinois.edu:1531571] pmix:mca: base: components_register: found loaded component simulator
[ccc0398.campuscluster.illinois.edu:1531571] pmix:mca: base: components_register: component simulator register function successful
[ccc0398.campuscluster.illinois.edu:1531571] pmix:mca: base: components_register: found loaded component testrm
[ccc0398.campuscluster.illinois.edu:1531571] pmix:mca: base: components_register: component testrm register function successful
[ccc0398.campuscluster.illinois.edu:1531571] pmix:mca: base: components_register: found loaded component pbs
[ccc0398.campuscluster.illinois.edu:1531571] pmix:mca: base: components_register: component pbs register function successful
[ccc0398.campuscluster.illinois.edu:1531571] pmix:mca: base: components_register: found loaded component slurm
[ccc0398.campuscluster.illinois.edu:1531571] pmix:mca: base: components_register: component slurm register function successful
[ccc0398.campuscluster.illinois.edu:1531571] mca: base: components_open: opening ras components
[ccc0398.campuscluster.illinois.edu:1531571] mca: base: components_open: found loaded component simulator
[ccc0398.campuscluster.illinois.edu:1531571] mca: base: components_open: found loaded component testrm
[ccc0398.campuscluster.illinois.edu:1531571] mca: base: components_open: found loaded component pbs
[ccc0398.campuscluster.illinois.edu:1531571] mca: base: components_open: component pbs open function successful
[ccc0398.campuscluster.illinois.edu:1531571] mca: base: components_open: found loaded component slurm
[ccc0398.campuscluster.illinois.edu:1531571] mca: base: components_open: component slurm open function successful
[ccc0398.campuscluster.illinois.edu:1531571] mca:base:select: Auto-selecting ras components
[ccc0398.campuscluster.illinois.edu:1531571] mca:base:select:(  ras) Querying component [simulator]
[ccc0398.campuscluster.illinois.edu:1531571] mca:base:select:(  ras) Querying component [testrm]
[ccc0398.campuscluster.illinois.edu:1531571] mca:base:select:(  ras) Querying component [pbs]
[ccc0398.campuscluster.illinois.edu:1531571] mca:base:select:(  ras) Querying component [slurm]
[ccc0398.campuscluster.illinois.edu:1531571] [prterun-ccc0398-1531571@0,0] ras:slurm: available for selection
[ccc0398.campuscluster.illinois.edu:1531571] mca:base:select:(  ras) Query of component [slurm] set priority to 50
[ccc0398.campuscluster.illinois.edu:1531571] mca:base:select:(  ras) Selected component [slurm]
[ccc0398.campuscluster.illinois.edu:1531571] mca: base: close: unloading component simulator
[ccc0398.campuscluster.illinois.edu:1531571] mca: base: close: unloading component testrm
[ccc0398.campuscluster.illinois.edu:1531571] mca: base: close: unloading component pbs
[ccc0398.campuscluster.illinois.edu:1531571] [prterun-ccc0398-1531571@0,0] ras:base:allocate
[ccc0398.campuscluster.illinois.edu:1531571] [prterun-ccc0398-1531571@0,0] ras:slurm:allocate:discover: checking nodelist: ccc0398
[ccc0398.campuscluster.illinois.edu:1531571] [prterun-ccc0398-1531571@0,0] ras:slurm:allocate:discover: found node ccc0398
[ccc0398.campuscluster.illinois.edu:1531571] [prterun-ccc0398-1531571@0,0] ras:slurm:allocate:discover: adding node ccc0398 (1 slot)
[ccc0398.campuscluster.illinois.edu:1531571] [prterun-ccc0398-1531571@0,0] ras:slurm:allocate: success
[ccc0398.campuscluster.illinois.edu:1531571] [prterun-ccc0398-1531571@0,0] ras:base:node_insert inserting 1 nodes
[ccc0398.campuscluster.illinois.edu:1531571] [prterun-ccc0398-1531571@0,0] ras:base:node_insert updating HNP [ccc0398] info to 1 slots
[ccc0398.campuscluster.illinois.edu:1531571] [prterun-ccc0398-1531571@0,0] ras:base:allocate
[ccc0398.campuscluster.illinois.edu:1531571] [prterun-ccc0398-1531571@0,0] ras:base:allocate allocation already read
Completed method=crystal Nx=2048 Ny=2048 P=1
Running method=crystal Nx=8192 Ny=8192 P=1
[ccc0398.campuscluster.illinois.edu:1532289] mca: base: component_find: searching NULL for ras components
[ccc0398.campuscluster.illinois.edu:1532289] mca: base: find_dyn_components: checking NULL for ras components
[ccc0398.campuscluster.illinois.edu:1532289] pmix:mca: base: components_register: registering framework ras components
[ccc0398.campuscluster.illinois.edu:1532289] pmix:mca: base: components_register: found loaded component simulator
[ccc0398.campuscluster.illinois.edu:1532289] pmix:mca: base: components_register: component simulator register function successful
[ccc0398.campuscluster.illinois.edu:1532289] pmix:mca: base: components_register: found loaded component testrm
[ccc0398.campuscluster.illinois.edu:1532289] pmix:mca: base: components_register: component testrm register function successful
[ccc0398.campuscluster.illinois.edu:1532289] pmix:mca: base: components_register: found loaded component pbs
[ccc0398.campuscluster.illinois.edu:1532289] pmix:mca: base: components_register: component pbs register function successful
[ccc0398.campuscluster.illinois.edu:1532289] pmix:mca: base: components_register: found loaded component slurm
[ccc0398.campuscluster.illinois.edu:1532289] pmix:mca: base: components_register: component slurm register function successful
[ccc0398.campuscluster.illinois.edu:1532289] mca: base: components_open: opening ras components
[ccc0398.campuscluster.illinois.edu:1532289] mca: base: components_open: found loaded component simulator
[ccc0398.campuscluster.illinois.edu:1532289] mca: base: components_open: found loaded component testrm
[ccc0398.campuscluster.illinois.edu:1532289] mca: base: components_open: found loaded component pbs
[ccc0398.campuscluster.illinois.edu:1532289] mca: base: components_open: component pbs open function successful
[ccc0398.campuscluster.illinois.edu:1532289] mca: base: components_open: found loaded component slurm
[ccc0398.campuscluster.illinois.edu:1532289] mca: base: components_open: component slurm open function successful
[ccc0398.campuscluster.illinois.edu:1532289] mca:base:select: Auto-selecting ras components
[ccc0398.campuscluster.illinois.edu:1532289] mca:base:select:(  ras) Querying component [simulator]
[ccc0398.campuscluster.illinois.edu:1532289] mca:base:select:(  ras) Querying component [testrm]
[ccc0398.campuscluster.illinois.edu:1532289] mca:base:select:(  ras) Querying component [pbs]
[ccc0398.campuscluster.illinois.edu:1532289] mca:base:select:(  ras) Querying component [slurm]
[ccc0398.campuscluster.illinois.edu:1532289] [prterun-ccc0398-1532289@0,0] ras:slurm: available for selection
[ccc0398.campuscluster.illinois.edu:1532289] mca:base:select:(  ras) Query of component [slurm] set priority to 50
[ccc0398.campuscluster.illinois.edu:1532289] mca:base:select:(  ras) Selected component [slurm]
[ccc0398.campuscluster.illinois.edu:1532289] mca: base: close: unloading component simulator
[ccc0398.campuscluster.illinois.edu:1532289] mca: base: close: unloading component testrm
[ccc0398.campuscluster.illinois.edu:1532289] mca: base: close: unloading component pbs
[ccc0398.campuscluster.illinois.edu:1532289] [prterun-ccc0398-1532289@0,0] ras:base:allocate
[ccc0398.campuscluster.illinois.edu:1532289] [prterun-ccc0398-1532289@0,0] ras:slurm:allocate:discover: checking nodelist: ccc0398
[ccc0398.campuscluster.illinois.edu:1532289] [prterun-ccc0398-1532289@0,0] ras:slurm:allocate:discover: found node ccc0398
[ccc0398.campuscluster.illinois.edu:1532289] [prterun-ccc0398-1532289@0,0] ras:slurm:allocate:discover: adding node ccc0398 (1 slot)
[ccc0398.campuscluster.illinois.edu:1532289] [prterun-ccc0398-1532289@0,0] ras:slurm:allocate: success
[ccc0398.campuscluster.illinois.edu:1532289] [prterun-ccc0398-1532289@0,0] ras:base:node_insert inserting 1 nodes
[ccc0398.campuscluster.illinois.edu:1532289] [prterun-ccc0398-1532289@0,0] ras:base:node_insert updating HNP [ccc0398] info to 1 slots
[ccc0398.campuscluster.illinois.edu:1532289] [prterun-ccc0398-1532289@0,0] ras:base:allocate
[ccc0398.campuscluster.illinois.edu:1532289] [prterun-ccc0398-1532289@0,0] ras:base:allocate allocation already read
--------------------------------------------------------------------------
prterun noticed that process rank 0 with PID 1532293 on node ccc0398 exited on
signal 9 (Killed).
--------------------------------------------------------------------------
 Completed method=crystal Nx=8192 Ny=8192 P=1
[2026-09-22T22:44:24.709] error: Detected 2 oom_kill events in StepId=10715806.batch. Some of the step tasks have been OOM Killed.
