Running Poisson sweep with P=4
Running method=dealer Nx=32 Ny=32 P=4
[ccc0398.campuscluster.illinois.edu:1530599] mca: base: component_find: searching NULL for ras components
[ccc0398.campuscluster.illinois.edu:1530599] mca: base: find_dyn_components: checking NULL for ras components
[ccc0398.campuscluster.illinois.edu:1530599] pmix:mca: base: components_register: registering framework ras components
[ccc0398.campuscluster.illinois.edu:1530599] pmix:mca: base: components_register: found loaded component simulator
[ccc0398.campuscluster.illinois.edu:1530599] pmix:mca: base: components_register: component simulator register function successful
[ccc0398.campuscluster.illinois.edu:1530599] pmix:mca: base: components_register: found loaded component testrm
[ccc0398.campuscluster.illinois.edu:1530599] pmix:mca: base: components_register: component testrm register function successful
[ccc0398.campuscluster.illinois.edu:1530599] pmix:mca: base: components_register: found loaded component pbs
[ccc0398.campuscluster.illinois.edu:1530599] pmix:mca: base: components_register: component pbs register function successful
[ccc0398.campuscluster.illinois.edu:1530599] pmix:mca: base: components_register: found loaded component slurm
[ccc0398.campuscluster.illinois.edu:1530599] pmix:mca: base: components_register: component slurm register function successful
[ccc0398.campuscluster.illinois.edu:1530599] mca: base: components_open: opening ras components
[ccc0398.campuscluster.illinois.edu:1530599] mca: base: components_open: found loaded component simulator
[ccc0398.campuscluster.illinois.edu:1530599] mca: base: components_open: found loaded component testrm
[ccc0398.campuscluster.illinois.edu:1530599] mca: base: components_open: found loaded component pbs
[ccc0398.campuscluster.illinois.edu:1530599] mca: base: components_open: component pbs open function successful
[ccc0398.campuscluster.illinois.edu:1530599] mca: base: components_open: found loaded component slurm
[ccc0398.campuscluster.illinois.edu:1530599] mca: base: components_open: component slurm open function successful
[ccc0398.campuscluster.illinois.edu:1530599] mca:base:select: Auto-selecting ras components
[ccc0398.campuscluster.illinois.edu:1530599] mca:base:select:(  ras) Querying component [simulator]
[ccc0398.campuscluster.illinois.edu:1530599] mca:base:select:(  ras) Querying component [testrm]
[ccc0398.campuscluster.illinois.edu:1530599] mca:base:select:(  ras) Querying component [pbs]
[ccc0398.campuscluster.illinois.edu:1530599] mca:base:select:(  ras) Querying component [slurm]
[ccc0398.campuscluster.illinois.edu:1530599] [prterun-ccc0398-1530599@0,0] ras:slurm: available for selection
[ccc0398.campuscluster.illinois.edu:1530599] mca:base:select:(  ras) Query of component [slurm] set priority to 50
[ccc0398.campuscluster.illinois.edu:1530599] mca:base:select:(  ras) Selected component [slurm]
[ccc0398.campuscluster.illinois.edu:1530599] mca: base: close: unloading component simulator
[ccc0398.campuscluster.illinois.edu:1530599] mca: base: close: unloading component testrm
[ccc0398.campuscluster.illinois.edu:1530599] mca: base: close: unloading component pbs
[ccc0398.campuscluster.illinois.edu:1530599] [prterun-ccc0398-1530599@0,0] ras:base:allocate
[ccc0398.campuscluster.illinois.edu:1530599] [prterun-ccc0398-1530599@0,0] ras:slurm:allocate:discover: checking nodelist: ccc0398
[ccc0398.campuscluster.illinois.edu:1530599] [prterun-ccc0398-1530599@0,0] ras:slurm:allocate:discover: found node ccc0398
[ccc0398.campuscluster.illinois.edu:1530599] [prterun-ccc0398-1530599@0,0] ras:slurm:allocate:discover: adding node ccc0398 (4 slots)
[ccc0398.campuscluster.illinois.edu:1530599] [prterun-ccc0398-1530599@0,0] ras:slurm:allocate: success
[ccc0398.campuscluster.illinois.edu:1530599] [prterun-ccc0398-1530599@0,0] ras:base:node_insert inserting 1 nodes
[ccc0398.campuscluster.illinois.edu:1530599] [prterun-ccc0398-1530599@0,0] ras:base:node_insert updating HNP [ccc0398] info to 4 slots
[ccc0398.campuscluster.illinois.edu:1530599] [prterun-ccc0398-1530599@0,0] ras:base:allocate
[ccc0398.campuscluster.illinois.edu:1530599] [prterun-ccc0398-1530599@0,0] ras:base:allocate allocation already read
Completed method=dealer Nx=32 Ny=32 P=4
Running method=dealer Nx=128 Ny=128 P=4
[ccc0398.campuscluster.illinois.edu:1530836] mca: base: component_find: searching NULL for ras components
[ccc0398.campuscluster.illinois.edu:1530836] mca: base: find_dyn_components: checking NULL for ras components
[ccc0398.campuscluster.illinois.edu:1530836] pmix:mca: base: components_register: registering framework ras components
[ccc0398.campuscluster.illinois.edu:1530836] pmix:mca: base: components_register: found loaded component simulator
[ccc0398.campuscluster.illinois.edu:1530836] pmix:mca: base: components_register: component simulator register function successful
[ccc0398.campuscluster.illinois.edu:1530836] pmix:mca: base: components_register: found loaded component testrm
[ccc0398.campuscluster.illinois.edu:1530836] pmix:mca: base: components_register: component testrm register function successful
[ccc0398.campuscluster.illinois.edu:1530836] pmix:mca: base: components_register: found loaded component pbs
[ccc0398.campuscluster.illinois.edu:1530836] pmix:mca: base: components_register: component pbs register function successful
[ccc0398.campuscluster.illinois.edu:1530836] pmix:mca: base: components_register: found loaded component slurm
[ccc0398.campuscluster.illinois.edu:1530836] pmix:mca: base: components_register: component slurm register function successful
[ccc0398.campuscluster.illinois.edu:1530836] mca: base: components_open: opening ras components
[ccc0398.campuscluster.illinois.edu:1530836] mca: base: components_open: found loaded component simulator
[ccc0398.campuscluster.illinois.edu:1530836] mca: base: components_open: found loaded component testrm
[ccc0398.campuscluster.illinois.edu:1530836] mca: base: components_open: found loaded component pbs
[ccc0398.campuscluster.illinois.edu:1530836] mca: base: components_open: component pbs open function successful
[ccc0398.campuscluster.illinois.edu:1530836] mca: base: components_open: found loaded component slurm
[ccc0398.campuscluster.illinois.edu:1530836] mca: base: components_open: component slurm open function successful
[ccc0398.campuscluster.illinois.edu:1530836] mca:base:select: Auto-selecting ras components
[ccc0398.campuscluster.illinois.edu:1530836] mca:base:select:(  ras) Querying component [simulator]
[ccc0398.campuscluster.illinois.edu:1530836] mca:base:select:(  ras) Querying component [testrm]
[ccc0398.campuscluster.illinois.edu:1530836] mca:base:select:(  ras) Querying component [pbs]
[ccc0398.campuscluster.illinois.edu:1530836] mca:base:select:(  ras) Querying component [slurm]
[ccc0398.campuscluster.illinois.edu:1530836] [prterun-ccc0398-1530836@0,0] ras:slurm: available for selection
[ccc0398.campuscluster.illinois.edu:1530836] mca:base:select:(  ras) Query of component [slurm] set priority to 50
[ccc0398.campuscluster.illinois.edu:1530836] mca:base:select:(  ras) Selected component [slurm]
[ccc0398.campuscluster.illinois.edu:1530836] mca: base: close: unloading component simulator
[ccc0398.campuscluster.illinois.edu:1530836] mca: base: close: unloading component testrm
[ccc0398.campuscluster.illinois.edu:1530836] mca: base: close: unloading component pbs
[ccc0398.campuscluster.illinois.edu:1530836] [prterun-ccc0398-1530836@0,0] ras:base:allocate
[ccc0398.campuscluster.illinois.edu:1530836] [prterun-ccc0398-1530836@0,0] ras:slurm:allocate:discover: checking nodelist: ccc0398
[ccc0398.campuscluster.illinois.edu:1530836] [prterun-ccc0398-1530836@0,0] ras:slurm:allocate:discover: found node ccc0398
[ccc0398.campuscluster.illinois.edu:1530836] [prterun-ccc0398-1530836@0,0] ras:slurm:allocate:discover: adding node ccc0398 (4 slots)
[ccc0398.campuscluster.illinois.edu:1530836] [prterun-ccc0398-1530836@0,0] ras:slurm:allocate: success
[ccc0398.campuscluster.illinois.edu:1530836] [prterun-ccc0398-1530836@0,0] ras:base:node_insert inserting 1 nodes
[ccc0398.campuscluster.illinois.edu:1530836] [prterun-ccc0398-1530836@0,0] ras:base:node_insert updating HNP [ccc0398] info to 4 slots
[ccc0398.campuscluster.illinois.edu:1530836] [prterun-ccc0398-1530836@0,0] ras:base:allocate
[ccc0398.campuscluster.illinois.edu:1530836] [prterun-ccc0398-1530836@0,0] ras:base:allocate allocation already read
Completed method=dealer Nx=128 Ny=128 P=4
Running method=dealer Nx=512 Ny=512 P=4
[ccc0398.campuscluster.illinois.edu:1530949] mca: base: component_find: searching NULL for ras components
[ccc0398.campuscluster.illinois.edu:1530949] mca: base: find_dyn_components: checking NULL for ras components
[ccc0398.campuscluster.illinois.edu:1530949] pmix:mca: base: components_register: registering framework ras components
[ccc0398.campuscluster.illinois.edu:1530949] pmix:mca: base: components_register: found loaded component simulator
[ccc0398.campuscluster.illinois.edu:1530949] pmix:mca: base: components_register: component simulator register function successful
[ccc0398.campuscluster.illinois.edu:1530949] pmix:mca: base: components_register: found loaded component testrm
[ccc0398.campuscluster.illinois.edu:1530949] pmix:mca: base: components_register: component testrm register function successful
[ccc0398.campuscluster.illinois.edu:1530949] pmix:mca: base: components_register: found loaded component pbs
[ccc0398.campuscluster.illinois.edu:1530949] pmix:mca: base: components_register: component pbs register function successful
[ccc0398.campuscluster.illinois.edu:1530949] pmix:mca: base: components_register: found loaded component slurm
[ccc0398.campuscluster.illinois.edu:1530949] pmix:mca: base: components_register: component slurm register function successful
[ccc0398.campuscluster.illinois.edu:1530949] mca: base: components_open: opening ras components
[ccc0398.campuscluster.illinois.edu:1530949] mca: base: components_open: found loaded component simulator
[ccc0398.campuscluster.illinois.edu:1530949] mca: base: components_open: found loaded component testrm
[ccc0398.campuscluster.illinois.edu:1530949] mca: base: components_open: found loaded component pbs
[ccc0398.campuscluster.illinois.edu:1530949] mca: base: components_open: component pbs open function successful
[ccc0398.campuscluster.illinois.edu:1530949] mca: base: components_open: found loaded component slurm
[ccc0398.campuscluster.illinois.edu:1530949] mca: base: components_open: component slurm open function successful
[ccc0398.campuscluster.illinois.edu:1530949] mca:base:select: Auto-selecting ras components
[ccc0398.campuscluster.illinois.edu:1530949] mca:base:select:(  ras) Querying component [simulator]
[ccc0398.campuscluster.illinois.edu:1530949] mca:base:select:(  ras) Querying component [testrm]
[ccc0398.campuscluster.illinois.edu:1530949] mca:base:select:(  ras) Querying component [pbs]
[ccc0398.campuscluster.illinois.edu:1530949] mca:base:select:(  ras) Querying component [slurm]
[ccc0398.campuscluster.illinois.edu:1530949] [prterun-ccc0398-1530949@0,0] ras:slurm: available for selection
[ccc0398.campuscluster.illinois.edu:1530949] mca:base:select:(  ras) Query of component [slurm] set priority to 50
[ccc0398.campuscluster.illinois.edu:1530949] mca:base:select:(  ras) Selected component [slurm]
[ccc0398.campuscluster.illinois.edu:1530949] mca: base: close: unloading component simulator
[ccc0398.campuscluster.illinois.edu:1530949] mca: base: close: unloading component testrm
[ccc0398.campuscluster.illinois.edu:1530949] mca: base: close: unloading component pbs
[ccc0398.campuscluster.illinois.edu:1530949] [prterun-ccc0398-1530949@0,0] ras:base:allocate
[ccc0398.campuscluster.illinois.edu:1530949] [prterun-ccc0398-1530949@0,0] ras:slurm:allocate:discover: checking nodelist: ccc0398
[ccc0398.campuscluster.illinois.edu:1530949] [prterun-ccc0398-1530949@0,0] ras:slurm:allocate:discover: found node ccc0398
[ccc0398.campuscluster.illinois.edu:1530949] [prterun-ccc0398-1530949@0,0] ras:slurm:allocate:discover: adding node ccc0398 (4 slots)
[ccc0398.campuscluster.illinois.edu:1530949] [prterun-ccc0398-1530949@0,0] ras:slurm:allocate: success
[ccc0398.campuscluster.illinois.edu:1530949] [prterun-ccc0398-1530949@0,0] ras:base:node_insert inserting 1 nodes
[ccc0398.campuscluster.illinois.edu:1530949] [prterun-ccc0398-1530949@0,0] ras:base:node_insert updating HNP [ccc0398] info to 4 slots
[ccc0398.campuscluster.illinois.edu:1530949] [prterun-ccc0398-1530949@0,0] ras:base:allocate
[ccc0398.campuscluster.illinois.edu:1530949] [prterun-ccc0398-1530949@0,0] ras:base:allocate allocation already read
Completed method=dealer Nx=512 Ny=512 P=4
Running method=dealer Nx=2048 Ny=2048 P=4
[ccc0398.campuscluster.illinois.edu:1531048] mca: base: component_find: searching NULL for ras components
[ccc0398.campuscluster.illinois.edu:1531048] mca: base: find_dyn_components: checking NULL for ras components
[ccc0398.campuscluster.illinois.edu:1531048] pmix:mca: base: components_register: registering framework ras components
[ccc0398.campuscluster.illinois.edu:1531048] pmix:mca: base: components_register: found loaded component simulator
[ccc0398.campuscluster.illinois.edu:1531048] pmix:mca: base: components_register: component simulator register function successful
[ccc0398.campuscluster.illinois.edu:1531048] pmix:mca: base: components_register: found loaded component testrm
[ccc0398.campuscluster.illinois.edu:1531048] pmix:mca: base: components_register: component testrm register function successful
[ccc0398.campuscluster.illinois.edu:1531048] pmix:mca: base: components_register: found loaded component pbs
[ccc0398.campuscluster.illinois.edu:1531048] pmix:mca: base: components_register: component pbs register function successful
[ccc0398.campuscluster.illinois.edu:1531048] pmix:mca: base: components_register: found loaded component slurm
[ccc0398.campuscluster.illinois.edu:1531048] pmix:mca: base: components_register: component slurm register function successful
[ccc0398.campuscluster.illinois.edu:1531048] mca: base: components_open: opening ras components
[ccc0398.campuscluster.illinois.edu:1531048] mca: base: components_open: found loaded component simulator
[ccc0398.campuscluster.illinois.edu:1531048] mca: base: components_open: found loaded component testrm
[ccc0398.campuscluster.illinois.edu:1531048] mca: base: components_open: found loaded component pbs
[ccc0398.campuscluster.illinois.edu:1531048] mca: base: components_open: component pbs open function successful
[ccc0398.campuscluster.illinois.edu:1531048] mca: base: components_open: found loaded component slurm
[ccc0398.campuscluster.illinois.edu:1531048] mca: base: components_open: component slurm open function successful
[ccc0398.campuscluster.illinois.edu:1531048] mca:base:select: Auto-selecting ras components
[ccc0398.campuscluster.illinois.edu:1531048] mca:base:select:(  ras) Querying component [simulator]
[ccc0398.campuscluster.illinois.edu:1531048] mca:base:select:(  ras) Querying component [testrm]
[ccc0398.campuscluster.illinois.edu:1531048] mca:base:select:(  ras) Querying component [pbs]
[ccc0398.campuscluster.illinois.edu:1531048] mca:base:select:(  ras) Querying component [slurm]
[ccc0398.campuscluster.illinois.edu:1531048] [prterun-ccc0398-1531048@0,0] ras:slurm: available for selection
[ccc0398.campuscluster.illinois.edu:1531048] mca:base:select:(  ras) Query of component [slurm] set priority to 50
[ccc0398.campuscluster.illinois.edu:1531048] mca:base:select:(  ras) Selected component [slurm]
[ccc0398.campuscluster.illinois.edu:1531048] mca: base: close: unloading component simulator
[ccc0398.campuscluster.illinois.edu:1531048] mca: base: close: unloading component testrm
[ccc0398.campuscluster.illinois.edu:1531048] mca: base: close: unloading component pbs
[ccc0398.campuscluster.illinois.edu:1531048] [prterun-ccc0398-1531048@0,0] ras:base:allocate
[ccc0398.campuscluster.illinois.edu:1531048] [prterun-ccc0398-1531048@0,0] ras:slurm:allocate:discover: checking nodelist: ccc0398
[ccc0398.campuscluster.illinois.edu:1531048] [prterun-ccc0398-1531048@0,0] ras:slurm:allocate:discover: found node ccc0398
[ccc0398.campuscluster.illinois.edu:1531048] [prterun-ccc0398-1531048@0,0] ras:slurm:allocate:discover: adding node ccc0398 (4 slots)
[ccc0398.campuscluster.illinois.edu:1531048] [prterun-ccc0398-1531048@0,0] ras:slurm:allocate: success
[ccc0398.campuscluster.illinois.edu:1531048] [prterun-ccc0398-1531048@0,0] ras:base:node_insert inserting 1 nodes
[ccc0398.campuscluster.illinois.edu:1531048] [prterun-ccc0398-1531048@0,0] ras:base:node_insert updating HNP [ccc0398] info to 4 slots
[ccc0398.campuscluster.illinois.edu:1531048] [prterun-ccc0398-1531048@0,0] ras:base:allocate
[ccc0398.campuscluster.illinois.edu:1531048] [prterun-ccc0398-1531048@0,0] ras:base:allocate allocation already read
Completed method=dealer Nx=2048 Ny=2048 P=4
Running method=dealer Nx=8192 Ny=8192 P=4
[ccc0398.campuscluster.illinois.edu:1531241] mca: base: component_find: searching NULL for ras components
[ccc0398.campuscluster.illinois.edu:1531241] mca: base: find_dyn_components: checking NULL for ras components
[ccc0398.campuscluster.illinois.edu:1531241] pmix:mca: base: components_register: registering framework ras components
[ccc0398.campuscluster.illinois.edu:1531241] pmix:mca: base: components_register: found loaded component simulator
[ccc0398.campuscluster.illinois.edu:1531241] pmix:mca: base: components_register: component simulator register function successful
[ccc0398.campuscluster.illinois.edu:1531241] pmix:mca: base: components_register: found loaded component testrm
[ccc0398.campuscluster.illinois.edu:1531241] pmix:mca: base: components_register: component testrm register function successful
[ccc0398.campuscluster.illinois.edu:1531241] pmix:mca: base: components_register: found loaded component pbs
[ccc0398.campuscluster.illinois.edu:1531241] pmix:mca: base: components_register: component pbs register function successful
[ccc0398.campuscluster.illinois.edu:1531241] pmix:mca: base: components_register: found loaded component slurm
[ccc0398.campuscluster.illinois.edu:1531241] pmix:mca: base: components_register: component slurm register function successful
[ccc0398.campuscluster.illinois.edu:1531241] mca: base: components_open: opening ras components
[ccc0398.campuscluster.illinois.edu:1531241] mca: base: components_open: found loaded component simulator
[ccc0398.campuscluster.illinois.edu:1531241] mca: base: components_open: found loaded component testrm
[ccc0398.campuscluster.illinois.edu:1531241] mca: base: components_open: found loaded component pbs
[ccc0398.campuscluster.illinois.edu:1531241] mca: base: components_open: component pbs open function successful
[ccc0398.campuscluster.illinois.edu:1531241] mca: base: components_open: found loaded component slurm
[ccc0398.campuscluster.illinois.edu:1531241] mca: base: components_open: component slurm open function successful
[ccc0398.campuscluster.illinois.edu:1531241] mca:base:select: Auto-selecting ras components
[ccc0398.campuscluster.illinois.edu:1531241] mca:base:select:(  ras) Querying component [simulator]
[ccc0398.campuscluster.illinois.edu:1531241] mca:base:select:(  ras) Querying component [testrm]
[ccc0398.campuscluster.illinois.edu:1531241] mca:base:select:(  ras) Querying component [pbs]
[ccc0398.campuscluster.illinois.edu:1531241] mca:base:select:(  ras) Querying component [slurm]
[ccc0398.campuscluster.illinois.edu:1531241] [prterun-ccc0398-1531241@0,0] ras:slurm: available for selection
[ccc0398.campuscluster.illinois.edu:1531241] mca:base:select:(  ras) Query of component [slurm] set priority to 50
[ccc0398.campuscluster.illinois.edu:1531241] mca:base:select:(  ras) Selected component [slurm]
[ccc0398.campuscluster.illinois.edu:1531241] mca: base: close: unloading component simulator
[ccc0398.campuscluster.illinois.edu:1531241] mca: base: close: unloading component testrm
[ccc0398.campuscluster.illinois.edu:1531241] mca: base: close: unloading component pbs
[ccc0398.campuscluster.illinois.edu:1531241] [prterun-ccc0398-1531241@0,0] ras:base:allocate
[ccc0398.campuscluster.illinois.edu:1531241] [prterun-ccc0398-1531241@0,0] ras:slurm:allocate:discover: checking nodelist: ccc0398
[ccc0398.campuscluster.illinois.edu:1531241] [prterun-ccc0398-1531241@0,0] ras:slurm:allocate:discover: found node ccc0398
[ccc0398.campuscluster.illinois.edu:1531241] [prterun-ccc0398-1531241@0,0] ras:slurm:allocate:discover: adding node ccc0398 (4 slots)
[ccc0398.campuscluster.illinois.edu:1531241] [prterun-ccc0398-1531241@0,0] ras:slurm:allocate: success
[ccc0398.campuscluster.illinois.edu:1531241] [prterun-ccc0398-1531241@0,0] ras:base:node_insert inserting 1 nodes
[ccc0398.campuscluster.illinois.edu:1531241] [prterun-ccc0398-1531241@0,0] ras:base:node_insert updating HNP [ccc0398] info to 4 slots
[ccc0398.campuscluster.illinois.edu:1531241] [prterun-ccc0398-1531241@0,0] ras:base:allocate
[ccc0398.campuscluster.illinois.edu:1531241] [prterun-ccc0398-1531241@0,0] ras:base:allocate allocation already read
Completed method=dealer Nx=8192 Ny=8192 P=4
Running method=crystal Nx=32 Ny=32 P=4
[ccc0398.campuscluster.illinois.edu:1532854] mca: base: component_find: searching NULL for ras components
[ccc0398.campuscluster.illinois.edu:1532854] mca: base: find_dyn_components: checking NULL for ras components
[ccc0398.campuscluster.illinois.edu:1532854] pmix:mca: base: components_register: registering framework ras components
[ccc0398.campuscluster.illinois.edu:1532854] pmix:mca: base: components_register: found loaded component simulator
[ccc0398.campuscluster.illinois.edu:1532854] pmix:mca: base: components_register: component simulator register function successful
[ccc0398.campuscluster.illinois.edu:1532854] pmix:mca: base: components_register: found loaded component testrm
[ccc0398.campuscluster.illinois.edu:1532854] pmix:mca: base: components_register: component testrm register function successful
[ccc0398.campuscluster.illinois.edu:1532854] pmix:mca: base: components_register: found loaded component pbs
[ccc0398.campuscluster.illinois.edu:1532854] pmix:mca: base: components_register: component pbs register function successful
[ccc0398.campuscluster.illinois.edu:1532854] pmix:mca: base: components_register: found loaded component slurm
[ccc0398.campuscluster.illinois.edu:1532854] pmix:mca: base: components_register: component slurm register function successful
[ccc0398.campuscluster.illinois.edu:1532854] mca: base: components_open: opening ras components
[ccc0398.campuscluster.illinois.edu:1532854] mca: base: components_open: found loaded component simulator
[ccc0398.campuscluster.illinois.edu:1532854] mca: base: components_open: found loaded component testrm
[ccc0398.campuscluster.illinois.edu:1532854] mca: base: components_open: found loaded component pbs
[ccc0398.campuscluster.illinois.edu:1532854] mca: base: components_open: component pbs open function successful
[ccc0398.campuscluster.illinois.edu:1532854] mca: base: components_open: found loaded component slurm
[ccc0398.campuscluster.illinois.edu:1532854] mca: base: components_open: component slurm open function successful
[ccc0398.campuscluster.illinois.edu:1532854] mca:base:select: Auto-selecting ras components
[ccc0398.campuscluster.illinois.edu:1532854] mca:base:select:(  ras) Querying component [simulator]
[ccc0398.campuscluster.illinois.edu:1532854] mca:base:select:(  ras) Querying component [testrm]
[ccc0398.campuscluster.illinois.edu:1532854] mca:base:select:(  ras) Querying component [pbs]
[ccc0398.campuscluster.illinois.edu:1532854] mca:base:select:(  ras) Querying component [slurm]
[ccc0398.campuscluster.illinois.edu:1532854] [prterun-ccc0398-1532854@0,0] ras:slurm: available for selection
[ccc0398.campuscluster.illinois.edu:1532854] mca:base:select:(  ras) Query of component [slurm] set priority to 50
[ccc0398.campuscluster.illinois.edu:1532854] mca:base:select:(  ras) Selected component [slurm]
[ccc0398.campuscluster.illinois.edu:1532854] mca: base: close: unloading component simulator
[ccc0398.campuscluster.illinois.edu:1532854] mca: base: close: unloading component testrm
[ccc0398.campuscluster.illinois.edu:1532854] mca: base: close: unloading component pbs
[ccc0398.campuscluster.illinois.edu:1532854] [prterun-ccc0398-1532854@0,0] ras:base:allocate
[ccc0398.campuscluster.illinois.edu:1532854] [prterun-ccc0398-1532854@0,0] ras:slurm:allocate:discover: checking nodelist: ccc0398
[ccc0398.campuscluster.illinois.edu:1532854] [prterun-ccc0398-1532854@0,0] ras:slurm:allocate:discover: found node ccc0398
[ccc0398.campuscluster.illinois.edu:1532854] [prterun-ccc0398-1532854@0,0] ras:slurm:allocate:discover: adding node ccc0398 (4 slots)
[ccc0398.campuscluster.illinois.edu:1532854] [prterun-ccc0398-1532854@0,0] ras:slurm:allocate: success
[ccc0398.campuscluster.illinois.edu:1532854] [prterun-ccc0398-1532854@0,0] ras:base:node_insert inserting 1 nodes
[ccc0398.campuscluster.illinois.edu:1532854] [prterun-ccc0398-1532854@0,0] ras:base:node_insert updating HNP [ccc0398] info to 4 slots
[ccc0398.campuscluster.illinois.edu:1532854] [prterun-ccc0398-1532854@0,0] ras:base:allocate
[ccc0398.campuscluster.illinois.edu:1532854] [prterun-ccc0398-1532854@0,0] ras:base:allocate allocation already read
Completed method=crystal Nx=32 Ny=32 P=4
Running method=crystal Nx=128 Ny=128 P=4
[ccc0398.campuscluster.illinois.edu:1532870] mca: base: component_find: searching NULL for ras components
[ccc0398.campuscluster.illinois.edu:1532870] mca: base: find_dyn_components: checking NULL for ras components
[ccc0398.campuscluster.illinois.edu:1532870] pmix:mca: base: components_register: registering framework ras components
[ccc0398.campuscluster.illinois.edu:1532870] pmix:mca: base: components_register: found loaded component simulator
[ccc0398.campuscluster.illinois.edu:1532870] pmix:mca: base: components_register: component simulator register function successful
[ccc0398.campuscluster.illinois.edu:1532870] pmix:mca: base: components_register: found loaded component testrm
[ccc0398.campuscluster.illinois.edu:1532870] pmix:mca: base: components_register: component testrm register function successful
[ccc0398.campuscluster.illinois.edu:1532870] pmix:mca: base: components_register: found loaded component pbs
[ccc0398.campuscluster.illinois.edu:1532870] pmix:mca: base: components_register: component pbs register function successful
[ccc0398.campuscluster.illinois.edu:1532870] pmix:mca: base: components_register: found loaded component slurm
[ccc0398.campuscluster.illinois.edu:1532870] pmix:mca: base: components_register: component slurm register function successful
[ccc0398.campuscluster.illinois.edu:1532870] mca: base: components_open: opening ras components
[ccc0398.campuscluster.illinois.edu:1532870] mca: base: components_open: found loaded component simulator
[ccc0398.campuscluster.illinois.edu:1532870] mca: base: components_open: found loaded component testrm
[ccc0398.campuscluster.illinois.edu:1532870] mca: base: components_open: found loaded component pbs
[ccc0398.campuscluster.illinois.edu:1532870] mca: base: components_open: component pbs open function successful
[ccc0398.campuscluster.illinois.edu:1532870] mca: base: components_open: found loaded component slurm
[ccc0398.campuscluster.illinois.edu:1532870] mca: base: components_open: component slurm open function successful
[ccc0398.campuscluster.illinois.edu:1532870] mca:base:select: Auto-selecting ras components
[ccc0398.campuscluster.illinois.edu:1532870] mca:base:select:(  ras) Querying component [simulator]
[ccc0398.campuscluster.illinois.edu:1532870] mca:base:select:(  ras) Querying component [testrm]
[ccc0398.campuscluster.illinois.edu:1532870] mca:base:select:(  ras) Querying component [pbs]
[ccc0398.campuscluster.illinois.edu:1532870] mca:base:select:(  ras) Querying component [slurm]
[ccc0398.campuscluster.illinois.edu:1532870] [prterun-ccc0398-1532870@0,0] ras:slurm: available for selection
[ccc0398.campuscluster.illinois.edu:1532870] mca:base:select:(  ras) Query of component [slurm] set priority to 50
[ccc0398.campuscluster.illinois.edu:1532870] mca:base:select:(  ras) Selected component [slurm]
[ccc0398.campuscluster.illinois.edu:1532870] mca: base: close: unloading component simulator
[ccc0398.campuscluster.illinois.edu:1532870] mca: base: close: unloading component testrm
[ccc0398.campuscluster.illinois.edu:1532870] mca: base: close: unloading component pbs
[ccc0398.campuscluster.illinois.edu:1532870] [prterun-ccc0398-1532870@0,0] ras:base:allocate
[ccc0398.campuscluster.illinois.edu:1532870] [prterun-ccc0398-1532870@0,0] ras:slurm:allocate:discover: checking nodelist: ccc0398
[ccc0398.campuscluster.illinois.edu:1532870] [prterun-ccc0398-1532870@0,0] ras:slurm:allocate:discover: found node ccc0398
[ccc0398.campuscluster.illinois.edu:1532870] [prterun-ccc0398-1532870@0,0] ras:slurm:allocate:discover: adding node ccc0398 (4 slots)
[ccc0398.campuscluster.illinois.edu:1532870] [prterun-ccc0398-1532870@0,0] ras:slurm:allocate: success
[ccc0398.campuscluster.illinois.edu:1532870] [prterun-ccc0398-1532870@0,0] ras:base:node_insert inserting 1 nodes
[ccc0398.campuscluster.illinois.edu:1532870] [prterun-ccc0398-1532870@0,0] ras:base:node_insert updating HNP [ccc0398] info to 4 slots
[ccc0398.campuscluster.illinois.edu:1532870] [prterun-ccc0398-1532870@0,0] ras:base:allocate
[ccc0398.campuscluster.illinois.edu:1532870] [prterun-ccc0398-1532870@0,0] ras:base:allocate allocation already read
Completed method=crystal Nx=128 Ny=128 P=4
Running method=crystal Nx=512 Ny=512 P=4
[ccc0398.campuscluster.illinois.edu:1532886] mca: base: component_find: searching NULL for ras components
[ccc0398.campuscluster.illinois.edu:1532886] mca: base: find_dyn_components: checking NULL for ras components
[ccc0398.campuscluster.illinois.edu:1532886] pmix:mca: base: components_register: registering framework ras components
[ccc0398.campuscluster.illinois.edu:1532886] pmix:mca: base: components_register: found loaded component simulator
[ccc0398.campuscluster.illinois.edu:1532886] pmix:mca: base: components_register: component simulator register function successful
[ccc0398.campuscluster.illinois.edu:1532886] pmix:mca: base: components_register: found loaded component testrm
[ccc0398.campuscluster.illinois.edu:1532886] pmix:mca: base: components_register: component testrm register function successful
[ccc0398.campuscluster.illinois.edu:1532886] pmix:mca: base: components_register: found loaded component pbs
[ccc0398.campuscluster.illinois.edu:1532886] pmix:mca: base: components_register: component pbs register function successful
[ccc0398.campuscluster.illinois.edu:1532886] pmix:mca: base: components_register: found loaded component slurm
[ccc0398.campuscluster.illinois.edu:1532886] pmix:mca: base: components_register: component slurm register function successful
[ccc0398.campuscluster.illinois.edu:1532886] mca: base: components_open: opening ras components
[ccc0398.campuscluster.illinois.edu:1532886] mca: base: components_open: found loaded component simulator
[ccc0398.campuscluster.illinois.edu:1532886] mca: base: components_open: found loaded component testrm
[ccc0398.campuscluster.illinois.edu:1532886] mca: base: components_open: found loaded component pbs
[ccc0398.campuscluster.illinois.edu:1532886] mca: base: components_open: component pbs open function successful
[ccc0398.campuscluster.illinois.edu:1532886] mca: base: components_open: found loaded component slurm
[ccc0398.campuscluster.illinois.edu:1532886] mca: base: components_open: component slurm open function successful
[ccc0398.campuscluster.illinois.edu:1532886] mca:base:select: Auto-selecting ras components
[ccc0398.campuscluster.illinois.edu:1532886] mca:base:select:(  ras) Querying component [simulator]
[ccc0398.campuscluster.illinois.edu:1532886] mca:base:select:(  ras) Querying component [testrm]
[ccc0398.campuscluster.illinois.edu:1532886] mca:base:select:(  ras) Querying component [pbs]
[ccc0398.campuscluster.illinois.edu:1532886] mca:base:select:(  ras) Querying component [slurm]
[ccc0398.campuscluster.illinois.edu:1532886] [prterun-ccc0398-1532886@0,0] ras:slurm: available for selection
[ccc0398.campuscluster.illinois.edu:1532886] mca:base:select:(  ras) Query of component [slurm] set priority to 50
[ccc0398.campuscluster.illinois.edu:1532886] mca:base:select:(  ras) Selected component [slurm]
[ccc0398.campuscluster.illinois.edu:1532886] mca: base: close: unloading component simulator
[ccc0398.campuscluster.illinois.edu:1532886] mca: base: close: unloading component testrm
[ccc0398.campuscluster.illinois.edu:1532886] mca: base: close: unloading component pbs
[ccc0398.campuscluster.illinois.edu:1532886] [prterun-ccc0398-1532886@0,0] ras:base:allocate
[ccc0398.campuscluster.illinois.edu:1532886] [prterun-ccc0398-1532886@0,0] ras:slurm:allocate:discover: checking nodelist: ccc0398
[ccc0398.campuscluster.illinois.edu:1532886] [prterun-ccc0398-1532886@0,0] ras:slurm:allocate:discover: found node ccc0398
[ccc0398.campuscluster.illinois.edu:1532886] [prterun-ccc0398-1532886@0,0] ras:slurm:allocate:discover: adding node ccc0398 (4 slots)
[ccc0398.campuscluster.illinois.edu:1532886] [prterun-ccc0398-1532886@0,0] ras:slurm:allocate: success
[ccc0398.campuscluster.illinois.edu:1532886] [prterun-ccc0398-1532886@0,0] ras:base:node_insert inserting 1 nodes
[ccc0398.campuscluster.illinois.edu:1532886] [prterun-ccc0398-1532886@0,0] ras:base:node_insert updating HNP [ccc0398] info to 4 slots
[ccc0398.campuscluster.illinois.edu:1532886] [prterun-ccc0398-1532886@0,0] ras:base:allocate
[ccc0398.campuscluster.illinois.edu:1532886] [prterun-ccc0398-1532886@0,0] ras:base:allocate allocation already read
Completed method=crystal Nx=512 Ny=512 P=4
Running method=crystal Nx=2048 Ny=2048 P=4
[ccc0398.campuscluster.illinois.edu:1532902] mca: base: component_find: searching NULL for ras components
[ccc0398.campuscluster.illinois.edu:1532902] mca: base: find_dyn_components: checking NULL for ras components
[ccc0398.campuscluster.illinois.edu:1532902] pmix:mca: base: components_register: registering framework ras components
[ccc0398.campuscluster.illinois.edu:1532902] pmix:mca: base: components_register: found loaded component simulator
[ccc0398.campuscluster.illinois.edu:1532902] pmix:mca: base: components_register: component simulator register function successful
[ccc0398.campuscluster.illinois.edu:1532902] pmix:mca: base: components_register: found loaded component testrm
[ccc0398.campuscluster.illinois.edu:1532902] pmix:mca: base: components_register: component testrm register function successful
[ccc0398.campuscluster.illinois.edu:1532902] pmix:mca: base: components_register: found loaded component pbs
[ccc0398.campuscluster.illinois.edu:1532902] pmix:mca: base: components_register: component pbs register function successful
[ccc0398.campuscluster.illinois.edu:1532902] pmix:mca: base: components_register: found loaded component slurm
[ccc0398.campuscluster.illinois.edu:1532902] pmix:mca: base: components_register: component slurm register function successful
[ccc0398.campuscluster.illinois.edu:1532902] mca: base: components_open: opening ras components
[ccc0398.campuscluster.illinois.edu:1532902] mca: base: components_open: found loaded component simulator
[ccc0398.campuscluster.illinois.edu:1532902] mca: base: components_open: found loaded component testrm
[ccc0398.campuscluster.illinois.edu:1532902] mca: base: components_open: found loaded component pbs
[ccc0398.campuscluster.illinois.edu:1532902] mca: base: components_open: component pbs open function successful
[ccc0398.campuscluster.illinois.edu:1532902] mca: base: components_open: found loaded component slurm
[ccc0398.campuscluster.illinois.edu:1532902] mca: base: components_open: component slurm open function successful
[ccc0398.campuscluster.illinois.edu:1532902] mca:base:select: Auto-selecting ras components
[ccc0398.campuscluster.illinois.edu:1532902] mca:base:select:(  ras) Querying component [simulator]
[ccc0398.campuscluster.illinois.edu:1532902] mca:base:select:(  ras) Querying component [testrm]
[ccc0398.campuscluster.illinois.edu:1532902] mca:base:select:(  ras) Querying component [pbs]
[ccc0398.campuscluster.illinois.edu:1532902] mca:base:select:(  ras) Querying component [slurm]
[ccc0398.campuscluster.illinois.edu:1532902] [prterun-ccc0398-1532902@0,0] ras:slurm: available for selection
[ccc0398.campuscluster.illinois.edu:1532902] mca:base:select:(  ras) Query of component [slurm] set priority to 50
[ccc0398.campuscluster.illinois.edu:1532902] mca:base:select:(  ras) Selected component [slurm]
[ccc0398.campuscluster.illinois.edu:1532902] mca: base: close: unloading component simulator
[ccc0398.campuscluster.illinois.edu:1532902] mca: base: close: unloading component testrm
[ccc0398.campuscluster.illinois.edu:1532902] mca: base: close: unloading component pbs
[ccc0398.campuscluster.illinois.edu:1532902] [prterun-ccc0398-1532902@0,0] ras:base:allocate
[ccc0398.campuscluster.illinois.edu:1532902] [prterun-ccc0398-1532902@0,0] ras:slurm:allocate:discover: checking nodelist: ccc0398
[ccc0398.campuscluster.illinois.edu:1532902] [prterun-ccc0398-1532902@0,0] ras:slurm:allocate:discover: found node ccc0398
[ccc0398.campuscluster.illinois.edu:1532902] [prterun-ccc0398-1532902@0,0] ras:slurm:allocate:discover: adding node ccc0398 (4 slots)
[ccc0398.campuscluster.illinois.edu:1532902] [prterun-ccc0398-1532902@0,0] ras:slurm:allocate: success
[ccc0398.campuscluster.illinois.edu:1532902] [prterun-ccc0398-1532902@0,0] ras:base:node_insert inserting 1 nodes
[ccc0398.campuscluster.illinois.edu:1532902] [prterun-ccc0398-1532902@0,0] ras:base:node_insert updating HNP [ccc0398] info to 4 slots
[ccc0398.campuscluster.illinois.edu:1532902] [prterun-ccc0398-1532902@0,0] ras:base:allocate
[ccc0398.campuscluster.illinois.edu:1532902] [prterun-ccc0398-1532902@0,0] ras:base:allocate allocation already read
Completed method=crystal Nx=2048 Ny=2048 P=4
Running method=crystal Nx=8192 Ny=8192 P=4
[ccc0398.campuscluster.illinois.edu:1532951] mca: base: component_find: searching NULL for ras components
[ccc0398.campuscluster.illinois.edu:1532951] mca: base: find_dyn_components: checking NULL for ras components
[ccc0398.campuscluster.illinois.edu:1532951] pmix:mca: base: components_register: registering framework ras components
[ccc0398.campuscluster.illinois.edu:1532951] pmix:mca: base: components_register: found loaded component simulator
[ccc0398.campuscluster.illinois.edu:1532951] pmix:mca: base: components_register: component simulator register function successful
[ccc0398.campuscluster.illinois.edu:1532951] pmix:mca: base: components_register: found loaded component testrm
[ccc0398.campuscluster.illinois.edu:1532951] pmix:mca: base: components_register: component testrm register function successful
[ccc0398.campuscluster.illinois.edu:1532951] pmix:mca: base: components_register: found loaded component pbs
[ccc0398.campuscluster.illinois.edu:1532951] pmix:mca: base: components_register: component pbs register function successful
[ccc0398.campuscluster.illinois.edu:1532951] pmix:mca: base: components_register: found loaded component slurm
[ccc0398.campuscluster.illinois.edu:1532951] pmix:mca: base: components_register: component slurm register function successful
[ccc0398.campuscluster.illinois.edu:1532951] mca: base: components_open: opening ras components
[ccc0398.campuscluster.illinois.edu:1532951] mca: base: components_open: found loaded component simulator
[ccc0398.campuscluster.illinois.edu:1532951] mca: base: components_open: found loaded component testrm
[ccc0398.campuscluster.illinois.edu:1532951] mca: base: components_open: found loaded component pbs
[ccc0398.campuscluster.illinois.edu:1532951] mca: base: components_open: component pbs open function successful
[ccc0398.campuscluster.illinois.edu:1532951] mca: base: components_open: found loaded component slurm
[ccc0398.campuscluster.illinois.edu:1532951] mca: base: components_open: component slurm open function successful
[ccc0398.campuscluster.illinois.edu:1532951] mca:base:select: Auto-selecting ras components
[ccc0398.campuscluster.illinois.edu:1532951] mca:base:select:(  ras) Querying component [simulator]
[ccc0398.campuscluster.illinois.edu:1532951] mca:base:select:(  ras) Querying component [testrm]
[ccc0398.campuscluster.illinois.edu:1532951] mca:base:select:(  ras) Querying component [pbs]
[ccc0398.campuscluster.illinois.edu:1532951] mca:base:select:(  ras) Querying component [slurm]
[ccc0398.campuscluster.illinois.edu:1532951] [prterun-ccc0398-1532951@0,0] ras:slurm: available for selection
[ccc0398.campuscluster.illinois.edu:1532951] mca:base:select:(  ras) Query of component [slurm] set priority to 50
[ccc0398.campuscluster.illinois.edu:1532951] mca:base:select:(  ras) Selected component [slurm]
[ccc0398.campuscluster.illinois.edu:1532951] mca: base: close: unloading component simulator
[ccc0398.campuscluster.illinois.edu:1532951] mca: base: close: unloading component testrm
[ccc0398.campuscluster.illinois.edu:1532951] mca: base: close: unloading component pbs
[ccc0398.campuscluster.illinois.edu:1532951] [prterun-ccc0398-1532951@0,0] ras:base:allocate
[ccc0398.campuscluster.illinois.edu:1532951] [prterun-ccc0398-1532951@0,0] ras:slurm:allocate:discover: checking nodelist: ccc0398
[ccc0398.campuscluster.illinois.edu:1532951] [prterun-ccc0398-1532951@0,0] ras:slurm:allocate:discover: found node ccc0398
[ccc0398.campuscluster.illinois.edu:1532951] [prterun-ccc0398-1532951@0,0] ras:slurm:allocate:discover: adding node ccc0398 (4 slots)
[ccc0398.campuscluster.illinois.edu:1532951] [prterun-ccc0398-1532951@0,0] ras:slurm:allocate: success
[ccc0398.campuscluster.illinois.edu:1532951] [prterun-ccc0398-1532951@0,0] ras:base:node_insert inserting 1 nodes
[ccc0398.campuscluster.illinois.edu:1532951] [prterun-ccc0398-1532951@0,0] ras:base:node_insert updating HNP [ccc0398] info to 4 slots
[ccc0398.campuscluster.illinois.edu:1532951] [prterun-ccc0398-1532951@0,0] ras:base:allocate
[ccc0398.campuscluster.illinois.edu:1532951] [prterun-ccc0398-1532951@0,0] ras:base:allocate allocation already read
Completed method=crystal Nx=8192 Ny=8192 P=4
