Running Poisson sweep with P=8
Running method=dealer Nx=32 Ny=32 P=8
[ccc0398.campuscluster.illinois.edu:1530601] mca: base: component_find: searching NULL for ras components
[ccc0398.campuscluster.illinois.edu:1530601] mca: base: find_dyn_components: checking NULL for ras components
[ccc0398.campuscluster.illinois.edu:1530601] pmix:mca: base: components_register: registering framework ras components
[ccc0398.campuscluster.illinois.edu:1530601] pmix:mca: base: components_register: found loaded component simulator
[ccc0398.campuscluster.illinois.edu:1530601] pmix:mca: base: components_register: component simulator register function successful
[ccc0398.campuscluster.illinois.edu:1530601] pmix:mca: base: components_register: found loaded component testrm
[ccc0398.campuscluster.illinois.edu:1530601] pmix:mca: base: components_register: component testrm register function successful
[ccc0398.campuscluster.illinois.edu:1530601] pmix:mca: base: components_register: found loaded component pbs
[ccc0398.campuscluster.illinois.edu:1530601] pmix:mca: base: components_register: component pbs register function successful
[ccc0398.campuscluster.illinois.edu:1530601] pmix:mca: base: components_register: found loaded component slurm
[ccc0398.campuscluster.illinois.edu:1530601] pmix:mca: base: components_register: component slurm register function successful
[ccc0398.campuscluster.illinois.edu:1530601] mca: base: components_open: opening ras components
[ccc0398.campuscluster.illinois.edu:1530601] mca: base: components_open: found loaded component simulator
[ccc0398.campuscluster.illinois.edu:1530601] mca: base: components_open: found loaded component testrm
[ccc0398.campuscluster.illinois.edu:1530601] mca: base: components_open: found loaded component pbs
[ccc0398.campuscluster.illinois.edu:1530601] mca: base: components_open: component pbs open function successful
[ccc0398.campuscluster.illinois.edu:1530601] mca: base: components_open: found loaded component slurm
[ccc0398.campuscluster.illinois.edu:1530601] mca: base: components_open: component slurm open function successful
[ccc0398.campuscluster.illinois.edu:1530601] mca:base:select: Auto-selecting ras components
[ccc0398.campuscluster.illinois.edu:1530601] mca:base:select:(  ras) Querying component [simulator]
[ccc0398.campuscluster.illinois.edu:1530601] mca:base:select:(  ras) Querying component [testrm]
[ccc0398.campuscluster.illinois.edu:1530601] mca:base:select:(  ras) Querying component [pbs]
[ccc0398.campuscluster.illinois.edu:1530601] mca:base:select:(  ras) Querying component [slurm]
[ccc0398.campuscluster.illinois.edu:1530601] [prterun-ccc0398-1530601@0,0] ras:slurm: available for selection
[ccc0398.campuscluster.illinois.edu:1530601] mca:base:select:(  ras) Query of component [slurm] set priority to 50
[ccc0398.campuscluster.illinois.edu:1530601] mca:base:select:(  ras) Selected component [slurm]
[ccc0398.campuscluster.illinois.edu:1530601] mca: base: close: unloading component simulator
[ccc0398.campuscluster.illinois.edu:1530601] mca: base: close: unloading component testrm
[ccc0398.campuscluster.illinois.edu:1530601] mca: base: close: unloading component pbs
[ccc0398.campuscluster.illinois.edu:1530601] [prterun-ccc0398-1530601@0,0] ras:base:allocate
[ccc0398.campuscluster.illinois.edu:1530601] [prterun-ccc0398-1530601@0,0] ras:slurm:allocate:discover: checking nodelist: ccc0398
[ccc0398.campuscluster.illinois.edu:1530601] [prterun-ccc0398-1530601@0,0] ras:slurm:allocate:discover: found node ccc0398
[ccc0398.campuscluster.illinois.edu:1530601] [prterun-ccc0398-1530601@0,0] ras:slurm:allocate:discover: adding node ccc0398 (8 slots)
[ccc0398.campuscluster.illinois.edu:1530601] [prterun-ccc0398-1530601@0,0] ras:slurm:allocate: success
[ccc0398.campuscluster.illinois.edu:1530601] [prterun-ccc0398-1530601@0,0] ras:base:node_insert inserting 1 nodes
[ccc0398.campuscluster.illinois.edu:1530601] [prterun-ccc0398-1530601@0,0] ras:base:node_insert updating HNP [ccc0398] info to 8 slots
[ccc0398.campuscluster.illinois.edu:1530601] [prterun-ccc0398-1530601@0,0] ras:base:allocate
[ccc0398.campuscluster.illinois.edu:1530601] [prterun-ccc0398-1530601@0,0] ras:base:allocate allocation already read
Completed method=dealer Nx=32 Ny=32 P=8
Running method=dealer Nx=128 Ny=128 P=8
[ccc0398.campuscluster.illinois.edu:1530847] mca: base: component_find: searching NULL for ras components
[ccc0398.campuscluster.illinois.edu:1530847] mca: base: find_dyn_components: checking NULL for ras components
[ccc0398.campuscluster.illinois.edu:1530847] pmix:mca: base: components_register: registering framework ras components
[ccc0398.campuscluster.illinois.edu:1530847] pmix:mca: base: components_register: found loaded component simulator
[ccc0398.campuscluster.illinois.edu:1530847] pmix:mca: base: components_register: component simulator register function successful
[ccc0398.campuscluster.illinois.edu:1530847] pmix:mca: base: components_register: found loaded component testrm
[ccc0398.campuscluster.illinois.edu:1530847] pmix:mca: base: components_register: component testrm register function successful
[ccc0398.campuscluster.illinois.edu:1530847] pmix:mca: base: components_register: found loaded component pbs
[ccc0398.campuscluster.illinois.edu:1530847] pmix:mca: base: components_register: component pbs register function successful
[ccc0398.campuscluster.illinois.edu:1530847] pmix:mca: base: components_register: found loaded component slurm
[ccc0398.campuscluster.illinois.edu:1530847] pmix:mca: base: components_register: component slurm register function successful
[ccc0398.campuscluster.illinois.edu:1530847] mca: base: components_open: opening ras components
[ccc0398.campuscluster.illinois.edu:1530847] mca: base: components_open: found loaded component simulator
[ccc0398.campuscluster.illinois.edu:1530847] mca: base: components_open: found loaded component testrm
[ccc0398.campuscluster.illinois.edu:1530847] mca: base: components_open: found loaded component pbs
[ccc0398.campuscluster.illinois.edu:1530847] mca: base: components_open: component pbs open function successful
[ccc0398.campuscluster.illinois.edu:1530847] mca: base: components_open: found loaded component slurm
[ccc0398.campuscluster.illinois.edu:1530847] mca: base: components_open: component slurm open function successful
[ccc0398.campuscluster.illinois.edu:1530847] mca:base:select: Auto-selecting ras components
[ccc0398.campuscluster.illinois.edu:1530847] mca:base:select:(  ras) Querying component [simulator]
[ccc0398.campuscluster.illinois.edu:1530847] mca:base:select:(  ras) Querying component [testrm]
[ccc0398.campuscluster.illinois.edu:1530847] mca:base:select:(  ras) Querying component [pbs]
[ccc0398.campuscluster.illinois.edu:1530847] mca:base:select:(  ras) Querying component [slurm]
[ccc0398.campuscluster.illinois.edu:1530847] [prterun-ccc0398-1530847@0,0] ras:slurm: available for selection
[ccc0398.campuscluster.illinois.edu:1530847] mca:base:select:(  ras) Query of component [slurm] set priority to 50
[ccc0398.campuscluster.illinois.edu:1530847] mca:base:select:(  ras) Selected component [slurm]
[ccc0398.campuscluster.illinois.edu:1530847] mca: base: close: unloading component simulator
[ccc0398.campuscluster.illinois.edu:1530847] mca: base: close: unloading component testrm
[ccc0398.campuscluster.illinois.edu:1530847] mca: base: close: unloading component pbs
[ccc0398.campuscluster.illinois.edu:1530847] [prterun-ccc0398-1530847@0,0] ras:base:allocate
[ccc0398.campuscluster.illinois.edu:1530847] [prterun-ccc0398-1530847@0,0] ras:slurm:allocate:discover: checking nodelist: ccc0398
[ccc0398.campuscluster.illinois.edu:1530847] [prterun-ccc0398-1530847@0,0] ras:slurm:allocate:discover: found node ccc0398
[ccc0398.campuscluster.illinois.edu:1530847] [prterun-ccc0398-1530847@0,0] ras:slurm:allocate:discover: adding node ccc0398 (8 slots)
[ccc0398.campuscluster.illinois.edu:1530847] [prterun-ccc0398-1530847@0,0] ras:slurm:allocate: success
[ccc0398.campuscluster.illinois.edu:1530847] [prterun-ccc0398-1530847@0,0] ras:base:node_insert inserting 1 nodes
[ccc0398.campuscluster.illinois.edu:1530847] [prterun-ccc0398-1530847@0,0] ras:base:node_insert updating HNP [ccc0398] info to 8 slots
[ccc0398.campuscluster.illinois.edu:1530847] [prterun-ccc0398-1530847@0,0] ras:base:allocate
[ccc0398.campuscluster.illinois.edu:1530847] [prterun-ccc0398-1530847@0,0] ras:base:allocate allocation already read
Completed method=dealer Nx=128 Ny=128 P=8
Running method=dealer Nx=512 Ny=512 P=8
[ccc0398.campuscluster.illinois.edu:1530960] mca: base: component_find: searching NULL for ras components
[ccc0398.campuscluster.illinois.edu:1530960] mca: base: find_dyn_components: checking NULL for ras components
[ccc0398.campuscluster.illinois.edu:1530960] pmix:mca: base: components_register: registering framework ras components
[ccc0398.campuscluster.illinois.edu:1530960] pmix:mca: base: components_register: found loaded component simulator
[ccc0398.campuscluster.illinois.edu:1530960] pmix:mca: base: components_register: component simulator register function successful
[ccc0398.campuscluster.illinois.edu:1530960] pmix:mca: base: components_register: found loaded component testrm
[ccc0398.campuscluster.illinois.edu:1530960] pmix:mca: base: components_register: component testrm register function successful
[ccc0398.campuscluster.illinois.edu:1530960] pmix:mca: base: components_register: found loaded component pbs
[ccc0398.campuscluster.illinois.edu:1530960] pmix:mca: base: components_register: component pbs register function successful
[ccc0398.campuscluster.illinois.edu:1530960] pmix:mca: base: components_register: found loaded component slurm
[ccc0398.campuscluster.illinois.edu:1530960] pmix:mca: base: components_register: component slurm register function successful
[ccc0398.campuscluster.illinois.edu:1530960] mca: base: components_open: opening ras components
[ccc0398.campuscluster.illinois.edu:1530960] mca: base: components_open: found loaded component simulator
[ccc0398.campuscluster.illinois.edu:1530960] mca: base: components_open: found loaded component testrm
[ccc0398.campuscluster.illinois.edu:1530960] mca: base: components_open: found loaded component pbs
[ccc0398.campuscluster.illinois.edu:1530960] mca: base: components_open: component pbs open function successful
[ccc0398.campuscluster.illinois.edu:1530960] mca: base: components_open: found loaded component slurm
[ccc0398.campuscluster.illinois.edu:1530960] mca: base: components_open: component slurm open function successful
[ccc0398.campuscluster.illinois.edu:1530960] mca:base:select: Auto-selecting ras components
[ccc0398.campuscluster.illinois.edu:1530960] mca:base:select:(  ras) Querying component [simulator]
[ccc0398.campuscluster.illinois.edu:1530960] mca:base:select:(  ras) Querying component [testrm]
[ccc0398.campuscluster.illinois.edu:1530960] mca:base:select:(  ras) Querying component [pbs]
[ccc0398.campuscluster.illinois.edu:1530960] mca:base:select:(  ras) Querying component [slurm]
[ccc0398.campuscluster.illinois.edu:1530960] [prterun-ccc0398-1530960@0,0] ras:slurm: available for selection
[ccc0398.campuscluster.illinois.edu:1530960] mca:base:select:(  ras) Query of component [slurm] set priority to 50
[ccc0398.campuscluster.illinois.edu:1530960] mca:base:select:(  ras) Selected component [slurm]
[ccc0398.campuscluster.illinois.edu:1530960] mca: base: close: unloading component simulator
[ccc0398.campuscluster.illinois.edu:1530960] mca: base: close: unloading component testrm
[ccc0398.campuscluster.illinois.edu:1530960] mca: base: close: unloading component pbs
[ccc0398.campuscluster.illinois.edu:1530960] [prterun-ccc0398-1530960@0,0] ras:base:allocate
[ccc0398.campuscluster.illinois.edu:1530960] [prterun-ccc0398-1530960@0,0] ras:slurm:allocate:discover: checking nodelist: ccc0398
[ccc0398.campuscluster.illinois.edu:1530960] [prterun-ccc0398-1530960@0,0] ras:slurm:allocate:discover: found node ccc0398
[ccc0398.campuscluster.illinois.edu:1530960] [prterun-ccc0398-1530960@0,0] ras:slurm:allocate:discover: adding node ccc0398 (8 slots)
[ccc0398.campuscluster.illinois.edu:1530960] [prterun-ccc0398-1530960@0,0] ras:slurm:allocate: success
[ccc0398.campuscluster.illinois.edu:1530960] [prterun-ccc0398-1530960@0,0] ras:base:node_insert inserting 1 nodes
[ccc0398.campuscluster.illinois.edu:1530960] [prterun-ccc0398-1530960@0,0] ras:base:node_insert updating HNP [ccc0398] info to 8 slots
[ccc0398.campuscluster.illinois.edu:1530960] [prterun-ccc0398-1530960@0,0] ras:base:allocate
[ccc0398.campuscluster.illinois.edu:1530960] [prterun-ccc0398-1530960@0,0] ras:base:allocate allocation already read
Completed method=dealer Nx=512 Ny=512 P=8
Running method=dealer Nx=2048 Ny=2048 P=8
[ccc0398.campuscluster.illinois.edu:1531055] mca: base: component_find: searching NULL for ras components
[ccc0398.campuscluster.illinois.edu:1531055] mca: base: find_dyn_components: checking NULL for ras components
[ccc0398.campuscluster.illinois.edu:1531055] pmix:mca: base: components_register: registering framework ras components
[ccc0398.campuscluster.illinois.edu:1531055] pmix:mca: base: components_register: found loaded component simulator
[ccc0398.campuscluster.illinois.edu:1531055] pmix:mca: base: components_register: component simulator register function successful
[ccc0398.campuscluster.illinois.edu:1531055] pmix:mca: base: components_register: found loaded component testrm
[ccc0398.campuscluster.illinois.edu:1531055] pmix:mca: base: components_register: component testrm register function successful
[ccc0398.campuscluster.illinois.edu:1531055] pmix:mca: base: components_register: found loaded component pbs
[ccc0398.campuscluster.illinois.edu:1531055] pmix:mca: base: components_register: component pbs register function successful
[ccc0398.campuscluster.illinois.edu:1531055] pmix:mca: base: components_register: found loaded component slurm
[ccc0398.campuscluster.illinois.edu:1531055] pmix:mca: base: components_register: component slurm register function successful
[ccc0398.campuscluster.illinois.edu:1531055] mca: base: components_open: opening ras components
[ccc0398.campuscluster.illinois.edu:1531055] mca: base: components_open: found loaded component simulator
[ccc0398.campuscluster.illinois.edu:1531055] mca: base: components_open: found loaded component testrm
[ccc0398.campuscluster.illinois.edu:1531055] mca: base: components_open: found loaded component pbs
[ccc0398.campuscluster.illinois.edu:1531055] mca: base: components_open: component pbs open function successful
[ccc0398.campuscluster.illinois.edu:1531055] mca: base: components_open: found loaded component slurm
[ccc0398.campuscluster.illinois.edu:1531055] mca: base: components_open: component slurm open function successful
[ccc0398.campuscluster.illinois.edu:1531055] mca:base:select: Auto-selecting ras components
[ccc0398.campuscluster.illinois.edu:1531055] mca:base:select:(  ras) Querying component [simulator]
[ccc0398.campuscluster.illinois.edu:1531055] mca:base:select:(  ras) Querying component [testrm]
[ccc0398.campuscluster.illinois.edu:1531055] mca:base:select:(  ras) Querying component [pbs]
[ccc0398.campuscluster.illinois.edu:1531055] mca:base:select:(  ras) Querying component [slurm]
[ccc0398.campuscluster.illinois.edu:1531055] [prterun-ccc0398-1531055@0,0] ras:slurm: available for selection
[ccc0398.campuscluster.illinois.edu:1531055] mca:base:select:(  ras) Query of component [slurm] set priority to 50
[ccc0398.campuscluster.illinois.edu:1531055] mca:base:select:(  ras) Selected component [slurm]
[ccc0398.campuscluster.illinois.edu:1531055] mca: base: close: unloading component simulator
[ccc0398.campuscluster.illinois.edu:1531055] mca: base: close: unloading component testrm
[ccc0398.campuscluster.illinois.edu:1531055] mca: base: close: unloading component pbs
[ccc0398.campuscluster.illinois.edu:1531055] [prterun-ccc0398-1531055@0,0] ras:base:allocate
[ccc0398.campuscluster.illinois.edu:1531055] [prterun-ccc0398-1531055@0,0] ras:slurm:allocate:discover: checking nodelist: ccc0398
[ccc0398.campuscluster.illinois.edu:1531055] [prterun-ccc0398-1531055@0,0] ras:slurm:allocate:discover: found node ccc0398
[ccc0398.campuscluster.illinois.edu:1531055] [prterun-ccc0398-1531055@0,0] ras:slurm:allocate:discover: adding node ccc0398 (8 slots)
[ccc0398.campuscluster.illinois.edu:1531055] [prterun-ccc0398-1531055@0,0] ras:slurm:allocate: success
[ccc0398.campuscluster.illinois.edu:1531055] [prterun-ccc0398-1531055@0,0] ras:base:node_insert inserting 1 nodes
[ccc0398.campuscluster.illinois.edu:1531055] [prterun-ccc0398-1531055@0,0] ras:base:node_insert updating HNP [ccc0398] info to 8 slots
[ccc0398.campuscluster.illinois.edu:1531055] [prterun-ccc0398-1531055@0,0] ras:base:allocate
[ccc0398.campuscluster.illinois.edu:1531055] [prterun-ccc0398-1531055@0,0] ras:base:allocate allocation already read
Completed method=dealer Nx=2048 Ny=2048 P=8
Running method=dealer Nx=8192 Ny=8192 P=8
[ccc0398.campuscluster.illinois.edu:1531213] mca: base: component_find: searching NULL for ras components
[ccc0398.campuscluster.illinois.edu:1531213] mca: base: find_dyn_components: checking NULL for ras components
[ccc0398.campuscluster.illinois.edu:1531213] pmix:mca: base: components_register: registering framework ras components
[ccc0398.campuscluster.illinois.edu:1531213] pmix:mca: base: components_register: found loaded component simulator
[ccc0398.campuscluster.illinois.edu:1531213] pmix:mca: base: components_register: component simulator register function successful
[ccc0398.campuscluster.illinois.edu:1531213] pmix:mca: base: components_register: found loaded component testrm
[ccc0398.campuscluster.illinois.edu:1531213] pmix:mca: base: components_register: component testrm register function successful
[ccc0398.campuscluster.illinois.edu:1531213] pmix:mca: base: components_register: found loaded component pbs
[ccc0398.campuscluster.illinois.edu:1531213] pmix:mca: base: components_register: component pbs register function successful
[ccc0398.campuscluster.illinois.edu:1531213] pmix:mca: base: components_register: found loaded component slurm
[ccc0398.campuscluster.illinois.edu:1531213] pmix:mca: base: components_register: component slurm register function successful
[ccc0398.campuscluster.illinois.edu:1531213] mca: base: components_open: opening ras components
[ccc0398.campuscluster.illinois.edu:1531213] mca: base: components_open: found loaded component simulator
[ccc0398.campuscluster.illinois.edu:1531213] mca: base: components_open: found loaded component testrm
[ccc0398.campuscluster.illinois.edu:1531213] mca: base: components_open: found loaded component pbs
[ccc0398.campuscluster.illinois.edu:1531213] mca: base: components_open: component pbs open function successful
[ccc0398.campuscluster.illinois.edu:1531213] mca: base: components_open: found loaded component slurm
[ccc0398.campuscluster.illinois.edu:1531213] mca: base: components_open: component slurm open function successful
[ccc0398.campuscluster.illinois.edu:1531213] mca:base:select: Auto-selecting ras components
[ccc0398.campuscluster.illinois.edu:1531213] mca:base:select:(  ras) Querying component [simulator]
[ccc0398.campuscluster.illinois.edu:1531213] mca:base:select:(  ras) Querying component [testrm]
[ccc0398.campuscluster.illinois.edu:1531213] mca:base:select:(  ras) Querying component [pbs]
[ccc0398.campuscluster.illinois.edu:1531213] mca:base:select:(  ras) Querying component [slurm]
[ccc0398.campuscluster.illinois.edu:1531213] [prterun-ccc0398-1531213@0,0] ras:slurm: available for selection
[ccc0398.campuscluster.illinois.edu:1531213] mca:base:select:(  ras) Query of component [slurm] set priority to 50
[ccc0398.campuscluster.illinois.edu:1531213] mca:base:select:(  ras) Selected component [slurm]
[ccc0398.campuscluster.illinois.edu:1531213] mca: base: close: unloading component simulator
[ccc0398.campuscluster.illinois.edu:1531213] mca: base: close: unloading component testrm
[ccc0398.campuscluster.illinois.edu:1531213] mca: base: close: unloading component pbs
[ccc0398.campuscluster.illinois.edu:1531213] [prterun-ccc0398-1531213@0,0] ras:base:allocate
[ccc0398.campuscluster.illinois.edu:1531213] [prterun-ccc0398-1531213@0,0] ras:slurm:allocate:discover: checking nodelist: ccc0398
[ccc0398.campuscluster.illinois.edu:1531213] [prterun-ccc0398-1531213@0,0] ras:slurm:allocate:discover: found node ccc0398
[ccc0398.campuscluster.illinois.edu:1531213] [prterun-ccc0398-1531213@0,0] ras:slurm:allocate:discover: adding node ccc0398 (8 slots)
[ccc0398.campuscluster.illinois.edu:1531213] [prterun-ccc0398-1531213@0,0] ras:slurm:allocate: success
[ccc0398.campuscluster.illinois.edu:1531213] [prterun-ccc0398-1531213@0,0] ras:base:node_insert inserting 1 nodes
[ccc0398.campuscluster.illinois.edu:1531213] [prterun-ccc0398-1531213@0,0] ras:base:node_insert updating HNP [ccc0398] info to 8 slots
[ccc0398.campuscluster.illinois.edu:1531213] [prterun-ccc0398-1531213@0,0] ras:base:allocate
[ccc0398.campuscluster.illinois.edu:1531213] [prterun-ccc0398-1531213@0,0] ras:base:allocate allocation already read
Completed method=dealer Nx=8192 Ny=8192 P=8
Running method=crystal Nx=32 Ny=32 P=8
[ccc0398.campuscluster.illinois.edu:1532326] mca: base: component_find: searching NULL for ras components
[ccc0398.campuscluster.illinois.edu:1532326] mca: base: find_dyn_components: checking NULL for ras components
[ccc0398.campuscluster.illinois.edu:1532326] pmix:mca: base: components_register: registering framework ras components
[ccc0398.campuscluster.illinois.edu:1532326] pmix:mca: base: components_register: found loaded component simulator
[ccc0398.campuscluster.illinois.edu:1532326] pmix:mca: base: components_register: component simulator register function successful
[ccc0398.campuscluster.illinois.edu:1532326] pmix:mca: base: components_register: found loaded component testrm
[ccc0398.campuscluster.illinois.edu:1532326] pmix:mca: base: components_register: component testrm register function successful
[ccc0398.campuscluster.illinois.edu:1532326] pmix:mca: base: components_register: found loaded component pbs
[ccc0398.campuscluster.illinois.edu:1532326] pmix:mca: base: components_register: component pbs register function successful
[ccc0398.campuscluster.illinois.edu:1532326] pmix:mca: base: components_register: found loaded component slurm
[ccc0398.campuscluster.illinois.edu:1532326] pmix:mca: base: components_register: component slurm register function successful
[ccc0398.campuscluster.illinois.edu:1532326] mca: base: components_open: opening ras components
[ccc0398.campuscluster.illinois.edu:1532326] mca: base: components_open: found loaded component simulator
[ccc0398.campuscluster.illinois.edu:1532326] mca: base: components_open: found loaded component testrm
[ccc0398.campuscluster.illinois.edu:1532326] mca: base: components_open: found loaded component pbs
[ccc0398.campuscluster.illinois.edu:1532326] mca: base: components_open: component pbs open function successful
[ccc0398.campuscluster.illinois.edu:1532326] mca: base: components_open: found loaded component slurm
[ccc0398.campuscluster.illinois.edu:1532326] mca: base: components_open: component slurm open function successful
[ccc0398.campuscluster.illinois.edu:1532326] mca:base:select: Auto-selecting ras components
[ccc0398.campuscluster.illinois.edu:1532326] mca:base:select:(  ras) Querying component [simulator]
[ccc0398.campuscluster.illinois.edu:1532326] mca:base:select:(  ras) Querying component [testrm]
[ccc0398.campuscluster.illinois.edu:1532326] mca:base:select:(  ras) Querying component [pbs]
[ccc0398.campuscluster.illinois.edu:1532326] mca:base:select:(  ras) Querying component [slurm]
[ccc0398.campuscluster.illinois.edu:1532326] [prterun-ccc0398-1532326@0,0] ras:slurm: available for selection
[ccc0398.campuscluster.illinois.edu:1532326] mca:base:select:(  ras) Query of component [slurm] set priority to 50
[ccc0398.campuscluster.illinois.edu:1532326] mca:base:select:(  ras) Selected component [slurm]
[ccc0398.campuscluster.illinois.edu:1532326] mca: base: close: unloading component simulator
[ccc0398.campuscluster.illinois.edu:1532326] mca: base: close: unloading component testrm
[ccc0398.campuscluster.illinois.edu:1532326] mca: base: close: unloading component pbs
[ccc0398.campuscluster.illinois.edu:1532326] [prterun-ccc0398-1532326@0,0] ras:base:allocate
[ccc0398.campuscluster.illinois.edu:1532326] [prterun-ccc0398-1532326@0,0] ras:slurm:allocate:discover: checking nodelist: ccc0398
[ccc0398.campuscluster.illinois.edu:1532326] [prterun-ccc0398-1532326@0,0] ras:slurm:allocate:discover: found node ccc0398
[ccc0398.campuscluster.illinois.edu:1532326] [prterun-ccc0398-1532326@0,0] ras:slurm:allocate:discover: adding node ccc0398 (8 slots)
[ccc0398.campuscluster.illinois.edu:1532326] [prterun-ccc0398-1532326@0,0] ras:slurm:allocate: success
[ccc0398.campuscluster.illinois.edu:1532326] [prterun-ccc0398-1532326@0,0] ras:base:node_insert inserting 1 nodes
[ccc0398.campuscluster.illinois.edu:1532326] [prterun-ccc0398-1532326@0,0] ras:base:node_insert updating HNP [ccc0398] info to 8 slots
[ccc0398.campuscluster.illinois.edu:1532326] [prterun-ccc0398-1532326@0,0] ras:base:allocate
[ccc0398.campuscluster.illinois.edu:1532326] [prterun-ccc0398-1532326@0,0] ras:base:allocate allocation already read
Completed method=crystal Nx=32 Ny=32 P=8
Running method=crystal Nx=128 Ny=128 P=8
[ccc0398.campuscluster.illinois.edu:1532354] mca: base: component_find: searching NULL for ras components
[ccc0398.campuscluster.illinois.edu:1532354] mca: base: find_dyn_components: checking NULL for ras components
[ccc0398.campuscluster.illinois.edu:1532354] pmix:mca: base: components_register: registering framework ras components
[ccc0398.campuscluster.illinois.edu:1532354] pmix:mca: base: components_register: found loaded component simulator
[ccc0398.campuscluster.illinois.edu:1532354] pmix:mca: base: components_register: component simulator register function successful
[ccc0398.campuscluster.illinois.edu:1532354] pmix:mca: base: components_register: found loaded component testrm
[ccc0398.campuscluster.illinois.edu:1532354] pmix:mca: base: components_register: component testrm register function successful
[ccc0398.campuscluster.illinois.edu:1532354] pmix:mca: base: components_register: found loaded component pbs
[ccc0398.campuscluster.illinois.edu:1532354] pmix:mca: base: components_register: component pbs register function successful
[ccc0398.campuscluster.illinois.edu:1532354] pmix:mca: base: components_register: found loaded component slurm
[ccc0398.campuscluster.illinois.edu:1532354] pmix:mca: base: components_register: component slurm register function successful
[ccc0398.campuscluster.illinois.edu:1532354] mca: base: components_open: opening ras components
[ccc0398.campuscluster.illinois.edu:1532354] mca: base: components_open: found loaded component simulator
[ccc0398.campuscluster.illinois.edu:1532354] mca: base: components_open: found loaded component testrm
[ccc0398.campuscluster.illinois.edu:1532354] mca: base: components_open: found loaded component pbs
[ccc0398.campuscluster.illinois.edu:1532354] mca: base: components_open: component pbs open function successful
[ccc0398.campuscluster.illinois.edu:1532354] mca: base: components_open: found loaded component slurm
[ccc0398.campuscluster.illinois.edu:1532354] mca: base: components_open: component slurm open function successful
[ccc0398.campuscluster.illinois.edu:1532354] mca:base:select: Auto-selecting ras components
[ccc0398.campuscluster.illinois.edu:1532354] mca:base:select:(  ras) Querying component [simulator]
[ccc0398.campuscluster.illinois.edu:1532354] mca:base:select:(  ras) Querying component [testrm]
[ccc0398.campuscluster.illinois.edu:1532354] mca:base:select:(  ras) Querying component [pbs]
[ccc0398.campuscluster.illinois.edu:1532354] mca:base:select:(  ras) Querying component [slurm]
[ccc0398.campuscluster.illinois.edu:1532354] [prterun-ccc0398-1532354@0,0] ras:slurm: available for selection
[ccc0398.campuscluster.illinois.edu:1532354] mca:base:select:(  ras) Query of component [slurm] set priority to 50
[ccc0398.campuscluster.illinois.edu:1532354] mca:base:select:(  ras) Selected component [slurm]
[ccc0398.campuscluster.illinois.edu:1532354] mca: base: close: unloading component simulator
[ccc0398.campuscluster.illinois.edu:1532354] mca: base: close: unloading component testrm
[ccc0398.campuscluster.illinois.edu:1532354] mca: base: close: unloading component pbs
[ccc0398.campuscluster.illinois.edu:1532354] [prterun-ccc0398-1532354@0,0] ras:base:allocate
[ccc0398.campuscluster.illinois.edu:1532354] [prterun-ccc0398-1532354@0,0] ras:slurm:allocate:discover: checking nodelist: ccc0398
[ccc0398.campuscluster.illinois.edu:1532354] [prterun-ccc0398-1532354@0,0] ras:slurm:allocate:discover: found node ccc0398
[ccc0398.campuscluster.illinois.edu:1532354] [prterun-ccc0398-1532354@0,0] ras:slurm:allocate:discover: adding node ccc0398 (8 slots)
[ccc0398.campuscluster.illinois.edu:1532354] [prterun-ccc0398-1532354@0,0] ras:slurm:allocate: success
[ccc0398.campuscluster.illinois.edu:1532354] [prterun-ccc0398-1532354@0,0] ras:base:node_insert inserting 1 nodes
[ccc0398.campuscluster.illinois.edu:1532354] [prterun-ccc0398-1532354@0,0] ras:base:node_insert updating HNP [ccc0398] info to 8 slots
[ccc0398.campuscluster.illinois.edu:1532354] [prterun-ccc0398-1532354@0,0] ras:base:allocate
[ccc0398.campuscluster.illinois.edu:1532354] [prterun-ccc0398-1532354@0,0] ras:base:allocate allocation already read
Completed method=crystal Nx=128 Ny=128 P=8
Running method=crystal Nx=512 Ny=512 P=8
[ccc0398.campuscluster.illinois.edu:1532382] mca: base: component_find: searching NULL for ras components
[ccc0398.campuscluster.illinois.edu:1532382] mca: base: find_dyn_components: checking NULL for ras components
[ccc0398.campuscluster.illinois.edu:1532382] pmix:mca: base: components_register: registering framework ras components
[ccc0398.campuscluster.illinois.edu:1532382] pmix:mca: base: components_register: found loaded component simulator
[ccc0398.campuscluster.illinois.edu:1532382] pmix:mca: base: components_register: component simulator register function successful
[ccc0398.campuscluster.illinois.edu:1532382] pmix:mca: base: components_register: found loaded component testrm
[ccc0398.campuscluster.illinois.edu:1532382] pmix:mca: base: components_register: component testrm register function successful
[ccc0398.campuscluster.illinois.edu:1532382] pmix:mca: base: components_register: found loaded component pbs
[ccc0398.campuscluster.illinois.edu:1532382] pmix:mca: base: components_register: component pbs register function successful
[ccc0398.campuscluster.illinois.edu:1532382] pmix:mca: base: components_register: found loaded component slurm
[ccc0398.campuscluster.illinois.edu:1532382] pmix:mca: base: components_register: component slurm register function successful
[ccc0398.campuscluster.illinois.edu:1532382] mca: base: components_open: opening ras components
[ccc0398.campuscluster.illinois.edu:1532382] mca: base: components_open: found loaded component simulator
[ccc0398.campuscluster.illinois.edu:1532382] mca: base: components_open: found loaded component testrm
[ccc0398.campuscluster.illinois.edu:1532382] mca: base: components_open: found loaded component pbs
[ccc0398.campuscluster.illinois.edu:1532382] mca: base: components_open: component pbs open function successful
[ccc0398.campuscluster.illinois.edu:1532382] mca: base: components_open: found loaded component slurm
[ccc0398.campuscluster.illinois.edu:1532382] mca: base: components_open: component slurm open function successful
[ccc0398.campuscluster.illinois.edu:1532382] mca:base:select: Auto-selecting ras components
[ccc0398.campuscluster.illinois.edu:1532382] mca:base:select:(  ras) Querying component [simulator]
[ccc0398.campuscluster.illinois.edu:1532382] mca:base:select:(  ras) Querying component [testrm]
[ccc0398.campuscluster.illinois.edu:1532382] mca:base:select:(  ras) Querying component [pbs]
[ccc0398.campuscluster.illinois.edu:1532382] mca:base:select:(  ras) Querying component [slurm]
[ccc0398.campuscluster.illinois.edu:1532382] [prterun-ccc0398-1532382@0,0] ras:slurm: available for selection
[ccc0398.campuscluster.illinois.edu:1532382] mca:base:select:(  ras) Query of component [slurm] set priority to 50
[ccc0398.campuscluster.illinois.edu:1532382] mca:base:select:(  ras) Selected component [slurm]
[ccc0398.campuscluster.illinois.edu:1532382] mca: base: close: unloading component simulator
[ccc0398.campuscluster.illinois.edu:1532382] mca: base: close: unloading component testrm
[ccc0398.campuscluster.illinois.edu:1532382] mca: base: close: unloading component pbs
[ccc0398.campuscluster.illinois.edu:1532382] [prterun-ccc0398-1532382@0,0] ras:base:allocate
[ccc0398.campuscluster.illinois.edu:1532382] [prterun-ccc0398-1532382@0,0] ras:slurm:allocate:discover: checking nodelist: ccc0398
[ccc0398.campuscluster.illinois.edu:1532382] [prterun-ccc0398-1532382@0,0] ras:slurm:allocate:discover: found node ccc0398
[ccc0398.campuscluster.illinois.edu:1532382] [prterun-ccc0398-1532382@0,0] ras:slurm:allocate:discover: adding node ccc0398 (8 slots)
[ccc0398.campuscluster.illinois.edu:1532382] [prterun-ccc0398-1532382@0,0] ras:slurm:allocate: success
[ccc0398.campuscluster.illinois.edu:1532382] [prterun-ccc0398-1532382@0,0] ras:base:node_insert inserting 1 nodes
[ccc0398.campuscluster.illinois.edu:1532382] [prterun-ccc0398-1532382@0,0] ras:base:node_insert updating HNP [ccc0398] info to 8 slots
[ccc0398.campuscluster.illinois.edu:1532382] [prterun-ccc0398-1532382@0,0] ras:base:allocate
[ccc0398.campuscluster.illinois.edu:1532382] [prterun-ccc0398-1532382@0,0] ras:base:allocate allocation already read
Completed method=crystal Nx=512 Ny=512 P=8
Running method=crystal Nx=2048 Ny=2048 P=8
[ccc0398.campuscluster.illinois.edu:1532410] mca: base: component_find: searching NULL for ras components
[ccc0398.campuscluster.illinois.edu:1532410] mca: base: find_dyn_components: checking NULL for ras components
[ccc0398.campuscluster.illinois.edu:1532410] pmix:mca: base: components_register: registering framework ras components
[ccc0398.campuscluster.illinois.edu:1532410] pmix:mca: base: components_register: found loaded component simulator
[ccc0398.campuscluster.illinois.edu:1532410] pmix:mca: base: components_register: component simulator register function successful
[ccc0398.campuscluster.illinois.edu:1532410] pmix:mca: base: components_register: found loaded component testrm
[ccc0398.campuscluster.illinois.edu:1532410] pmix:mca: base: components_register: component testrm register function successful
[ccc0398.campuscluster.illinois.edu:1532410] pmix:mca: base: components_register: found loaded component pbs
[ccc0398.campuscluster.illinois.edu:1532410] pmix:mca: base: components_register: component pbs register function successful
[ccc0398.campuscluster.illinois.edu:1532410] pmix:mca: base: components_register: found loaded component slurm
[ccc0398.campuscluster.illinois.edu:1532410] pmix:mca: base: components_register: component slurm register function successful
[ccc0398.campuscluster.illinois.edu:1532410] mca: base: components_open: opening ras components
[ccc0398.campuscluster.illinois.edu:1532410] mca: base: components_open: found loaded component simulator
[ccc0398.campuscluster.illinois.edu:1532410] mca: base: components_open: found loaded component testrm
[ccc0398.campuscluster.illinois.edu:1532410] mca: base: components_open: found loaded component pbs
[ccc0398.campuscluster.illinois.edu:1532410] mca: base: components_open: component pbs open function successful
[ccc0398.campuscluster.illinois.edu:1532410] mca: base: components_open: found loaded component slurm
[ccc0398.campuscluster.illinois.edu:1532410] mca: base: components_open: component slurm open function successful
[ccc0398.campuscluster.illinois.edu:1532410] mca:base:select: Auto-selecting ras components
[ccc0398.campuscluster.illinois.edu:1532410] mca:base:select:(  ras) Querying component [simulator]
[ccc0398.campuscluster.illinois.edu:1532410] mca:base:select:(  ras) Querying component [testrm]
[ccc0398.campuscluster.illinois.edu:1532410] mca:base:select:(  ras) Querying component [pbs]
[ccc0398.campuscluster.illinois.edu:1532410] mca:base:select:(  ras) Querying component [slurm]
[ccc0398.campuscluster.illinois.edu:1532410] [prterun-ccc0398-1532410@0,0] ras:slurm: available for selection
[ccc0398.campuscluster.illinois.edu:1532410] mca:base:select:(  ras) Query of component [slurm] set priority to 50
[ccc0398.campuscluster.illinois.edu:1532410] mca:base:select:(  ras) Selected component [slurm]
[ccc0398.campuscluster.illinois.edu:1532410] mca: base: close: unloading component simulator
[ccc0398.campuscluster.illinois.edu:1532410] mca: base: close: unloading component testrm
[ccc0398.campuscluster.illinois.edu:1532410] mca: base: close: unloading component pbs
[ccc0398.campuscluster.illinois.edu:1532410] [prterun-ccc0398-1532410@0,0] ras:base:allocate
[ccc0398.campuscluster.illinois.edu:1532410] [prterun-ccc0398-1532410@0,0] ras:slurm:allocate:discover: checking nodelist: ccc0398
[ccc0398.campuscluster.illinois.edu:1532410] [prterun-ccc0398-1532410@0,0] ras:slurm:allocate:discover: found node ccc0398
[ccc0398.campuscluster.illinois.edu:1532410] [prterun-ccc0398-1532410@0,0] ras:slurm:allocate:discover: adding node ccc0398 (8 slots)
[ccc0398.campuscluster.illinois.edu:1532410] [prterun-ccc0398-1532410@0,0] ras:slurm:allocate: success
[ccc0398.campuscluster.illinois.edu:1532410] [prterun-ccc0398-1532410@0,0] ras:base:node_insert inserting 1 nodes
[ccc0398.campuscluster.illinois.edu:1532410] [prterun-ccc0398-1532410@0,0] ras:base:node_insert updating HNP [ccc0398] info to 8 slots
[ccc0398.campuscluster.illinois.edu:1532410] [prterun-ccc0398-1532410@0,0] ras:base:allocate
[ccc0398.campuscluster.illinois.edu:1532410] [prterun-ccc0398-1532410@0,0] ras:base:allocate allocation already read
Completed method=crystal Nx=2048 Ny=2048 P=8
Running method=crystal Nx=8192 Ny=8192 P=8
[ccc0398.campuscluster.illinois.edu:1532438] mca: base: component_find: searching NULL for ras components
[ccc0398.campuscluster.illinois.edu:1532438] mca: base: find_dyn_components: checking NULL for ras components
[ccc0398.campuscluster.illinois.edu:1532438] pmix:mca: base: components_register: registering framework ras components
[ccc0398.campuscluster.illinois.edu:1532438] pmix:mca: base: components_register: found loaded component simulator
[ccc0398.campuscluster.illinois.edu:1532438] pmix:mca: base: components_register: component simulator register function successful
[ccc0398.campuscluster.illinois.edu:1532438] pmix:mca: base: components_register: found loaded component testrm
[ccc0398.campuscluster.illinois.edu:1532438] pmix:mca: base: components_register: component testrm register function successful
[ccc0398.campuscluster.illinois.edu:1532438] pmix:mca: base: components_register: found loaded component pbs
[ccc0398.campuscluster.illinois.edu:1532438] pmix:mca: base: components_register: component pbs register function successful
[ccc0398.campuscluster.illinois.edu:1532438] pmix:mca: base: components_register: found loaded component slurm
[ccc0398.campuscluster.illinois.edu:1532438] pmix:mca: base: components_register: component slurm register function successful
[ccc0398.campuscluster.illinois.edu:1532438] mca: base: components_open: opening ras components
[ccc0398.campuscluster.illinois.edu:1532438] mca: base: components_open: found loaded component simulator
[ccc0398.campuscluster.illinois.edu:1532438] mca: base: components_open: found loaded component testrm
[ccc0398.campuscluster.illinois.edu:1532438] mca: base: components_open: found loaded component pbs
[ccc0398.campuscluster.illinois.edu:1532438] mca: base: components_open: component pbs open function successful
[ccc0398.campuscluster.illinois.edu:1532438] mca: base: components_open: found loaded component slurm
[ccc0398.campuscluster.illinois.edu:1532438] mca: base: components_open: component slurm open function successful
[ccc0398.campuscluster.illinois.edu:1532438] mca:base:select: Auto-selecting ras components
[ccc0398.campuscluster.illinois.edu:1532438] mca:base:select:(  ras) Querying component [simulator]
[ccc0398.campuscluster.illinois.edu:1532438] mca:base:select:(  ras) Querying component [testrm]
[ccc0398.campuscluster.illinois.edu:1532438] mca:base:select:(  ras) Querying component [pbs]
[ccc0398.campuscluster.illinois.edu:1532438] mca:base:select:(  ras) Querying component [slurm]
[ccc0398.campuscluster.illinois.edu:1532438] [prterun-ccc0398-1532438@0,0] ras:slurm: available for selection
[ccc0398.campuscluster.illinois.edu:1532438] mca:base:select:(  ras) Query of component [slurm] set priority to 50
[ccc0398.campuscluster.illinois.edu:1532438] mca:base:select:(  ras) Selected component [slurm]
[ccc0398.campuscluster.illinois.edu:1532438] mca: base: close: unloading component simulator
[ccc0398.campuscluster.illinois.edu:1532438] mca: base: close: unloading component testrm
[ccc0398.campuscluster.illinois.edu:1532438] mca: base: close: unloading component pbs
[ccc0398.campuscluster.illinois.edu:1532438] [prterun-ccc0398-1532438@0,0] ras:base:allocate
[ccc0398.campuscluster.illinois.edu:1532438] [prterun-ccc0398-1532438@0,0] ras:slurm:allocate:discover: checking nodelist: ccc0398
[ccc0398.campuscluster.illinois.edu:1532438] [prterun-ccc0398-1532438@0,0] ras:slurm:allocate:discover: found node ccc0398
[ccc0398.campuscluster.illinois.edu:1532438] [prterun-ccc0398-1532438@0,0] ras:slurm:allocate:discover: adding node ccc0398 (8 slots)
[ccc0398.campuscluster.illinois.edu:1532438] [prterun-ccc0398-1532438@0,0] ras:slurm:allocate: success
[ccc0398.campuscluster.illinois.edu:1532438] [prterun-ccc0398-1532438@0,0] ras:base:node_insert inserting 1 nodes
[ccc0398.campuscluster.illinois.edu:1532438] [prterun-ccc0398-1532438@0,0] ras:base:node_insert updating HNP [ccc0398] info to 8 slots
[ccc0398.campuscluster.illinois.edu:1532438] [prterun-ccc0398-1532438@0,0] ras:base:allocate
[ccc0398.campuscluster.illinois.edu:1532438] [prterun-ccc0398-1532438@0,0] ras:base:allocate allocation already read
Completed method=crystal Nx=8192 Ny=8192 P=8
