Running Poisson sweep with P=32
Running method=dealer Nx=128 Ny=128 P=32
[ccc0398.campuscluster.illinois.edu:1536336] mca: base: component_find: searching NULL for ras components
[ccc0398.campuscluster.illinois.edu:1536336] mca: base: find_dyn_components: checking NULL for ras components
[ccc0398.campuscluster.illinois.edu:1536336] pmix:mca: base: components_register: registering framework ras components
[ccc0398.campuscluster.illinois.edu:1536336] pmix:mca: base: components_register: found loaded component simulator
[ccc0398.campuscluster.illinois.edu:1536336] pmix:mca: base: components_register: component simulator register function successful
[ccc0398.campuscluster.illinois.edu:1536336] pmix:mca: base: components_register: found loaded component testrm
[ccc0398.campuscluster.illinois.edu:1536336] pmix:mca: base: components_register: component testrm register function successful
[ccc0398.campuscluster.illinois.edu:1536336] pmix:mca: base: components_register: found loaded component pbs
[ccc0398.campuscluster.illinois.edu:1536336] pmix:mca: base: components_register: component pbs register function successful
[ccc0398.campuscluster.illinois.edu:1536336] pmix:mca: base: components_register: found loaded component slurm
[ccc0398.campuscluster.illinois.edu:1536336] pmix:mca: base: components_register: component slurm register function successful
[ccc0398.campuscluster.illinois.edu:1536336] mca: base: components_open: opening ras components
[ccc0398.campuscluster.illinois.edu:1536336] mca: base: components_open: found loaded component simulator
[ccc0398.campuscluster.illinois.edu:1536336] mca: base: components_open: found loaded component testrm
[ccc0398.campuscluster.illinois.edu:1536336] mca: base: components_open: found loaded component pbs
[ccc0398.campuscluster.illinois.edu:1536336] mca: base: components_open: component pbs open function successful
[ccc0398.campuscluster.illinois.edu:1536336] mca: base: components_open: found loaded component slurm
[ccc0398.campuscluster.illinois.edu:1536336] mca: base: components_open: component slurm open function successful
[ccc0398.campuscluster.illinois.edu:1536336] mca:base:select: Auto-selecting ras components
[ccc0398.campuscluster.illinois.edu:1536336] mca:base:select:(  ras) Querying component [simulator]
[ccc0398.campuscluster.illinois.edu:1536336] mca:base:select:(  ras) Querying component [testrm]
[ccc0398.campuscluster.illinois.edu:1536336] mca:base:select:(  ras) Querying component [pbs]
[ccc0398.campuscluster.illinois.edu:1536336] mca:base:select:(  ras) Querying component [slurm]
[ccc0398.campuscluster.illinois.edu:1536336] [prterun-ccc0398-1536336@0,0] ras:slurm: available for selection
[ccc0398.campuscluster.illinois.edu:1536336] mca:base:select:(  ras) Query of component [slurm] set priority to 50
[ccc0398.campuscluster.illinois.edu:1536336] mca:base:select:(  ras) Selected component [slurm]
[ccc0398.campuscluster.illinois.edu:1536336] mca: base: close: unloading component simulator
[ccc0398.campuscluster.illinois.edu:1536336] mca: base: close: unloading component testrm
[ccc0398.campuscluster.illinois.edu:1536336] mca: base: close: unloading component pbs
[ccc0398.campuscluster.illinois.edu:1536336] [prterun-ccc0398-1536336@0,0] ras:base:allocate
[ccc0398.campuscluster.illinois.edu:1536336] [prterun-ccc0398-1536336@0,0] ras:slurm:allocate:discover: checking nodelist: ccc0398
[ccc0398.campuscluster.illinois.edu:1536336] [prterun-ccc0398-1536336@0,0] ras:slurm:allocate:discover: found node ccc0398
[ccc0398.campuscluster.illinois.edu:1536336] [prterun-ccc0398-1536336@0,0] ras:slurm:allocate:discover: adding node ccc0398 (32 slots)
[ccc0398.campuscluster.illinois.edu:1536336] [prterun-ccc0398-1536336@0,0] ras:slurm:allocate: success
[ccc0398.campuscluster.illinois.edu:1536336] [prterun-ccc0398-1536336@0,0] ras:base:node_insert inserting 1 nodes
[ccc0398.campuscluster.illinois.edu:1536336] [prterun-ccc0398-1536336@0,0] ras:base:node_insert updating HNP [ccc0398] info to 32 slots
[ccc0398.campuscluster.illinois.edu:1536336] [prterun-ccc0398-1536336@0,0] ras:base:allocate
[ccc0398.campuscluster.illinois.edu:1536336] [prterun-ccc0398-1536336@0,0] ras:base:allocate allocation already read
Completed method=dealer Nx=128 Ny=128 P=32
Running method=dealer Nx=512 Ny=512 P=32
[ccc0398.campuscluster.illinois.edu:1536440] mca: base: component_find: searching NULL for ras components
[ccc0398.campuscluster.illinois.edu:1536440] mca: base: find_dyn_components: checking NULL for ras components
[ccc0398.campuscluster.illinois.edu:1536440] pmix:mca: base: components_register: registering framework ras components
[ccc0398.campuscluster.illinois.edu:1536440] pmix:mca: base: components_register: found loaded component simulator
[ccc0398.campuscluster.illinois.edu:1536440] pmix:mca: base: components_register: component simulator register function successful
[ccc0398.campuscluster.illinois.edu:1536440] pmix:mca: base: components_register: found loaded component testrm
[ccc0398.campuscluster.illinois.edu:1536440] pmix:mca: base: components_register: component testrm register function successful
[ccc0398.campuscluster.illinois.edu:1536440] pmix:mca: base: components_register: found loaded component pbs
[ccc0398.campuscluster.illinois.edu:1536440] pmix:mca: base: components_register: component pbs register function successful
[ccc0398.campuscluster.illinois.edu:1536440] pmix:mca: base: components_register: found loaded component slurm
[ccc0398.campuscluster.illinois.edu:1536440] pmix:mca: base: components_register: component slurm register function successful
[ccc0398.campuscluster.illinois.edu:1536440] mca: base: components_open: opening ras components
[ccc0398.campuscluster.illinois.edu:1536440] mca: base: components_open: found loaded component simulator
[ccc0398.campuscluster.illinois.edu:1536440] mca: base: components_open: found loaded component testrm
[ccc0398.campuscluster.illinois.edu:1536440] mca: base: components_open: found loaded component pbs
[ccc0398.campuscluster.illinois.edu:1536440] mca: base: components_open: component pbs open function successful
[ccc0398.campuscluster.illinois.edu:1536440] mca: base: components_open: found loaded component slurm
[ccc0398.campuscluster.illinois.edu:1536440] mca: base: components_open: component slurm open function successful
[ccc0398.campuscluster.illinois.edu:1536440] mca:base:select: Auto-selecting ras components
[ccc0398.campuscluster.illinois.edu:1536440] mca:base:select:(  ras) Querying component [simulator]
[ccc0398.campuscluster.illinois.edu:1536440] mca:base:select:(  ras) Querying component [testrm]
[ccc0398.campuscluster.illinois.edu:1536440] mca:base:select:(  ras) Querying component [pbs]
[ccc0398.campuscluster.illinois.edu:1536440] mca:base:select:(  ras) Querying component [slurm]
[ccc0398.campuscluster.illinois.edu:1536440] [prterun-ccc0398-1536440@0,0] ras:slurm: available for selection
[ccc0398.campuscluster.illinois.edu:1536440] mca:base:select:(  ras) Query of component [slurm] set priority to 50
[ccc0398.campuscluster.illinois.edu:1536440] mca:base:select:(  ras) Selected component [slurm]
[ccc0398.campuscluster.illinois.edu:1536440] mca: base: close: unloading component simulator
[ccc0398.campuscluster.illinois.edu:1536440] mca: base: close: unloading component testrm
[ccc0398.campuscluster.illinois.edu:1536440] mca: base: close: unloading component pbs
[ccc0398.campuscluster.illinois.edu:1536440] [prterun-ccc0398-1536440@0,0] ras:base:allocate
[ccc0398.campuscluster.illinois.edu:1536440] [prterun-ccc0398-1536440@0,0] ras:slurm:allocate:discover: checking nodelist: ccc0398
[ccc0398.campuscluster.illinois.edu:1536440] [prterun-ccc0398-1536440@0,0] ras:slurm:allocate:discover: found node ccc0398
[ccc0398.campuscluster.illinois.edu:1536440] [prterun-ccc0398-1536440@0,0] ras:slurm:allocate:discover: adding node ccc0398 (32 slots)
[ccc0398.campuscluster.illinois.edu:1536440] [prterun-ccc0398-1536440@0,0] ras:slurm:allocate: success
[ccc0398.campuscluster.illinois.edu:1536440] [prterun-ccc0398-1536440@0,0] ras:base:node_insert inserting 1 nodes
[ccc0398.campuscluster.illinois.edu:1536440] [prterun-ccc0398-1536440@0,0] ras:base:node_insert updating HNP [ccc0398] info to 32 slots
[ccc0398.campuscluster.illinois.edu:1536440] [prterun-ccc0398-1536440@0,0] ras:base:allocate
[ccc0398.campuscluster.illinois.edu:1536440] [prterun-ccc0398-1536440@0,0] ras:base:allocate allocation already read
Completed method=dealer Nx=512 Ny=512 P=32
Running method=dealer Nx=2048 Ny=2048 P=32
[ccc0398.campuscluster.illinois.edu:1536544] mca: base: component_find: searching NULL for ras components
[ccc0398.campuscluster.illinois.edu:1536544] mca: base: find_dyn_components: checking NULL for ras components
[ccc0398.campuscluster.illinois.edu:1536544] pmix:mca: base: components_register: registering framework ras components
[ccc0398.campuscluster.illinois.edu:1536544] pmix:mca: base: components_register: found loaded component simulator
[ccc0398.campuscluster.illinois.edu:1536544] pmix:mca: base: components_register: component simulator register function successful
[ccc0398.campuscluster.illinois.edu:1536544] pmix:mca: base: components_register: found loaded component testrm
[ccc0398.campuscluster.illinois.edu:1536544] pmix:mca: base: components_register: component testrm register function successful
[ccc0398.campuscluster.illinois.edu:1536544] pmix:mca: base: components_register: found loaded component pbs
[ccc0398.campuscluster.illinois.edu:1536544] pmix:mca: base: components_register: component pbs register function successful
[ccc0398.campuscluster.illinois.edu:1536544] pmix:mca: base: components_register: found loaded component slurm
[ccc0398.campuscluster.illinois.edu:1536544] pmix:mca: base: components_register: component slurm register function successful
[ccc0398.campuscluster.illinois.edu:1536544] mca: base: components_open: opening ras components
[ccc0398.campuscluster.illinois.edu:1536544] mca: base: components_open: found loaded component simulator
[ccc0398.campuscluster.illinois.edu:1536544] mca: base: components_open: found loaded component testrm
[ccc0398.campuscluster.illinois.edu:1536544] mca: base: components_open: found loaded component pbs
[ccc0398.campuscluster.illinois.edu:1536544] mca: base: components_open: component pbs open function successful
[ccc0398.campuscluster.illinois.edu:1536544] mca: base: components_open: found loaded component slurm
[ccc0398.campuscluster.illinois.edu:1536544] mca: base: components_open: component slurm open function successful
[ccc0398.campuscluster.illinois.edu:1536544] mca:base:select: Auto-selecting ras components
[ccc0398.campuscluster.illinois.edu:1536544] mca:base:select:(  ras) Querying component [simulator]
[ccc0398.campuscluster.illinois.edu:1536544] mca:base:select:(  ras) Querying component [testrm]
[ccc0398.campuscluster.illinois.edu:1536544] mca:base:select:(  ras) Querying component [pbs]
[ccc0398.campuscluster.illinois.edu:1536544] mca:base:select:(  ras) Querying component [slurm]
[ccc0398.campuscluster.illinois.edu:1536544] [prterun-ccc0398-1536544@0,0] ras:slurm: available for selection
[ccc0398.campuscluster.illinois.edu:1536544] mca:base:select:(  ras) Query of component [slurm] set priority to 50
[ccc0398.campuscluster.illinois.edu:1536544] mca:base:select:(  ras) Selected component [slurm]
[ccc0398.campuscluster.illinois.edu:1536544] mca: base: close: unloading component simulator
[ccc0398.campuscluster.illinois.edu:1536544] mca: base: close: unloading component testrm
[ccc0398.campuscluster.illinois.edu:1536544] mca: base: close: unloading component pbs
[ccc0398.campuscluster.illinois.edu:1536544] [prterun-ccc0398-1536544@0,0] ras:base:allocate
[ccc0398.campuscluster.illinois.edu:1536544] [prterun-ccc0398-1536544@0,0] ras:slurm:allocate:discover: checking nodelist: ccc0398
[ccc0398.campuscluster.illinois.edu:1536544] [prterun-ccc0398-1536544@0,0] ras:slurm:allocate:discover: found node ccc0398
[ccc0398.campuscluster.illinois.edu:1536544] [prterun-ccc0398-1536544@0,0] ras:slurm:allocate:discover: adding node ccc0398 (32 slots)
[ccc0398.campuscluster.illinois.edu:1536544] [prterun-ccc0398-1536544@0,0] ras:slurm:allocate: success
[ccc0398.campuscluster.illinois.edu:1536544] [prterun-ccc0398-1536544@0,0] ras:base:node_insert inserting 1 nodes
[ccc0398.campuscluster.illinois.edu:1536544] [prterun-ccc0398-1536544@0,0] ras:base:node_insert updating HNP [ccc0398] info to 32 slots
[ccc0398.campuscluster.illinois.edu:1536544] [prterun-ccc0398-1536544@0,0] ras:base:allocate
[ccc0398.campuscluster.illinois.edu:1536544] [prterun-ccc0398-1536544@0,0] ras:base:allocate allocation already read
Completed method=dealer Nx=2048 Ny=2048 P=32
Running method=dealer Nx=8192 Ny=8192 P=32
[ccc0398.campuscluster.illinois.edu:1536649] mca: base: component_find: searching NULL for ras components
[ccc0398.campuscluster.illinois.edu:1536649] mca: base: find_dyn_components: checking NULL for ras components
[ccc0398.campuscluster.illinois.edu:1536649] pmix:mca: base: components_register: registering framework ras components
[ccc0398.campuscluster.illinois.edu:1536649] pmix:mca: base: components_register: found loaded component simulator
[ccc0398.campuscluster.illinois.edu:1536649] pmix:mca: base: components_register: component simulator register function successful
[ccc0398.campuscluster.illinois.edu:1536649] pmix:mca: base: components_register: found loaded component testrm
[ccc0398.campuscluster.illinois.edu:1536649] pmix:mca: base: components_register: component testrm register function successful
[ccc0398.campuscluster.illinois.edu:1536649] pmix:mca: base: components_register: found loaded component pbs
[ccc0398.campuscluster.illinois.edu:1536649] pmix:mca: base: components_register: component pbs register function successful
[ccc0398.campuscluster.illinois.edu:1536649] pmix:mca: base: components_register: found loaded component slurm
[ccc0398.campuscluster.illinois.edu:1536649] pmix:mca: base: components_register: component slurm register function successful
[ccc0398.campuscluster.illinois.edu:1536649] mca: base: components_open: opening ras components
[ccc0398.campuscluster.illinois.edu:1536649] mca: base: components_open: found loaded component simulator
[ccc0398.campuscluster.illinois.edu:1536649] mca: base: components_open: found loaded component testrm
[ccc0398.campuscluster.illinois.edu:1536649] mca: base: components_open: found loaded component pbs
[ccc0398.campuscluster.illinois.edu:1536649] mca: base: components_open: component pbs open function successful
[ccc0398.campuscluster.illinois.edu:1536649] mca: base: components_open: found loaded component slurm
[ccc0398.campuscluster.illinois.edu:1536649] mca: base: components_open: component slurm open function successful
[ccc0398.campuscluster.illinois.edu:1536649] mca:base:select: Auto-selecting ras components
[ccc0398.campuscluster.illinois.edu:1536649] mca:base:select:(  ras) Querying component [simulator]
[ccc0398.campuscluster.illinois.edu:1536649] mca:base:select:(  ras) Querying component [testrm]
[ccc0398.campuscluster.illinois.edu:1536649] mca:base:select:(  ras) Querying component [pbs]
[ccc0398.campuscluster.illinois.edu:1536649] mca:base:select:(  ras) Querying component [slurm]
[ccc0398.campuscluster.illinois.edu:1536649] [prterun-ccc0398-1536649@0,0] ras:slurm: available for selection
[ccc0398.campuscluster.illinois.edu:1536649] mca:base:select:(  ras) Query of component [slurm] set priority to 50
[ccc0398.campuscluster.illinois.edu:1536649] mca:base:select:(  ras) Selected component [slurm]
[ccc0398.campuscluster.illinois.edu:1536649] mca: base: close: unloading component simulator
[ccc0398.campuscluster.illinois.edu:1536649] mca: base: close: unloading component testrm
[ccc0398.campuscluster.illinois.edu:1536649] mca: base: close: unloading component pbs
[ccc0398.campuscluster.illinois.edu:1536649] [prterun-ccc0398-1536649@0,0] ras:base:allocate
[ccc0398.campuscluster.illinois.edu:1536649] [prterun-ccc0398-1536649@0,0] ras:slurm:allocate:discover: checking nodelist: ccc0398
[ccc0398.campuscluster.illinois.edu:1536649] [prterun-ccc0398-1536649@0,0] ras:slurm:allocate:discover: found node ccc0398
[ccc0398.campuscluster.illinois.edu:1536649] [prterun-ccc0398-1536649@0,0] ras:slurm:allocate:discover: adding node ccc0398 (32 slots)
[ccc0398.campuscluster.illinois.edu:1536649] [prterun-ccc0398-1536649@0,0] ras:slurm:allocate: success
[ccc0398.campuscluster.illinois.edu:1536649] [prterun-ccc0398-1536649@0,0] ras:base:node_insert inserting 1 nodes
[ccc0398.campuscluster.illinois.edu:1536649] [prterun-ccc0398-1536649@0,0] ras:base:node_insert updating HNP [ccc0398] info to 32 slots
[ccc0398.campuscluster.illinois.edu:1536649] [prterun-ccc0398-1536649@0,0] ras:base:allocate
[ccc0398.campuscluster.illinois.edu:1536649] [prterun-ccc0398-1536649@0,0] ras:base:allocate allocation already read
Completed method=dealer Nx=8192 Ny=8192 P=32
Running method=crystal Nx=128 Ny=128 P=32
[ccc0398.campuscluster.illinois.edu:1537047] mca: base: component_find: searching NULL for ras components
[ccc0398.campuscluster.illinois.edu:1537047] mca: base: find_dyn_components: checking NULL for ras components
[ccc0398.campuscluster.illinois.edu:1537047] pmix:mca: base: components_register: registering framework ras components
[ccc0398.campuscluster.illinois.edu:1537047] pmix:mca: base: components_register: found loaded component simulator
[ccc0398.campuscluster.illinois.edu:1537047] pmix:mca: base: components_register: component simulator register function successful
[ccc0398.campuscluster.illinois.edu:1537047] pmix:mca: base: components_register: found loaded component testrm
[ccc0398.campuscluster.illinois.edu:1537047] pmix:mca: base: components_register: component testrm register function successful
[ccc0398.campuscluster.illinois.edu:1537047] pmix:mca: base: components_register: found loaded component pbs
[ccc0398.campuscluster.illinois.edu:1537047] pmix:mca: base: components_register: component pbs register function successful
[ccc0398.campuscluster.illinois.edu:1537047] pmix:mca: base: components_register: found loaded component slurm
[ccc0398.campuscluster.illinois.edu:1537047] pmix:mca: base: components_register: component slurm register function successful
[ccc0398.campuscluster.illinois.edu:1537047] mca: base: components_open: opening ras components
[ccc0398.campuscluster.illinois.edu:1537047] mca: base: components_open: found loaded component simulator
[ccc0398.campuscluster.illinois.edu:1537047] mca: base: components_open: found loaded component testrm
[ccc0398.campuscluster.illinois.edu:1537047] mca: base: components_open: found loaded component pbs
[ccc0398.campuscluster.illinois.edu:1537047] mca: base: components_open: component pbs open function successful
[ccc0398.campuscluster.illinois.edu:1537047] mca: base: components_open: found loaded component slurm
[ccc0398.campuscluster.illinois.edu:1537047] mca: base: components_open: component slurm open function successful
[ccc0398.campuscluster.illinois.edu:1537047] mca:base:select: Auto-selecting ras components
[ccc0398.campuscluster.illinois.edu:1537047] mca:base:select:(  ras) Querying component [simulator]
[ccc0398.campuscluster.illinois.edu:1537047] mca:base:select:(  ras) Querying component [testrm]
[ccc0398.campuscluster.illinois.edu:1537047] mca:base:select:(  ras) Querying component [pbs]
[ccc0398.campuscluster.illinois.edu:1537047] mca:base:select:(  ras) Querying component [slurm]
[ccc0398.campuscluster.illinois.edu:1537047] [prterun-ccc0398-1537047@0,0] ras:slurm: available for selection
[ccc0398.campuscluster.illinois.edu:1537047] mca:base:select:(  ras) Query of component [slurm] set priority to 50
[ccc0398.campuscluster.illinois.edu:1537047] mca:base:select:(  ras) Selected component [slurm]
[ccc0398.campuscluster.illinois.edu:1537047] mca: base: close: unloading component simulator
[ccc0398.campuscluster.illinois.edu:1537047] mca: base: close: unloading component testrm
[ccc0398.campuscluster.illinois.edu:1537047] mca: base: close: unloading component pbs
[ccc0398.campuscluster.illinois.edu:1537047] [prterun-ccc0398-1537047@0,0] ras:base:allocate
[ccc0398.campuscluster.illinois.edu:1537047] [prterun-ccc0398-1537047@0,0] ras:slurm:allocate:discover: checking nodelist: ccc0398
[ccc0398.campuscluster.illinois.edu:1537047] [prterun-ccc0398-1537047@0,0] ras:slurm:allocate:discover: found node ccc0398
[ccc0398.campuscluster.illinois.edu:1537047] [prterun-ccc0398-1537047@0,0] ras:slurm:allocate:discover: adding node ccc0398 (32 slots)
[ccc0398.campuscluster.illinois.edu:1537047] [prterun-ccc0398-1537047@0,0] ras:slurm:allocate: success
[ccc0398.campuscluster.illinois.edu:1537047] [prterun-ccc0398-1537047@0,0] ras:base:node_insert inserting 1 nodes
[ccc0398.campuscluster.illinois.edu:1537047] [prterun-ccc0398-1537047@0,0] ras:base:node_insert updating HNP [ccc0398] info to 32 slots
[ccc0398.campuscluster.illinois.edu:1537047] [prterun-ccc0398-1537047@0,0] ras:base:allocate
[ccc0398.campuscluster.illinois.edu:1537047] [prterun-ccc0398-1537047@0,0] ras:base:allocate allocation already read
Completed method=crystal Nx=128 Ny=128 P=32
Running method=crystal Nx=512 Ny=512 P=32
[ccc0398.campuscluster.illinois.edu:1537152] mca: base: component_find: searching NULL for ras components
[ccc0398.campuscluster.illinois.edu:1537152] mca: base: find_dyn_components: checking NULL for ras components
[ccc0398.campuscluster.illinois.edu:1537152] pmix:mca: base: components_register: registering framework ras components
[ccc0398.campuscluster.illinois.edu:1537152] pmix:mca: base: components_register: found loaded component simulator
[ccc0398.campuscluster.illinois.edu:1537152] pmix:mca: base: components_register: component simulator register function successful
[ccc0398.campuscluster.illinois.edu:1537152] pmix:mca: base: components_register: found loaded component testrm
[ccc0398.campuscluster.illinois.edu:1537152] pmix:mca: base: components_register: component testrm register function successful
[ccc0398.campuscluster.illinois.edu:1537152] pmix:mca: base: components_register: found loaded component pbs
[ccc0398.campuscluster.illinois.edu:1537152] pmix:mca: base: components_register: component pbs register function successful
[ccc0398.campuscluster.illinois.edu:1537152] pmix:mca: base: components_register: found loaded component slurm
[ccc0398.campuscluster.illinois.edu:1537152] pmix:mca: base: components_register: component slurm register function successful
[ccc0398.campuscluster.illinois.edu:1537152] mca: base: components_open: opening ras components
[ccc0398.campuscluster.illinois.edu:1537152] mca: base: components_open: found loaded component simulator
[ccc0398.campuscluster.illinois.edu:1537152] mca: base: components_open: found loaded component testrm
[ccc0398.campuscluster.illinois.edu:1537152] mca: base: components_open: found loaded component pbs
[ccc0398.campuscluster.illinois.edu:1537152] mca: base: components_open: component pbs open function successful
[ccc0398.campuscluster.illinois.edu:1537152] mca: base: components_open: found loaded component slurm
[ccc0398.campuscluster.illinois.edu:1537152] mca: base: components_open: component slurm open function successful
[ccc0398.campuscluster.illinois.edu:1537152] mca:base:select: Auto-selecting ras components
[ccc0398.campuscluster.illinois.edu:1537152] mca:base:select:(  ras) Querying component [simulator]
[ccc0398.campuscluster.illinois.edu:1537152] mca:base:select:(  ras) Querying component [testrm]
[ccc0398.campuscluster.illinois.edu:1537152] mca:base:select:(  ras) Querying component [pbs]
[ccc0398.campuscluster.illinois.edu:1537152] mca:base:select:(  ras) Querying component [slurm]
[ccc0398.campuscluster.illinois.edu:1537152] [prterun-ccc0398-1537152@0,0] ras:slurm: available for selection
[ccc0398.campuscluster.illinois.edu:1537152] mca:base:select:(  ras) Query of component [slurm] set priority to 50
[ccc0398.campuscluster.illinois.edu:1537152] mca:base:select:(  ras) Selected component [slurm]
[ccc0398.campuscluster.illinois.edu:1537152] mca: base: close: unloading component simulator
[ccc0398.campuscluster.illinois.edu:1537152] mca: base: close: unloading component testrm
[ccc0398.campuscluster.illinois.edu:1537152] mca: base: close: unloading component pbs
[ccc0398.campuscluster.illinois.edu:1537152] [prterun-ccc0398-1537152@0,0] ras:base:allocate
[ccc0398.campuscluster.illinois.edu:1537152] [prterun-ccc0398-1537152@0,0] ras:slurm:allocate:discover: checking nodelist: ccc0398
[ccc0398.campuscluster.illinois.edu:1537152] [prterun-ccc0398-1537152@0,0] ras:slurm:allocate:discover: found node ccc0398
[ccc0398.campuscluster.illinois.edu:1537152] [prterun-ccc0398-1537152@0,0] ras:slurm:allocate:discover: adding node ccc0398 (32 slots)
[ccc0398.campuscluster.illinois.edu:1537152] [prterun-ccc0398-1537152@0,0] ras:slurm:allocate: success
[ccc0398.campuscluster.illinois.edu:1537152] [prterun-ccc0398-1537152@0,0] ras:base:node_insert inserting 1 nodes
[ccc0398.campuscluster.illinois.edu:1537152] [prterun-ccc0398-1537152@0,0] ras:base:node_insert updating HNP [ccc0398] info to 32 slots
[ccc0398.campuscluster.illinois.edu:1537152] [prterun-ccc0398-1537152@0,0] ras:base:allocate
[ccc0398.campuscluster.illinois.edu:1537152] [prterun-ccc0398-1537152@0,0] ras:base:allocate allocation already read
Completed method=crystal Nx=512 Ny=512 P=32
Running method=crystal Nx=2048 Ny=2048 P=32
[ccc0398.campuscluster.illinois.edu:1537257] mca: base: component_find: searching NULL for ras components
[ccc0398.campuscluster.illinois.edu:1537257] mca: base: find_dyn_components: checking NULL for ras components
[ccc0398.campuscluster.illinois.edu:1537257] pmix:mca: base: components_register: registering framework ras components
[ccc0398.campuscluster.illinois.edu:1537257] pmix:mca: base: components_register: found loaded component simulator
[ccc0398.campuscluster.illinois.edu:1537257] pmix:mca: base: components_register: component simulator register function successful
[ccc0398.campuscluster.illinois.edu:1537257] pmix:mca: base: components_register: found loaded component testrm
[ccc0398.campuscluster.illinois.edu:1537257] pmix:mca: base: components_register: component testrm register function successful
[ccc0398.campuscluster.illinois.edu:1537257] pmix:mca: base: components_register: found loaded component pbs
[ccc0398.campuscluster.illinois.edu:1537257] pmix:mca: base: components_register: component pbs register function successful
[ccc0398.campuscluster.illinois.edu:1537257] pmix:mca: base: components_register: found loaded component slurm
[ccc0398.campuscluster.illinois.edu:1537257] pmix:mca: base: components_register: component slurm register function successful
[ccc0398.campuscluster.illinois.edu:1537257] mca: base: components_open: opening ras components
[ccc0398.campuscluster.illinois.edu:1537257] mca: base: components_open: found loaded component simulator
[ccc0398.campuscluster.illinois.edu:1537257] mca: base: components_open: found loaded component testrm
[ccc0398.campuscluster.illinois.edu:1537257] mca: base: components_open: found loaded component pbs
[ccc0398.campuscluster.illinois.edu:1537257] mca: base: components_open: component pbs open function successful
[ccc0398.campuscluster.illinois.edu:1537257] mca: base: components_open: found loaded component slurm
[ccc0398.campuscluster.illinois.edu:1537257] mca: base: components_open: component slurm open function successful
[ccc0398.campuscluster.illinois.edu:1537257] mca:base:select: Auto-selecting ras components
[ccc0398.campuscluster.illinois.edu:1537257] mca:base:select:(  ras) Querying component [simulator]
[ccc0398.campuscluster.illinois.edu:1537257] mca:base:select:(  ras) Querying component [testrm]
[ccc0398.campuscluster.illinois.edu:1537257] mca:base:select:(  ras) Querying component [pbs]
[ccc0398.campuscluster.illinois.edu:1537257] mca:base:select:(  ras) Querying component [slurm]
[ccc0398.campuscluster.illinois.edu:1537257] [prterun-ccc0398-1537257@0,0] ras:slurm: available for selection
[ccc0398.campuscluster.illinois.edu:1537257] mca:base:select:(  ras) Query of component [slurm] set priority to 50
[ccc0398.campuscluster.illinois.edu:1537257] mca:base:select:(  ras) Selected component [slurm]
[ccc0398.campuscluster.illinois.edu:1537257] mca: base: close: unloading component simulator
[ccc0398.campuscluster.illinois.edu:1537257] mca: base: close: unloading component testrm
[ccc0398.campuscluster.illinois.edu:1537257] mca: base: close: unloading component pbs
[ccc0398.campuscluster.illinois.edu:1537257] [prterun-ccc0398-1537257@0,0] ras:base:allocate
[ccc0398.campuscluster.illinois.edu:1537257] [prterun-ccc0398-1537257@0,0] ras:slurm:allocate:discover: checking nodelist: ccc0398
[ccc0398.campuscluster.illinois.edu:1537257] [prterun-ccc0398-1537257@0,0] ras:slurm:allocate:discover: found node ccc0398
[ccc0398.campuscluster.illinois.edu:1537257] [prterun-ccc0398-1537257@0,0] ras:slurm:allocate:discover: adding node ccc0398 (32 slots)
[ccc0398.campuscluster.illinois.edu:1537257] [prterun-ccc0398-1537257@0,0] ras:slurm:allocate: success
[ccc0398.campuscluster.illinois.edu:1537257] [prterun-ccc0398-1537257@0,0] ras:base:node_insert inserting 1 nodes
[ccc0398.campuscluster.illinois.edu:1537257] [prterun-ccc0398-1537257@0,0] ras:base:node_insert updating HNP [ccc0398] info to 32 slots
[ccc0398.campuscluster.illinois.edu:1537257] [prterun-ccc0398-1537257@0,0] ras:base:allocate
[ccc0398.campuscluster.illinois.edu:1537257] [prterun-ccc0398-1537257@0,0] ras:base:allocate allocation already read
Completed method=crystal Nx=2048 Ny=2048 P=32
Running method=crystal Nx=8192 Ny=8192 P=32
[ccc0398.campuscluster.illinois.edu:1537362] mca: base: component_find: searching NULL for ras components
[ccc0398.campuscluster.illinois.edu:1537362] mca: base: find_dyn_components: checking NULL for ras components
[ccc0398.campuscluster.illinois.edu:1537362] pmix:mca: base: components_register: registering framework ras components
[ccc0398.campuscluster.illinois.edu:1537362] pmix:mca: base: components_register: found loaded component simulator
[ccc0398.campuscluster.illinois.edu:1537362] pmix:mca: base: components_register: component simulator register function successful
[ccc0398.campuscluster.illinois.edu:1537362] pmix:mca: base: components_register: found loaded component testrm
[ccc0398.campuscluster.illinois.edu:1537362] pmix:mca: base: components_register: component testrm register function successful
[ccc0398.campuscluster.illinois.edu:1537362] pmix:mca: base: components_register: found loaded component pbs
[ccc0398.campuscluster.illinois.edu:1537362] pmix:mca: base: components_register: component pbs register function successful
[ccc0398.campuscluster.illinois.edu:1537362] pmix:mca: base: components_register: found loaded component slurm
[ccc0398.campuscluster.illinois.edu:1537362] pmix:mca: base: components_register: component slurm register function successful
[ccc0398.campuscluster.illinois.edu:1537362] mca: base: components_open: opening ras components
[ccc0398.campuscluster.illinois.edu:1537362] mca: base: components_open: found loaded component simulator
[ccc0398.campuscluster.illinois.edu:1537362] mca: base: components_open: found loaded component testrm
[ccc0398.campuscluster.illinois.edu:1537362] mca: base: components_open: found loaded component pbs
[ccc0398.campuscluster.illinois.edu:1537362] mca: base: components_open: component pbs open function successful
[ccc0398.campuscluster.illinois.edu:1537362] mca: base: components_open: found loaded component slurm
[ccc0398.campuscluster.illinois.edu:1537362] mca: base: components_open: component slurm open function successful
[ccc0398.campuscluster.illinois.edu:1537362] mca:base:select: Auto-selecting ras components
[ccc0398.campuscluster.illinois.edu:1537362] mca:base:select:(  ras) Querying component [simulator]
[ccc0398.campuscluster.illinois.edu:1537362] mca:base:select:(  ras) Querying component [testrm]
[ccc0398.campuscluster.illinois.edu:1537362] mca:base:select:(  ras) Querying component [pbs]
[ccc0398.campuscluster.illinois.edu:1537362] mca:base:select:(  ras) Querying component [slurm]
[ccc0398.campuscluster.illinois.edu:1537362] [prterun-ccc0398-1537362@0,0] ras:slurm: available for selection
[ccc0398.campuscluster.illinois.edu:1537362] mca:base:select:(  ras) Query of component [slurm] set priority to 50
[ccc0398.campuscluster.illinois.edu:1537362] mca:base:select:(  ras) Selected component [slurm]
[ccc0398.campuscluster.illinois.edu:1537362] mca: base: close: unloading component simulator
[ccc0398.campuscluster.illinois.edu:1537362] mca: base: close: unloading component testrm
[ccc0398.campuscluster.illinois.edu:1537362] mca: base: close: unloading component pbs
[ccc0398.campuscluster.illinois.edu:1537362] [prterun-ccc0398-1537362@0,0] ras:base:allocate
[ccc0398.campuscluster.illinois.edu:1537362] [prterun-ccc0398-1537362@0,0] ras:slurm:allocate:discover: checking nodelist: ccc0398
[ccc0398.campuscluster.illinois.edu:1537362] [prterun-ccc0398-1537362@0,0] ras:slurm:allocate:discover: found node ccc0398
[ccc0398.campuscluster.illinois.edu:1537362] [prterun-ccc0398-1537362@0,0] ras:slurm:allocate:discover: adding node ccc0398 (32 slots)
[ccc0398.campuscluster.illinois.edu:1537362] [prterun-ccc0398-1537362@0,0] ras:slurm:allocate: success
[ccc0398.campuscluster.illinois.edu:1537362] [prterun-ccc0398-1537362@0,0] ras:base:node_insert inserting 1 nodes
[ccc0398.campuscluster.illinois.edu:1537362] [prterun-ccc0398-1537362@0,0] ras:base:node_insert updating HNP [ccc0398] info to 32 slots
[ccc0398.campuscluster.illinois.edu:1537362] [prterun-ccc0398-1537362@0,0] ras:base:allocate
[ccc0398.campuscluster.illinois.edu:1537362] [prterun-ccc0398-1537362@0,0] ras:base:allocate allocation already read
Completed method=crystal Nx=8192 Ny=8192 P=32
