Running Poisson sweep with P=16
Running method=dealer Nx=32 Ny=32 P=16
[ccc0398.campuscluster.illinois.edu:1530605] mca: base: component_find: searching NULL for ras components
[ccc0398.campuscluster.illinois.edu:1530605] mca: base: find_dyn_components: checking NULL for ras components
[ccc0398.campuscluster.illinois.edu:1530605] pmix:mca: base: components_register: registering framework ras components
[ccc0398.campuscluster.illinois.edu:1530605] pmix:mca: base: components_register: found loaded component simulator
[ccc0398.campuscluster.illinois.edu:1530605] pmix:mca: base: components_register: component simulator register function successful
[ccc0398.campuscluster.illinois.edu:1530605] pmix:mca: base: components_register: found loaded component testrm
[ccc0398.campuscluster.illinois.edu:1530605] pmix:mca: base: components_register: component testrm register function successful
[ccc0398.campuscluster.illinois.edu:1530605] pmix:mca: base: components_register: found loaded component pbs
[ccc0398.campuscluster.illinois.edu:1530605] pmix:mca: base: components_register: component pbs register function successful
[ccc0398.campuscluster.illinois.edu:1530605] pmix:mca: base: components_register: found loaded component slurm
[ccc0398.campuscluster.illinois.edu:1530605] pmix:mca: base: components_register: component slurm register function successful
[ccc0398.campuscluster.illinois.edu:1530605] mca: base: components_open: opening ras components
[ccc0398.campuscluster.illinois.edu:1530605] mca: base: components_open: found loaded component simulator
[ccc0398.campuscluster.illinois.edu:1530605] mca: base: components_open: found loaded component testrm
[ccc0398.campuscluster.illinois.edu:1530605] mca: base: components_open: found loaded component pbs
[ccc0398.campuscluster.illinois.edu:1530605] mca: base: components_open: component pbs open function successful
[ccc0398.campuscluster.illinois.edu:1530605] mca: base: components_open: found loaded component slurm
[ccc0398.campuscluster.illinois.edu:1530605] mca: base: components_open: component slurm open function successful
[ccc0398.campuscluster.illinois.edu:1530605] mca:base:select: Auto-selecting ras components
[ccc0398.campuscluster.illinois.edu:1530605] mca:base:select:(  ras) Querying component [simulator]
[ccc0398.campuscluster.illinois.edu:1530605] mca:base:select:(  ras) Querying component [testrm]
[ccc0398.campuscluster.illinois.edu:1530605] mca:base:select:(  ras) Querying component [pbs]
[ccc0398.campuscluster.illinois.edu:1530605] mca:base:select:(  ras) Querying component [slurm]
[ccc0398.campuscluster.illinois.edu:1530605] [prterun-ccc0398-1530605@0,0] ras:slurm: available for selection
[ccc0398.campuscluster.illinois.edu:1530605] mca:base:select:(  ras) Query of component [slurm] set priority to 50
[ccc0398.campuscluster.illinois.edu:1530605] mca:base:select:(  ras) Selected component [slurm]
[ccc0398.campuscluster.illinois.edu:1530605] mca: base: close: unloading component simulator
[ccc0398.campuscluster.illinois.edu:1530605] mca: base: close: unloading component testrm
[ccc0398.campuscluster.illinois.edu:1530605] mca: base: close: unloading component pbs
[ccc0398.campuscluster.illinois.edu:1530605] [prterun-ccc0398-1530605@0,0] ras:base:allocate
[ccc0398.campuscluster.illinois.edu:1530605] [prterun-ccc0398-1530605@0,0] ras:slurm:allocate:discover: checking nodelist: ccc0398
[ccc0398.campuscluster.illinois.edu:1530605] [prterun-ccc0398-1530605@0,0] ras:slurm:allocate:discover: found node ccc0398
[ccc0398.campuscluster.illinois.edu:1530605] [prterun-ccc0398-1530605@0,0] ras:slurm:allocate:discover: adding node ccc0398 (16 slots)
[ccc0398.campuscluster.illinois.edu:1530605] [prterun-ccc0398-1530605@0,0] ras:slurm:allocate: success
[ccc0398.campuscluster.illinois.edu:1530605] [prterun-ccc0398-1530605@0,0] ras:base:node_insert inserting 1 nodes
[ccc0398.campuscluster.illinois.edu:1530605] [prterun-ccc0398-1530605@0,0] ras:base:node_insert updating HNP [ccc0398] info to 16 slots
[ccc0398.campuscluster.illinois.edu:1530605] [prterun-ccc0398-1530605@0,0] ras:base:allocate
[ccc0398.campuscluster.illinois.edu:1530605] [prterun-ccc0398-1530605@0,0] ras:base:allocate allocation already read
Completed method=dealer Nx=32 Ny=32 P=16
Running method=dealer Nx=128 Ny=128 P=16
[ccc0398.campuscluster.illinois.edu:1530867] mca: base: component_find: searching NULL for ras components
[ccc0398.campuscluster.illinois.edu:1530867] mca: base: find_dyn_components: checking NULL for ras components
[ccc0398.campuscluster.illinois.edu:1530867] pmix:mca: base: components_register: registering framework ras components
[ccc0398.campuscluster.illinois.edu:1530867] pmix:mca: base: components_register: found loaded component simulator
[ccc0398.campuscluster.illinois.edu:1530867] pmix:mca: base: components_register: component simulator register function successful
[ccc0398.campuscluster.illinois.edu:1530867] pmix:mca: base: components_register: found loaded component testrm
[ccc0398.campuscluster.illinois.edu:1530867] pmix:mca: base: components_register: component testrm register function successful
[ccc0398.campuscluster.illinois.edu:1530867] pmix:mca: base: components_register: found loaded component pbs
[ccc0398.campuscluster.illinois.edu:1530867] pmix:mca: base: components_register: component pbs register function successful
[ccc0398.campuscluster.illinois.edu:1530867] pmix:mca: base: components_register: found loaded component slurm
[ccc0398.campuscluster.illinois.edu:1530867] pmix:mca: base: components_register: component slurm register function successful
[ccc0398.campuscluster.illinois.edu:1530867] mca: base: components_open: opening ras components
[ccc0398.campuscluster.illinois.edu:1530867] mca: base: components_open: found loaded component simulator
[ccc0398.campuscluster.illinois.edu:1530867] mca: base: components_open: found loaded component testrm
[ccc0398.campuscluster.illinois.edu:1530867] mca: base: components_open: found loaded component pbs
[ccc0398.campuscluster.illinois.edu:1530867] mca: base: components_open: component pbs open function successful
[ccc0398.campuscluster.illinois.edu:1530867] mca: base: components_open: found loaded component slurm
[ccc0398.campuscluster.illinois.edu:1530867] mca: base: components_open: component slurm open function successful
[ccc0398.campuscluster.illinois.edu:1530867] mca:base:select: Auto-selecting ras components
[ccc0398.campuscluster.illinois.edu:1530867] mca:base:select:(  ras) Querying component [simulator]
[ccc0398.campuscluster.illinois.edu:1530867] mca:base:select:(  ras) Querying component [testrm]
[ccc0398.campuscluster.illinois.edu:1530867] mca:base:select:(  ras) Querying component [pbs]
[ccc0398.campuscluster.illinois.edu:1530867] mca:base:select:(  ras) Querying component [slurm]
[ccc0398.campuscluster.illinois.edu:1530867] [prterun-ccc0398-1530867@0,0] ras:slurm: available for selection
[ccc0398.campuscluster.illinois.edu:1530867] mca:base:select:(  ras) Query of component [slurm] set priority to 50
[ccc0398.campuscluster.illinois.edu:1530867] mca:base:select:(  ras) Selected component [slurm]
[ccc0398.campuscluster.illinois.edu:1530867] mca: base: close: unloading component simulator
[ccc0398.campuscluster.illinois.edu:1530867] mca: base: close: unloading component testrm
[ccc0398.campuscluster.illinois.edu:1530867] mca: base: close: unloading component pbs
[ccc0398.campuscluster.illinois.edu:1530867] [prterun-ccc0398-1530867@0,0] ras:base:allocate
[ccc0398.campuscluster.illinois.edu:1530867] [prterun-ccc0398-1530867@0,0] ras:slurm:allocate:discover: checking nodelist: ccc0398
[ccc0398.campuscluster.illinois.edu:1530867] [prterun-ccc0398-1530867@0,0] ras:slurm:allocate:discover: found node ccc0398
[ccc0398.campuscluster.illinois.edu:1530867] [prterun-ccc0398-1530867@0,0] ras:slurm:allocate:discover: adding node ccc0398 (16 slots)
[ccc0398.campuscluster.illinois.edu:1530867] [prterun-ccc0398-1530867@0,0] ras:slurm:allocate: success
[ccc0398.campuscluster.illinois.edu:1530867] [prterun-ccc0398-1530867@0,0] ras:base:node_insert inserting 1 nodes
[ccc0398.campuscluster.illinois.edu:1530867] [prterun-ccc0398-1530867@0,0] ras:base:node_insert updating HNP [ccc0398] info to 16 slots
[ccc0398.campuscluster.illinois.edu:1530867] [prterun-ccc0398-1530867@0,0] ras:base:allocate
[ccc0398.campuscluster.illinois.edu:1530867] [prterun-ccc0398-1530867@0,0] ras:base:allocate allocation already read
Completed method=dealer Nx=128 Ny=128 P=16
Running method=dealer Nx=512 Ny=512 P=16
[ccc0398.campuscluster.illinois.edu:1530996] mca: base: component_find: searching NULL for ras components
[ccc0398.campuscluster.illinois.edu:1530996] mca: base: find_dyn_components: checking NULL for ras components
[ccc0398.campuscluster.illinois.edu:1530996] pmix:mca: base: components_register: registering framework ras components
[ccc0398.campuscluster.illinois.edu:1530996] pmix:mca: base: components_register: found loaded component simulator
[ccc0398.campuscluster.illinois.edu:1530996] pmix:mca: base: components_register: component simulator register function successful
[ccc0398.campuscluster.illinois.edu:1530996] pmix:mca: base: components_register: found loaded component testrm
[ccc0398.campuscluster.illinois.edu:1530996] pmix:mca: base: components_register: component testrm register function successful
[ccc0398.campuscluster.illinois.edu:1530996] pmix:mca: base: components_register: found loaded component pbs
[ccc0398.campuscluster.illinois.edu:1530996] pmix:mca: base: components_register: component pbs register function successful
[ccc0398.campuscluster.illinois.edu:1530996] pmix:mca: base: components_register: found loaded component slurm
[ccc0398.campuscluster.illinois.edu:1530996] pmix:mca: base: components_register: component slurm register function successful
[ccc0398.campuscluster.illinois.edu:1530996] mca: base: components_open: opening ras components
[ccc0398.campuscluster.illinois.edu:1530996] mca: base: components_open: found loaded component simulator
[ccc0398.campuscluster.illinois.edu:1530996] mca: base: components_open: found loaded component testrm
[ccc0398.campuscluster.illinois.edu:1530996] mca: base: components_open: found loaded component pbs
[ccc0398.campuscluster.illinois.edu:1530996] mca: base: components_open: component pbs open function successful
[ccc0398.campuscluster.illinois.edu:1530996] mca: base: components_open: found loaded component slurm
[ccc0398.campuscluster.illinois.edu:1530996] mca: base: components_open: component slurm open function successful
[ccc0398.campuscluster.illinois.edu:1530996] mca:base:select: Auto-selecting ras components
[ccc0398.campuscluster.illinois.edu:1530996] mca:base:select:(  ras) Querying component [simulator]
[ccc0398.campuscluster.illinois.edu:1530996] mca:base:select:(  ras) Querying component [testrm]
[ccc0398.campuscluster.illinois.edu:1530996] mca:base:select:(  ras) Querying component [pbs]
[ccc0398.campuscluster.illinois.edu:1530996] mca:base:select:(  ras) Querying component [slurm]
[ccc0398.campuscluster.illinois.edu:1530996] [prterun-ccc0398-1530996@0,0] ras:slurm: available for selection
[ccc0398.campuscluster.illinois.edu:1530996] mca:base:select:(  ras) Query of component [slurm] set priority to 50
[ccc0398.campuscluster.illinois.edu:1530996] mca:base:select:(  ras) Selected component [slurm]
[ccc0398.campuscluster.illinois.edu:1530996] mca: base: close: unloading component simulator
[ccc0398.campuscluster.illinois.edu:1530996] mca: base: close: unloading component testrm
[ccc0398.campuscluster.illinois.edu:1530996] mca: base: close: unloading component pbs
[ccc0398.campuscluster.illinois.edu:1530996] [prterun-ccc0398-1530996@0,0] ras:base:allocate
[ccc0398.campuscluster.illinois.edu:1530996] [prterun-ccc0398-1530996@0,0] ras:slurm:allocate:discover: checking nodelist: ccc0398
[ccc0398.campuscluster.illinois.edu:1530996] [prterun-ccc0398-1530996@0,0] ras:slurm:allocate:discover: found node ccc0398
[ccc0398.campuscluster.illinois.edu:1530996] [prterun-ccc0398-1530996@0,0] ras:slurm:allocate:discover: adding node ccc0398 (16 slots)
[ccc0398.campuscluster.illinois.edu:1530996] [prterun-ccc0398-1530996@0,0] ras:slurm:allocate: success
[ccc0398.campuscluster.illinois.edu:1530996] [prterun-ccc0398-1530996@0,0] ras:base:node_insert inserting 1 nodes
[ccc0398.campuscluster.illinois.edu:1530996] [prterun-ccc0398-1530996@0,0] ras:base:node_insert updating HNP [ccc0398] info to 16 slots
[ccc0398.campuscluster.illinois.edu:1530996] [prterun-ccc0398-1530996@0,0] ras:base:allocate
[ccc0398.campuscluster.illinois.edu:1530996] [prterun-ccc0398-1530996@0,0] ras:base:allocate allocation already read
Completed method=dealer Nx=512 Ny=512 P=16
Running method=dealer Nx=2048 Ny=2048 P=16
[ccc0398.campuscluster.illinois.edu:1531102] mca: base: component_find: searching NULL for ras components
[ccc0398.campuscluster.illinois.edu:1531102] mca: base: find_dyn_components: checking NULL for ras components
[ccc0398.campuscluster.illinois.edu:1531102] pmix:mca: base: components_register: registering framework ras components
[ccc0398.campuscluster.illinois.edu:1531102] pmix:mca: base: components_register: found loaded component simulator
[ccc0398.campuscluster.illinois.edu:1531102] pmix:mca: base: components_register: component simulator register function successful
[ccc0398.campuscluster.illinois.edu:1531102] pmix:mca: base: components_register: found loaded component testrm
[ccc0398.campuscluster.illinois.edu:1531102] pmix:mca: base: components_register: component testrm register function successful
[ccc0398.campuscluster.illinois.edu:1531102] pmix:mca: base: components_register: found loaded component pbs
[ccc0398.campuscluster.illinois.edu:1531102] pmix:mca: base: components_register: component pbs register function successful
[ccc0398.campuscluster.illinois.edu:1531102] pmix:mca: base: components_register: found loaded component slurm
[ccc0398.campuscluster.illinois.edu:1531102] pmix:mca: base: components_register: component slurm register function successful
[ccc0398.campuscluster.illinois.edu:1531102] mca: base: components_open: opening ras components
[ccc0398.campuscluster.illinois.edu:1531102] mca: base: components_open: found loaded component simulator
[ccc0398.campuscluster.illinois.edu:1531102] mca: base: components_open: found loaded component testrm
[ccc0398.campuscluster.illinois.edu:1531102] mca: base: components_open: found loaded component pbs
[ccc0398.campuscluster.illinois.edu:1531102] mca: base: components_open: component pbs open function successful
[ccc0398.campuscluster.illinois.edu:1531102] mca: base: components_open: found loaded component slurm
[ccc0398.campuscluster.illinois.edu:1531102] mca: base: components_open: component slurm open function successful
[ccc0398.campuscluster.illinois.edu:1531102] mca:base:select: Auto-selecting ras components
[ccc0398.campuscluster.illinois.edu:1531102] mca:base:select:(  ras) Querying component [simulator]
[ccc0398.campuscluster.illinois.edu:1531102] mca:base:select:(  ras) Querying component [testrm]
[ccc0398.campuscluster.illinois.edu:1531102] mca:base:select:(  ras) Querying component [pbs]
[ccc0398.campuscluster.illinois.edu:1531102] mca:base:select:(  ras) Querying component [slurm]
[ccc0398.campuscluster.illinois.edu:1531102] [prterun-ccc0398-1531102@0,0] ras:slurm: available for selection
[ccc0398.campuscluster.illinois.edu:1531102] mca:base:select:(  ras) Query of component [slurm] set priority to 50
[ccc0398.campuscluster.illinois.edu:1531102] mca:base:select:(  ras) Selected component [slurm]
[ccc0398.campuscluster.illinois.edu:1531102] mca: base: close: unloading component simulator
[ccc0398.campuscluster.illinois.edu:1531102] mca: base: close: unloading component testrm
[ccc0398.campuscluster.illinois.edu:1531102] mca: base: close: unloading component pbs
[ccc0398.campuscluster.illinois.edu:1531102] [prterun-ccc0398-1531102@0,0] ras:base:allocate
[ccc0398.campuscluster.illinois.edu:1531102] [prterun-ccc0398-1531102@0,0] ras:slurm:allocate:discover: checking nodelist: ccc0398
[ccc0398.campuscluster.illinois.edu:1531102] [prterun-ccc0398-1531102@0,0] ras:slurm:allocate:discover: found node ccc0398
[ccc0398.campuscluster.illinois.edu:1531102] [prterun-ccc0398-1531102@0,0] ras:slurm:allocate:discover: adding node ccc0398 (16 slots)
[ccc0398.campuscluster.illinois.edu:1531102] [prterun-ccc0398-1531102@0,0] ras:slurm:allocate: success
[ccc0398.campuscluster.illinois.edu:1531102] [prterun-ccc0398-1531102@0,0] ras:base:node_insert inserting 1 nodes
[ccc0398.campuscluster.illinois.edu:1531102] [prterun-ccc0398-1531102@0,0] ras:base:node_insert updating HNP [ccc0398] info to 16 slots
[ccc0398.campuscluster.illinois.edu:1531102] [prterun-ccc0398-1531102@0,0] ras:base:allocate
[ccc0398.campuscluster.illinois.edu:1531102] [prterun-ccc0398-1531102@0,0] ras:base:allocate allocation already read
Completed method=dealer Nx=2048 Ny=2048 P=16
Running method=dealer Nx=8192 Ny=8192 P=16
[ccc0398.campuscluster.illinois.edu:1531161] mca: base: component_find: searching NULL for ras components
[ccc0398.campuscluster.illinois.edu:1531161] mca: base: find_dyn_components: checking NULL for ras components
[ccc0398.campuscluster.illinois.edu:1531161] pmix:mca: base: components_register: registering framework ras components
[ccc0398.campuscluster.illinois.edu:1531161] pmix:mca: base: components_register: found loaded component simulator
[ccc0398.campuscluster.illinois.edu:1531161] pmix:mca: base: components_register: component simulator register function successful
[ccc0398.campuscluster.illinois.edu:1531161] pmix:mca: base: components_register: found loaded component testrm
[ccc0398.campuscluster.illinois.edu:1531161] pmix:mca: base: components_register: component testrm register function successful
[ccc0398.campuscluster.illinois.edu:1531161] pmix:mca: base: components_register: found loaded component pbs
[ccc0398.campuscluster.illinois.edu:1531161] pmix:mca: base: components_register: component pbs register function successful
[ccc0398.campuscluster.illinois.edu:1531161] pmix:mca: base: components_register: found loaded component slurm
[ccc0398.campuscluster.illinois.edu:1531161] pmix:mca: base: components_register: component slurm register function successful
[ccc0398.campuscluster.illinois.edu:1531161] mca: base: components_open: opening ras components
[ccc0398.campuscluster.illinois.edu:1531161] mca: base: components_open: found loaded component simulator
[ccc0398.campuscluster.illinois.edu:1531161] mca: base: components_open: found loaded component testrm
[ccc0398.campuscluster.illinois.edu:1531161] mca: base: components_open: found loaded component pbs
[ccc0398.campuscluster.illinois.edu:1531161] mca: base: components_open: component pbs open function successful
[ccc0398.campuscluster.illinois.edu:1531161] mca: base: components_open: found loaded component slurm
[ccc0398.campuscluster.illinois.edu:1531161] mca: base: components_open: component slurm open function successful
[ccc0398.campuscluster.illinois.edu:1531161] mca:base:select: Auto-selecting ras components
[ccc0398.campuscluster.illinois.edu:1531161] mca:base:select:(  ras) Querying component [simulator]
[ccc0398.campuscluster.illinois.edu:1531161] mca:base:select:(  ras) Querying component [testrm]
[ccc0398.campuscluster.illinois.edu:1531161] mca:base:select:(  ras) Querying component [pbs]
[ccc0398.campuscluster.illinois.edu:1531161] mca:base:select:(  ras) Querying component [slurm]
[ccc0398.campuscluster.illinois.edu:1531161] [prterun-ccc0398-1531161@0,0] ras:slurm: available for selection
[ccc0398.campuscluster.illinois.edu:1531161] mca:base:select:(  ras) Query of component [slurm] set priority to 50
[ccc0398.campuscluster.illinois.edu:1531161] mca:base:select:(  ras) Selected component [slurm]
[ccc0398.campuscluster.illinois.edu:1531161] mca: base: close: unloading component simulator
[ccc0398.campuscluster.illinois.edu:1531161] mca: base: close: unloading component testrm
[ccc0398.campuscluster.illinois.edu:1531161] mca: base: close: unloading component pbs
[ccc0398.campuscluster.illinois.edu:1531161] [prterun-ccc0398-1531161@0,0] ras:base:allocate
[ccc0398.campuscluster.illinois.edu:1531161] [prterun-ccc0398-1531161@0,0] ras:slurm:allocate:discover: checking nodelist: ccc0398
[ccc0398.campuscluster.illinois.edu:1531161] [prterun-ccc0398-1531161@0,0] ras:slurm:allocate:discover: found node ccc0398
[ccc0398.campuscluster.illinois.edu:1531161] [prterun-ccc0398-1531161@0,0] ras:slurm:allocate:discover: adding node ccc0398 (16 slots)
[ccc0398.campuscluster.illinois.edu:1531161] [prterun-ccc0398-1531161@0,0] ras:slurm:allocate: success
[ccc0398.campuscluster.illinois.edu:1531161] [prterun-ccc0398-1531161@0,0] ras:base:node_insert inserting 1 nodes
[ccc0398.campuscluster.illinois.edu:1531161] [prterun-ccc0398-1531161@0,0] ras:base:node_insert updating HNP [ccc0398] info to 16 slots
[ccc0398.campuscluster.illinois.edu:1531161] [prterun-ccc0398-1531161@0,0] ras:base:allocate
[ccc0398.campuscluster.illinois.edu:1531161] [prterun-ccc0398-1531161@0,0] ras:base:allocate allocation already read
Completed method=dealer Nx=8192 Ny=8192 P=16
Running method=crystal Nx=32 Ny=32 P=16
[ccc0398.campuscluster.illinois.edu:1531644] mca: base: component_find: searching NULL for ras components
[ccc0398.campuscluster.illinois.edu:1531644] mca: base: find_dyn_components: checking NULL for ras components
[ccc0398.campuscluster.illinois.edu:1531644] pmix:mca: base: components_register: registering framework ras components
[ccc0398.campuscluster.illinois.edu:1531644] pmix:mca: base: components_register: found loaded component simulator
[ccc0398.campuscluster.illinois.edu:1531644] pmix:mca: base: components_register: component simulator register function successful
[ccc0398.campuscluster.illinois.edu:1531644] pmix:mca: base: components_register: found loaded component testrm
[ccc0398.campuscluster.illinois.edu:1531644] pmix:mca: base: components_register: component testrm register function successful
[ccc0398.campuscluster.illinois.edu:1531644] pmix:mca: base: components_register: found loaded component pbs
[ccc0398.campuscluster.illinois.edu:1531644] pmix:mca: base: components_register: component pbs register function successful
[ccc0398.campuscluster.illinois.edu:1531644] pmix:mca: base: components_register: found loaded component slurm
[ccc0398.campuscluster.illinois.edu:1531644] pmix:mca: base: components_register: component slurm register function successful
[ccc0398.campuscluster.illinois.edu:1531644] mca: base: components_open: opening ras components
[ccc0398.campuscluster.illinois.edu:1531644] mca: base: components_open: found loaded component simulator
[ccc0398.campuscluster.illinois.edu:1531644] mca: base: components_open: found loaded component testrm
[ccc0398.campuscluster.illinois.edu:1531644] mca: base: components_open: found loaded component pbs
[ccc0398.campuscluster.illinois.edu:1531644] mca: base: components_open: component pbs open function successful
[ccc0398.campuscluster.illinois.edu:1531644] mca: base: components_open: found loaded component slurm
[ccc0398.campuscluster.illinois.edu:1531644] mca: base: components_open: component slurm open function successful
[ccc0398.campuscluster.illinois.edu:1531644] mca:base:select: Auto-selecting ras components
[ccc0398.campuscluster.illinois.edu:1531644] mca:base:select:(  ras) Querying component [simulator]
[ccc0398.campuscluster.illinois.edu:1531644] mca:base:select:(  ras) Querying component [testrm]
[ccc0398.campuscluster.illinois.edu:1531644] mca:base:select:(  ras) Querying component [pbs]
[ccc0398.campuscluster.illinois.edu:1531644] mca:base:select:(  ras) Querying component [slurm]
[ccc0398.campuscluster.illinois.edu:1531644] [prterun-ccc0398-1531644@0,0] ras:slurm: available for selection
[ccc0398.campuscluster.illinois.edu:1531644] mca:base:select:(  ras) Query of component [slurm] set priority to 50
[ccc0398.campuscluster.illinois.edu:1531644] mca:base:select:(  ras) Selected component [slurm]
[ccc0398.campuscluster.illinois.edu:1531644] mca: base: close: unloading component simulator
[ccc0398.campuscluster.illinois.edu:1531644] mca: base: close: unloading component testrm
[ccc0398.campuscluster.illinois.edu:1531644] mca: base: close: unloading component pbs
[ccc0398.campuscluster.illinois.edu:1531644] [prterun-ccc0398-1531644@0,0] ras:base:allocate
[ccc0398.campuscluster.illinois.edu:1531644] [prterun-ccc0398-1531644@0,0] ras:slurm:allocate:discover: checking nodelist: ccc0398
[ccc0398.campuscluster.illinois.edu:1531644] [prterun-ccc0398-1531644@0,0] ras:slurm:allocate:discover: found node ccc0398
[ccc0398.campuscluster.illinois.edu:1531644] [prterun-ccc0398-1531644@0,0] ras:slurm:allocate:discover: adding node ccc0398 (16 slots)
[ccc0398.campuscluster.illinois.edu:1531644] [prterun-ccc0398-1531644@0,0] ras:slurm:allocate: success
[ccc0398.campuscluster.illinois.edu:1531644] [prterun-ccc0398-1531644@0,0] ras:base:node_insert inserting 1 nodes
[ccc0398.campuscluster.illinois.edu:1531644] [prterun-ccc0398-1531644@0,0] ras:base:node_insert updating HNP [ccc0398] info to 16 slots
[ccc0398.campuscluster.illinois.edu:1531644] [prterun-ccc0398-1531644@0,0] ras:base:allocate
[ccc0398.campuscluster.illinois.edu:1531644] [prterun-ccc0398-1531644@0,0] ras:base:allocate allocation already read
Completed method=crystal Nx=32 Ny=32 P=16
Running method=crystal Nx=128 Ny=128 P=16
[ccc0398.campuscluster.illinois.edu:1531719] mca: base: component_find: searching NULL for ras components
[ccc0398.campuscluster.illinois.edu:1531719] mca: base: find_dyn_components: checking NULL for ras components
[ccc0398.campuscluster.illinois.edu:1531719] pmix:mca: base: components_register: registering framework ras components
[ccc0398.campuscluster.illinois.edu:1531719] pmix:mca: base: components_register: found loaded component simulator
[ccc0398.campuscluster.illinois.edu:1531719] pmix:mca: base: components_register: component simulator register function successful
[ccc0398.campuscluster.illinois.edu:1531719] pmix:mca: base: components_register: found loaded component testrm
[ccc0398.campuscluster.illinois.edu:1531719] pmix:mca: base: components_register: component testrm register function successful
[ccc0398.campuscluster.illinois.edu:1531719] pmix:mca: base: components_register: found loaded component pbs
[ccc0398.campuscluster.illinois.edu:1531719] pmix:mca: base: components_register: component pbs register function successful
[ccc0398.campuscluster.illinois.edu:1531719] pmix:mca: base: components_register: found loaded component slurm
[ccc0398.campuscluster.illinois.edu:1531719] pmix:mca: base: components_register: component slurm register function successful
[ccc0398.campuscluster.illinois.edu:1531719] mca: base: components_open: opening ras components
[ccc0398.campuscluster.illinois.edu:1531719] mca: base: components_open: found loaded component simulator
[ccc0398.campuscluster.illinois.edu:1531719] mca: base: components_open: found loaded component testrm
[ccc0398.campuscluster.illinois.edu:1531719] mca: base: components_open: found loaded component pbs
[ccc0398.campuscluster.illinois.edu:1531719] mca: base: components_open: component pbs open function successful
[ccc0398.campuscluster.illinois.edu:1531719] mca: base: components_open: found loaded component slurm
[ccc0398.campuscluster.illinois.edu:1531719] mca: base: components_open: component slurm open function successful
[ccc0398.campuscluster.illinois.edu:1531719] mca:base:select: Auto-selecting ras components
[ccc0398.campuscluster.illinois.edu:1531719] mca:base:select:(  ras) Querying component [simulator]
[ccc0398.campuscluster.illinois.edu:1531719] mca:base:select:(  ras) Querying component [testrm]
[ccc0398.campuscluster.illinois.edu:1531719] mca:base:select:(  ras) Querying component [pbs]
[ccc0398.campuscluster.illinois.edu:1531719] mca:base:select:(  ras) Querying component [slurm]
[ccc0398.campuscluster.illinois.edu:1531719] [prterun-ccc0398-1531719@0,0] ras:slurm: available for selection
[ccc0398.campuscluster.illinois.edu:1531719] mca:base:select:(  ras) Query of component [slurm] set priority to 50
[ccc0398.campuscluster.illinois.edu:1531719] mca:base:select:(  ras) Selected component [slurm]
[ccc0398.campuscluster.illinois.edu:1531719] mca: base: close: unloading component simulator
[ccc0398.campuscluster.illinois.edu:1531719] mca: base: close: unloading component testrm
[ccc0398.campuscluster.illinois.edu:1531719] mca: base: close: unloading component pbs
[ccc0398.campuscluster.illinois.edu:1531719] [prterun-ccc0398-1531719@0,0] ras:base:allocate
[ccc0398.campuscluster.illinois.edu:1531719] [prterun-ccc0398-1531719@0,0] ras:slurm:allocate:discover: checking nodelist: ccc0398
[ccc0398.campuscluster.illinois.edu:1531719] [prterun-ccc0398-1531719@0,0] ras:slurm:allocate:discover: found node ccc0398
[ccc0398.campuscluster.illinois.edu:1531719] [prterun-ccc0398-1531719@0,0] ras:slurm:allocate:discover: adding node ccc0398 (16 slots)
[ccc0398.campuscluster.illinois.edu:1531719] [prterun-ccc0398-1531719@0,0] ras:slurm:allocate: success
[ccc0398.campuscluster.illinois.edu:1531719] [prterun-ccc0398-1531719@0,0] ras:base:node_insert inserting 1 nodes
[ccc0398.campuscluster.illinois.edu:1531719] [prterun-ccc0398-1531719@0,0] ras:base:node_insert updating HNP [ccc0398] info to 16 slots
[ccc0398.campuscluster.illinois.edu:1531719] [prterun-ccc0398-1531719@0,0] ras:base:allocate
[ccc0398.campuscluster.illinois.edu:1531719] [prterun-ccc0398-1531719@0,0] ras:base:allocate allocation already read
Completed method=crystal Nx=128 Ny=128 P=16
Running method=crystal Nx=512 Ny=512 P=16
[ccc0398.campuscluster.illinois.edu:1531777] mca: base: component_find: searching NULL for ras components
[ccc0398.campuscluster.illinois.edu:1531777] mca: base: find_dyn_components: checking NULL for ras components
[ccc0398.campuscluster.illinois.edu:1531777] pmix:mca: base: components_register: registering framework ras components
[ccc0398.campuscluster.illinois.edu:1531777] pmix:mca: base: components_register: found loaded component simulator
[ccc0398.campuscluster.illinois.edu:1531777] pmix:mca: base: components_register: component simulator register function successful
[ccc0398.campuscluster.illinois.edu:1531777] pmix:mca: base: components_register: found loaded component testrm
[ccc0398.campuscluster.illinois.edu:1531777] pmix:mca: base: components_register: component testrm register function successful
[ccc0398.campuscluster.illinois.edu:1531777] pmix:mca: base: components_register: found loaded component pbs
[ccc0398.campuscluster.illinois.edu:1531777] pmix:mca: base: components_register: component pbs register function successful
[ccc0398.campuscluster.illinois.edu:1531777] pmix:mca: base: components_register: found loaded component slurm
[ccc0398.campuscluster.illinois.edu:1531777] pmix:mca: base: components_register: component slurm register function successful
[ccc0398.campuscluster.illinois.edu:1531777] mca: base: components_open: opening ras components
[ccc0398.campuscluster.illinois.edu:1531777] mca: base: components_open: found loaded component simulator
[ccc0398.campuscluster.illinois.edu:1531777] mca: base: components_open: found loaded component testrm
[ccc0398.campuscluster.illinois.edu:1531777] mca: base: components_open: found loaded component pbs
[ccc0398.campuscluster.illinois.edu:1531777] mca: base: components_open: component pbs open function successful
[ccc0398.campuscluster.illinois.edu:1531777] mca: base: components_open: found loaded component slurm
[ccc0398.campuscluster.illinois.edu:1531777] mca: base: components_open: component slurm open function successful
[ccc0398.campuscluster.illinois.edu:1531777] mca:base:select: Auto-selecting ras components
[ccc0398.campuscluster.illinois.edu:1531777] mca:base:select:(  ras) Querying component [simulator]
[ccc0398.campuscluster.illinois.edu:1531777] mca:base:select:(  ras) Querying component [testrm]
[ccc0398.campuscluster.illinois.edu:1531777] mca:base:select:(  ras) Querying component [pbs]
[ccc0398.campuscluster.illinois.edu:1531777] mca:base:select:(  ras) Querying component [slurm]
[ccc0398.campuscluster.illinois.edu:1531777] [prterun-ccc0398-1531777@0,0] ras:slurm: available for selection
[ccc0398.campuscluster.illinois.edu:1531777] mca:base:select:(  ras) Query of component [slurm] set priority to 50
[ccc0398.campuscluster.illinois.edu:1531777] mca:base:select:(  ras) Selected component [slurm]
[ccc0398.campuscluster.illinois.edu:1531777] mca: base: close: unloading component simulator
[ccc0398.campuscluster.illinois.edu:1531777] mca: base: close: unloading component testrm
[ccc0398.campuscluster.illinois.edu:1531777] mca: base: close: unloading component pbs
[ccc0398.campuscluster.illinois.edu:1531777] [prterun-ccc0398-1531777@0,0] ras:base:allocate
[ccc0398.campuscluster.illinois.edu:1531777] [prterun-ccc0398-1531777@0,0] ras:slurm:allocate:discover: checking nodelist: ccc0398
[ccc0398.campuscluster.illinois.edu:1531777] [prterun-ccc0398-1531777@0,0] ras:slurm:allocate:discover: found node ccc0398
[ccc0398.campuscluster.illinois.edu:1531777] [prterun-ccc0398-1531777@0,0] ras:slurm:allocate:discover: adding node ccc0398 (16 slots)
[ccc0398.campuscluster.illinois.edu:1531777] [prterun-ccc0398-1531777@0,0] ras:slurm:allocate: success
[ccc0398.campuscluster.illinois.edu:1531777] [prterun-ccc0398-1531777@0,0] ras:base:node_insert inserting 1 nodes
[ccc0398.campuscluster.illinois.edu:1531777] [prterun-ccc0398-1531777@0,0] ras:base:node_insert updating HNP [ccc0398] info to 16 slots
[ccc0398.campuscluster.illinois.edu:1531777] [prterun-ccc0398-1531777@0,0] ras:base:allocate
[ccc0398.campuscluster.illinois.edu:1531777] [prterun-ccc0398-1531777@0,0] ras:base:allocate allocation already read
Completed method=crystal Nx=512 Ny=512 P=16
Running method=crystal Nx=2048 Ny=2048 P=16
[ccc0398.campuscluster.illinois.edu:1531838] mca: base: component_find: searching NULL for ras components
[ccc0398.campuscluster.illinois.edu:1531838] mca: base: find_dyn_components: checking NULL for ras components
[ccc0398.campuscluster.illinois.edu:1531838] pmix:mca: base: components_register: registering framework ras components
[ccc0398.campuscluster.illinois.edu:1531838] pmix:mca: base: components_register: found loaded component simulator
[ccc0398.campuscluster.illinois.edu:1531838] pmix:mca: base: components_register: component simulator register function successful
[ccc0398.campuscluster.illinois.edu:1531838] pmix:mca: base: components_register: found loaded component testrm
[ccc0398.campuscluster.illinois.edu:1531838] pmix:mca: base: components_register: component testrm register function successful
[ccc0398.campuscluster.illinois.edu:1531838] pmix:mca: base: components_register: found loaded component pbs
[ccc0398.campuscluster.illinois.edu:1531838] pmix:mca: base: components_register: component pbs register function successful
[ccc0398.campuscluster.illinois.edu:1531838] pmix:mca: base: components_register: found loaded component slurm
[ccc0398.campuscluster.illinois.edu:1531838] pmix:mca: base: components_register: component slurm register function successful
[ccc0398.campuscluster.illinois.edu:1531838] mca: base: components_open: opening ras components
[ccc0398.campuscluster.illinois.edu:1531838] mca: base: components_open: found loaded component simulator
[ccc0398.campuscluster.illinois.edu:1531838] mca: base: components_open: found loaded component testrm
[ccc0398.campuscluster.illinois.edu:1531838] mca: base: components_open: found loaded component pbs
[ccc0398.campuscluster.illinois.edu:1531838] mca: base: components_open: component pbs open function successful
[ccc0398.campuscluster.illinois.edu:1531838] mca: base: components_open: found loaded component slurm
[ccc0398.campuscluster.illinois.edu:1531838] mca: base: components_open: component slurm open function successful
[ccc0398.campuscluster.illinois.edu:1531838] mca:base:select: Auto-selecting ras components
[ccc0398.campuscluster.illinois.edu:1531838] mca:base:select:(  ras) Querying component [simulator]
[ccc0398.campuscluster.illinois.edu:1531838] mca:base:select:(  ras) Querying component [testrm]
[ccc0398.campuscluster.illinois.edu:1531838] mca:base:select:(  ras) Querying component [pbs]
[ccc0398.campuscluster.illinois.edu:1531838] mca:base:select:(  ras) Querying component [slurm]
[ccc0398.campuscluster.illinois.edu:1531838] [prterun-ccc0398-1531838@0,0] ras:slurm: available for selection
[ccc0398.campuscluster.illinois.edu:1531838] mca:base:select:(  ras) Query of component [slurm] set priority to 50
[ccc0398.campuscluster.illinois.edu:1531838] mca:base:select:(  ras) Selected component [slurm]
[ccc0398.campuscluster.illinois.edu:1531838] mca: base: close: unloading component simulator
[ccc0398.campuscluster.illinois.edu:1531838] mca: base: close: unloading component testrm
[ccc0398.campuscluster.illinois.edu:1531838] mca: base: close: unloading component pbs
[ccc0398.campuscluster.illinois.edu:1531838] [prterun-ccc0398-1531838@0,0] ras:base:allocate
[ccc0398.campuscluster.illinois.edu:1531838] [prterun-ccc0398-1531838@0,0] ras:slurm:allocate:discover: checking nodelist: ccc0398
[ccc0398.campuscluster.illinois.edu:1531838] [prterun-ccc0398-1531838@0,0] ras:slurm:allocate:discover: found node ccc0398
[ccc0398.campuscluster.illinois.edu:1531838] [prterun-ccc0398-1531838@0,0] ras:slurm:allocate:discover: adding node ccc0398 (16 slots)
[ccc0398.campuscluster.illinois.edu:1531838] [prterun-ccc0398-1531838@0,0] ras:slurm:allocate: success
[ccc0398.campuscluster.illinois.edu:1531838] [prterun-ccc0398-1531838@0,0] ras:base:node_insert inserting 1 nodes
[ccc0398.campuscluster.illinois.edu:1531838] [prterun-ccc0398-1531838@0,0] ras:base:node_insert updating HNP [ccc0398] info to 16 slots
[ccc0398.campuscluster.illinois.edu:1531838] [prterun-ccc0398-1531838@0,0] ras:base:allocate
[ccc0398.campuscluster.illinois.edu:1531838] [prterun-ccc0398-1531838@0,0] ras:base:allocate allocation already read
Completed method=crystal Nx=2048 Ny=2048 P=16
Running method=crystal Nx=8192 Ny=8192 P=16
[ccc0398.campuscluster.illinois.edu:1531890] mca: base: component_find: searching NULL for ras components
[ccc0398.campuscluster.illinois.edu:1531890] mca: base: find_dyn_components: checking NULL for ras components
[ccc0398.campuscluster.illinois.edu:1531890] pmix:mca: base: components_register: registering framework ras components
[ccc0398.campuscluster.illinois.edu:1531890] pmix:mca: base: components_register: found loaded component simulator
[ccc0398.campuscluster.illinois.edu:1531890] pmix:mca: base: components_register: component simulator register function successful
[ccc0398.campuscluster.illinois.edu:1531890] pmix:mca: base: components_register: found loaded component testrm
[ccc0398.campuscluster.illinois.edu:1531890] pmix:mca: base: components_register: component testrm register function successful
[ccc0398.campuscluster.illinois.edu:1531890] pmix:mca: base: components_register: found loaded component pbs
[ccc0398.campuscluster.illinois.edu:1531890] pmix:mca: base: components_register: component pbs register function successful
[ccc0398.campuscluster.illinois.edu:1531890] pmix:mca: base: components_register: found loaded component slurm
[ccc0398.campuscluster.illinois.edu:1531890] pmix:mca: base: components_register: component slurm register function successful
[ccc0398.campuscluster.illinois.edu:1531890] mca: base: components_open: opening ras components
[ccc0398.campuscluster.illinois.edu:1531890] mca: base: components_open: found loaded component simulator
[ccc0398.campuscluster.illinois.edu:1531890] mca: base: components_open: found loaded component testrm
[ccc0398.campuscluster.illinois.edu:1531890] mca: base: components_open: found loaded component pbs
[ccc0398.campuscluster.illinois.edu:1531890] mca: base: components_open: component pbs open function successful
[ccc0398.campuscluster.illinois.edu:1531890] mca: base: components_open: found loaded component slurm
[ccc0398.campuscluster.illinois.edu:1531890] mca: base: components_open: component slurm open function successful
[ccc0398.campuscluster.illinois.edu:1531890] mca:base:select: Auto-selecting ras components
[ccc0398.campuscluster.illinois.edu:1531890] mca:base:select:(  ras) Querying component [simulator]
[ccc0398.campuscluster.illinois.edu:1531890] mca:base:select:(  ras) Querying component [testrm]
[ccc0398.campuscluster.illinois.edu:1531890] mca:base:select:(  ras) Querying component [pbs]
[ccc0398.campuscluster.illinois.edu:1531890] mca:base:select:(  ras) Querying component [slurm]
[ccc0398.campuscluster.illinois.edu:1531890] [prterun-ccc0398-1531890@0,0] ras:slurm: available for selection
[ccc0398.campuscluster.illinois.edu:1531890] mca:base:select:(  ras) Query of component [slurm] set priority to 50
[ccc0398.campuscluster.illinois.edu:1531890] mca:base:select:(  ras) Selected component [slurm]
[ccc0398.campuscluster.illinois.edu:1531890] mca: base: close: unloading component simulator
[ccc0398.campuscluster.illinois.edu:1531890] mca: base: close: unloading component testrm
[ccc0398.campuscluster.illinois.edu:1531890] mca: base: close: unloading component pbs
[ccc0398.campuscluster.illinois.edu:1531890] [prterun-ccc0398-1531890@0,0] ras:base:allocate
[ccc0398.campuscluster.illinois.edu:1531890] [prterun-ccc0398-1531890@0,0] ras:slurm:allocate:discover: checking nodelist: ccc0398
[ccc0398.campuscluster.illinois.edu:1531890] [prterun-ccc0398-1531890@0,0] ras:slurm:allocate:discover: found node ccc0398
[ccc0398.campuscluster.illinois.edu:1531890] [prterun-ccc0398-1531890@0,0] ras:slurm:allocate:discover: adding node ccc0398 (16 slots)
[ccc0398.campuscluster.illinois.edu:1531890] [prterun-ccc0398-1531890@0,0] ras:slurm:allocate: success
[ccc0398.campuscluster.illinois.edu:1531890] [prterun-ccc0398-1531890@0,0] ras:base:node_insert inserting 1 nodes
[ccc0398.campuscluster.illinois.edu:1531890] [prterun-ccc0398-1531890@0,0] ras:base:node_insert updating HNP [ccc0398] info to 16 slots
[ccc0398.campuscluster.illinois.edu:1531890] [prterun-ccc0398-1531890@0,0] ras:base:allocate
[ccc0398.campuscluster.illinois.edu:1531890] [prterun-ccc0398-1531890@0,0] ras:base:allocate allocation already read
Completed method=crystal Nx=8192 Ny=8192 P=16
